[Moise] OrgBoard mining_org created.
[Moise] scheme created: mining: mine_resources using artifact SchemeBoard
[Moise] group created: blue: mining_team using artifact ora4mas.nopl.GroupBoard
[Moise] group created: red: mining_team using artifact ora4mas.nopl.GroupBoard
[Cartago] Workspace mining created.
[Cartago] artifact m1view: mining.MiningPlanetB(4,0) at mining created.
[Cartago] artifact m2view: mining.MiningPlanetB(4,1) at mining created.
[Cartago] artifact backpack: mining.BackpackArtifact(3) at mining created.
[Cartago] artifact m4view: mining.MiningPlanetB(4,3) at mining created.
[Cartago] artifact clock: mining.ClockArtifact(180) at mining created.
[Cartago] artifact m3view: mining.MiningPlanetB(4,2) at mining created.
[Cartago] artifact lantern: mining.LanternArtifact(2) at mining created.
[Cartago] artifact radio: mining.RadioArtifact(25) at mining created.
[miner4] join workspace /main/mining: done
[leader] join workspace /main/mining: done
[miner1] join workspace /main/mining: done
[leader] focusing on artifact clock (at workspace /main/mining) using namespace default
[miner4] join workspace /main/mining_org: done
[miner2] join workspace /main/mining: done
[miner1] join workspace /main/mining_org: done
[leader] focus on clock: done
[miner3] join workspace /main/mining: done
[miner4] focusing on artifact m4view (at workspace /main/mining) using namespace default
[miner1] focusing on artifact m1view (at workspace /main/mining) using namespace default
[miner2] join workspace /main/mining_org: done
[miner3] join workspace /main/mining_org: done
[leader] Time left: 180 seconds
[miner2] focusing on artifact m2view (at workspace /main/mining) using namespace default
[miner3] focusing on artifact m3view (at workspace /main/mining) using namespace default
[miner4] focus on m4view: done
[miner1] focus on m1view: done
[miner4] focusing on artifact radio (at workspace /main/mining) using namespace default
[miner2] focus on m2view: done
[miner1] focusing on artifact radio (at workspace /main/mining) using namespace default
[miner2] focusing on artifact radio (at workspace /main/mining) using namespace default
[miner4] focus on radio: done
[miner1] focus on radio: done
[miner1] focusing on artifact lantern (at workspace /main/mining) using namespace default
[miner2] focus on radio: done
[miner4] focusing on artifact backpack (at workspace /main/mining) using namespace default
[miner2] focusing on artifact backpack (at workspace /main/mining) using namespace default
[miner1] focus on lantern: done
[miner4] focus on backpack: done
[miner2] focus on backpack: done
[miner1] focusing on artifact blue (at workspace /main/mining_org) using namespace default
[miner4] focusing on artifact red (at workspace /main/mining_org) using namespace default
[miner2] focusing on artifact blue (at workspace /main/mining_org) using namespace default
[miner4] focus on red: done
[miner2] focus on blue: done
[miner1] focus on blue: done
[miner2] focusing on artifact mining_org (at workspace /main/mining_org) using namespace default
[miner1] focusing on artifact mining_org (at workspace /main/mining_org) using namespace default
[miner4] focusing on artifact mining_org (at workspace /main/mining_org) using namespace default
[miner1] focus on mining_org: done
[miner4] focus on mining_org: done
[miner2] focus on mining_org: done
[miner1] I chose to go near 24 23 Coordinates
[miner4] I chose to go near 23 4 Coordinates
[miner2] I chose to go near 15 1 Coordinates
[miner2] Leader says time left is 180 seconds
[miner2] Moise role perceived: retriever in blue
[miner2] Organisation setup: blue retriever
[miner1] Leader says time left is 180 seconds
[miner4] Leader says time left is 180 seconds
[miner1] Lantern acquired. Vision radius: 2
[miner3] focus on m3view: done
[miner2] Backpack acquired. Capacity: 3
[miner3] focusing on artifact radio (at workspace /main/mining) using namespace default
[miner4] Moise role perceived: retriever in red
[miner1] Moise role perceived: explorer in blue
[miner4] Organisation setup: red retriever
[miner1] Organisation setup: blue explorer
[miner4] Backpack acquired. Capacity: 3
[miner3] focus on radio: done
[miner3] focusing on artifact lantern (at workspace /main/mining) using namespace default
[miner3] focus on lantern: done
[miner3] focusing on artifact red (at workspace /main/mining_org) using namespace default
[miner3] focus on red: done
[miner3] focusing on artifact mining_org (at workspace /main/mining_org) using namespace default
[miner3] focus on mining_org: done
[miner3] I chose to go near 26 5 Coordinates
[miner3] Leader says time left is 180 seconds
[miner3] Lantern acquired. Vision radius: 2
[miner3] Moise role perceived: explorer in red
[miner3] Organisation setup: red explorer
[leader] Time left: 179 seconds
[miner1] Leader says time left is 179 seconds
[miner4] Leader says time left is 179 seconds
[miner3] Leader says time left is 179 seconds
[miner2] Leader says time left is 179 seconds
[miner2] Leader says time left is 178 seconds
[leader] Time left: 178 seconds
[miner3] Leader says time left is 178 seconds
[miner4] Leader says time left is 178 seconds
[miner1] Leader says time left is 178 seconds
[miner4] I am at (23,3) which is near (23,4)
[miner2] I am at (14,0) which is near (15,1)
[miner4] I chose to go near 13 3 Coordinates
[miner2] I chose to go near 2 19 Coordinates
[leader] Time left: 177 seconds
[miner3] Leader says time left is 177 seconds
[miner4] Leader says time left is 177 seconds
[miner1] Leader says time left is 177 seconds
[miner2] Leader says time left is 177 seconds
[miner4] I am at (14,3) which is near (13,3)
[miner4] I chose to go near 15 31 Coordinates
[miner3] Radio received from miner 1: ore(iron,10,8,2)
[miner4] Ore perceived: ore(iron,10,8,2)
[miner2] Ore perceived: ore(iron,10,8,2)
[miner1] Scout report: ore(iron,10,8,2)
[miner2] Dropping near(_,_) desires and intentions to handle ore(iron,10,8,2)
[miner4] Dropping near(_,_) desires and intentions to handle ore(iron,10,8,2)
[miner2] Going for ore(iron,10,8,2)
[miner4] Going for ore(iron,10,8,2)
[miner2] Radio received from miner 1: ore(iron,10,8,2)
[miner4] Radio received from miner 1: ore(iron,10,8,2)
[miner2] Handling ore(iron,10,8,2) now.
[miner4] Handling ore(iron,10,8,2) now.
[leader] Time left: 176 seconds
[miner1] Leader says time left is 176 seconds
[miner2] Leader says time left is 176 seconds
[miner4] Leader says time left is 176 seconds
[miner3] Leader says time left is 176 seconds
[miner3] I am at (26,4) which is near (26,5)
[miner3] I chose to go near 3 4 Coordinates
[leader] Time left: 175 seconds
[miner1] Leader says time left is 175 seconds
[miner3] Leader says time left is 175 seconds
[miner2] Leader says time left is 175 seconds
[miner4] Leader says time left is 175 seconds
[miner2] I've reached 10x8
[miner2] Stored ore(iron,10,8,2) in backpack.
[miner2] No known ore left, returning to depot with 1 ores.
[leader] Time left: 174 seconds
[miner2] Leader says time left is 174 seconds
[miner4] Leader says time left is 174 seconds
[miner1] Leader says time left is 174 seconds
[miner3] Leader says time left is 174 seconds
[miner4] I've reached 10x8
[miner2] Radio received from miner 1: ore(gold,20,13,3)
[miner3] Radio received from miner 1: ore(gold,20,13,3)
[miner4] Radio received from miner 1: ore(gold,20,13,3)
[WorldModelB] Agent 4 is trying the pick ore, but there is no ore at 10x8!
[miner4] failed to catch ore ore(iron,10,8,2)
[miner4] Ore distances: [d(15,ore(gold,20,13,3))]1
[miner4] Next ore is ore(gold,20,13,3)
[miner4] Handling ore(gold,20,13,3) now.
[miner1] Scout report: ore(gold,20,13,3)
[leader] Time left: 173 seconds
[miner2] Leader says time left is 173 seconds
[miner1] Leader says time left is 173 seconds
[miner4] Leader says time left is 173 seconds
[miner3] Leader says time left is 173 seconds
[leader] Time left: 172 seconds
[miner2] Leader says time left is 172 seconds
[miner3] Leader says time left is 172 seconds
[miner4] Leader says time left is 172 seconds
[miner1] Leader says time left is 172 seconds
[miner3] Radio received from miner 1: ore(gold,19,20,3)
[miner1] Scout report: ore(gold,19,20,3)
[miner4] Radio received from miner 1: ore(gold,19,20,3)
[miner2] Giving up current ore ore(iron,10,8,2) to handle ore(gold,19,20,3) which I am seeing!
[miner3] Radio received from miner 1: ore(gold,20,20,3)
[miner1] Scout report: ore(gold,20,20,3)
[miner4] Radio received from miner 1: ore(gold,20,20,3)
[miner2] Going for ore(gold,19,20,3)
[miner2] Radio received from miner 1: ore(gold,19,20,3)
[miner2] Radio received from miner 1: ore(gold,20,20,3)
[miner2] Handling ore(gold,19,20,3) now.
[miner4] Radio received from miner 1: ore(gold,19,21,3)
[miner1] Scout report: ore(gold,19,21,3)
[miner2] Radio received from miner 1: ore(gold,19,21,3)
[miner1] Scout report: ore(gold,20,21,3)
[miner4] Radio received from miner 1: ore(gold,20,21,3)
[miner2] Radio received from miner 1: ore(gold,20,21,3)
[miner3] Scout report: ore(gold,3,5,3)
[miner2] Radio received from miner 3: ore(gold,3,5,3)
[miner4] Radio received from miner 3: ore(gold,3,5,3)
[leader] Time left: 171 seconds
[miner2] Leader says time left is 171 seconds
[miner3] Leader says time left is 171 seconds
[miner4] Leader says time left is 171 seconds
[miner1] Leader says time left is 171 seconds
[miner2] Radio received from miner 1: ore(gold,20,22,3)
[miner4] Radio received from miner 1: ore(gold,20,22,3)
[miner1] Scout report: ore(gold,20,22,3)
[miner3] I am at (4,4) which is near (3,4)
[miner3] I chose to go near 3 1 Coordinates
[miner4] Radio received from miner 1: ore(gold,20,23,3)
[miner1] Scout report: ore(gold,20,23,3)
[miner2] Radio received from miner 1: ore(gold,20,23,3)
[miner2] Giving up current ore ore(gold,19,20,3) to handle ore(gold,15,20,3) which I am seeing!
[miner2] Going for ore(gold,15,20,3)
[miner2] Handling ore(gold,15,20,3) now.
[miner1] Radio received from miner 2: ore(gold,15,20,3)
[miner4] Radio received from miner 2: ore(gold,15,20,3)
[miner2] I've reached 15x20
[miner4] I've reached 20x13
[miner3] I am at (3,2) which is near (3,1)
[miner3] I chose to go near 9 17 Coordinates
[miner2] Stored ore(gold,15,20,3) in backpack.
[miner2] Ore distances: [d(8,ore(gold,20,23,3)),d(7,ore(gold,20,22,3)),d(27,ore(gold,3,5,3)),d(6,ore(gold,20,21,3)),d(5,ore(gold,19,21,3)),d(5,ore(gold,20,20,3)),d(4,ore(gold,19,20,3)),d(12,ore(gold,20,13,3))]8
[miner2] Next ore is ore(gold,19,20,3)
[miner2] Handling ore(gold,19,20,3) now.
[miner1] I am at (24,22) which is near (24,23)
[miner1] Scout report: ore(gold,24,24,3)
[miner1] I chose to go near 12 13 Coordinates
[miner4] Radio received from miner 1: ore(gold,24,24,3)
[miner2] Radio received from miner 1: ore(gold,24,24,3)
[miner4] Stored ore(gold,20,13,3) in backpack.
[miner4] Ore distances: [d(15,ore(gold,24,24,3)),d(12,ore(gold,15,20,3)),d(10,ore(gold,20,23,3)),d(9,ore(gold,20,22,3)),d(25,ore(gold,3,5,3)),d(8,ore(gold,20,21,3)),d(9,ore(gold,19,21,3)),d(7,ore(gold,20,20,3)),d(8,ore(gold,19,20,3))]9
[miner4] Next ore is ore(gold,20,20,3)
[miner4] Handling ore(gold,20,20,3) now.
[leader] Time left: 170 seconds
[miner2] Leader says time left is 170 seconds
[miner3] Leader says time left is 170 seconds
[miner1] Leader says time left is 170 seconds
[miner4] Leader says time left is 170 seconds
[miner4] Radio received from miner 1: ore(gold,20,24,3)
[miner1] Scout report: ore(gold,20,24,3)
[miner2] Radio received from miner 1: ore(gold,20,24,3)
[miner2] I've reached 19x20
[miner2] Stored ore(gold,19,20,3) in backpack.
[miner2] Backpack is full: 3/3
[miner3] Scout report: ore(gold,7,7,3)
[leader] Time left: 169 seconds
[miner4] Leader says time left is 169 seconds
[miner3] Leader says time left is 169 seconds
[miner2] Leader says time left is 169 seconds
[miner1] Leader says time left is 169 seconds
[miner3] Scout report: ore(coal,3,9,1)
[miner4] I've reached 20x20
[miner4] Stored ore(gold,20,20,3) in backpack.
[miner4] Ore distances: [d(4,ore(gold,20,24,3)),d(8,ore(gold,24,24,3)),d(5,ore(gold,15,20,3)),d(3,ore(gold,20,23,3)),d(2,ore(gold,20,22,3)),d(32,ore(gold,3,5,3)),d(1,ore(gold,20,21,3)),d(2,ore(gold,19,21,3)),d(1,ore(gold,19,20,3))]9
[miner4] Next ore is ore(gold,19,20,3)
[miner4] Handling ore(gold,19,20,3) now.
[miner4] I've reached 19x20
[WorldModelB] Agent 4 is trying the pick ore, but there is no ore at 19x20!
[miner4] failed to catch ore ore(gold,19,20,3)
[miner4] Ore distances: [d(5,ore(gold,20,24,3)),d(9,ore(gold,24,24,3)),d(4,ore(gold,15,20,3)),d(4,ore(gold,20,23,3)),d(3,ore(gold,20,22,3)),d(31,ore(gold,3,5,3)),d(2,ore(gold,20,21,3)),d(1,ore(gold,19,21,3))]8
[miner4] Next ore is ore(gold,19,21,3)
[miner4] Handling ore(gold,19,21,3) now.
[leader] Time left: 168 seconds
[miner4] Leader says time left is 168 seconds
[miner1] Leader says time left is 168 seconds
[miner2] Leader says time left is 168 seconds
[miner3] Leader says time left is 168 seconds
[miner4] I've reached 19x21
[miner4] Stored ore(gold,19,21,3) in backpack.
[miner4] Backpack is full: 3/3
[leader] Time left: 167 seconds
[miner4] Leader says time left is 167 seconds
[miner3] Leader says time left is 167 seconds
[miner1] Leader says time left is 167 seconds
[miner2] Leader says time left is 167 seconds
[miner3] I am at (9,16) which is near (9,17)
[miner3] I chose to go near 14 24 Coordinates
[miner1] I am at (12,14) which is near (12,13)
[miner1] I chose to go near 25 20 Coordinates
[leader] Time left: 166 seconds
[miner1] Leader says time left is 166 seconds
[miner4] Leader says time left is 166 seconds
[miner2] Leader says time left is 166 seconds
[miner3] Leader says time left is 166 seconds
[miner2] I've reached 5x27
[leader] Time left: 165 seconds
[miner2] Leader says time left is 165 seconds
[miner4] Leader says time left is 165 seconds
[miner3] Leader says time left is 165 seconds
[miner1] Leader says time left is 165 seconds
[WorldModelB] Agent 2 carried 3 ores to depot, worth 8 points!
[miner2] Dropped backpack with 3 ores, worth 8 points.
[leader] Agent miner2 is now on the lead with the score of 8
[miner2] HAHAHA IM WINNING!
[miner2] Ore distances: [d(18,ore(gold,20,24,3)),d(22,ore(gold,24,24,3)),d(19,ore(gold,20,23,3)),d(20,ore(gold,20,22,3)),d(24,ore(gold,3,5,3)),d(21,ore(gold,20,21,3)),d(20,ore(gold,19,21,3)),d(22,ore(gold,20,20,3)),d(29,ore(gold,20,13,3))]9
[miner2] Next ore is ore(gold,20,24,3)
[miner2] Handling ore(gold,20,24,3) now.
[leader] Time left: 164 seconds
[miner1] Leader says time left is 164 seconds
[miner4] Leader says time left is 164 seconds
[miner2] Leader says time left is 164 seconds
[miner3] Leader says time left is 164 seconds
[miner3] I am at (14,23) which is near (14,24)
[miner3] I chose to go near 25 7 Coordinates
