[Cartago] Workspace mining created.
[Cartago] artifact m1view: mining.MiningPlanetA(4,0) at mining created.
[Cartago] artifact m2view: mining.MiningPlanetA(4,1) at mining created.
[Cartago] artifact m4view: mining.MiningPlanetA(4,3) at mining created.
[Cartago] artifact clock: mining.ClockArtifact(180) at mining created.
[Cartago] artifact m3view: mining.MiningPlanetA(4,2) at mining created.
[Cartago] artifact radio: mining.RadioArtifact(25) at mining created.
[miner1] join workspace /main/mining: done
[miner2] join workspace /main/mining: done
[miner1] focusing on artifact m1view (at workspace /main/mining) using namespace default
[miner3] join workspace /main/mining: done
[miner2] focusing on artifact m2view (at workspace /main/mining) using namespace default
[leader] join workspace /main/mining: done
[miner1] focus on m1view: done
[miner3] focusing on artifact m3view (at workspace /main/mining) using namespace default
[leader] focusing on artifact clock (at workspace /main/mining) using namespace default
[miner1] focusing on artifact radio (at workspace /main/mining) using namespace default
[miner2] focus on m2view: done
[miner1] focus on radio: done
[miner3] focus on m3view: done
[leader] focus on clock: done
[miner4] join workspace /main/mining: done
[miner3] focusing on artifact radio (at workspace /main/mining) using namespace default
[miner2] focusing on artifact radio (at workspace /main/mining) using namespace default
[miner1] I chose to go near 22 2 Coordinates
[leader] Time left: 180 seconds
[miner4] focusing on artifact m4view (at workspace /main/mining) using namespace default
[miner3] focus on radio: done
[miner2] focus on radio: done
[miner1] Leader says time left is 180 seconds
[miner2] I chose to go near 31 21 Coordinates
[miner3] I chose to go near 0 10 Coordinates
[miner4] focus on m4view: done
[miner4] focusing on artifact radio (at workspace /main/mining) using namespace default
[miner3] Leader says time left is 180 seconds
[miner2] Leader says time left is 180 seconds
[miner4] focus on radio: done
[miner4] I chose to go near 6 13 Coordinates
[miner4] Leader says time left is 180 seconds
[leader] Time left: 179 seconds
[miner1] Leader says time left is 179 seconds
[miner3] Leader says time left is 179 seconds
[miner4] Leader says time left is 179 seconds
[miner2] Leader says time left is 179 seconds
[miner3] Ore perceived: ore(gold,3,5,3)
[miner3] Dropping near(_,_) desires and intentions to handle ore(gold,3,5,3)
[miner3] Going for ore(gold,3,5,3)
[miner3] Handling ore(gold,3,5,3) now.
[miner2] Ore perceived: ore(gold,3,5,3)
[miner1] Ore perceived: ore(gold,3,5,3)
[miner2] Dropping near(_,_) desires and intentions to handle ore(gold,3,5,3)
[miner4] Ore perceived: ore(gold,3,5,3)
[miner2] Going for ore(gold,3,5,3)
[miner1] Dropping near(_,_) desires and intentions to handle ore(gold,3,5,3)
[miner4] Dropping near(_,_) desires and intentions to handle ore(gold,3,5,3)
[miner2] Radio received from miner 3: ore(gold,3,5,3)
[miner1] Going for ore(gold,3,5,3)
[miner4] Going for ore(gold,3,5,3)
[miner2] Handling ore(gold,3,5,3) now.
[miner1] Radio received from miner 3: ore(gold,3,5,3)
[miner4] Radio received from miner 3: ore(gold,3,5,3)
[miner1] Handling ore(gold,3,5,3) now.
[miner4] Handling ore(gold,3,5,3) now.
[miner2] Leader says time left is 178 seconds
[miner1] Leader says time left is 178 seconds
[miner3] Leader says time left is 178 seconds
[leader] Time left: 178 seconds
[miner4] Leader says time left is 178 seconds
[miner3] I've reached 3x5
[miner1] Radio received from miner 3: ore(coal,3,9,1)
[miner2] Radio received from miner 3: ore(coal,3,9,1)
[miner4] Radio received from miner 3: ore(coal,3,9,1)
[leader] Time left: 177 seconds
[miner4] Leader says time left is 177 seconds
[miner1] Leader says time left is 177 seconds
[miner2] Leader says time left is 177 seconds
[miner3] Leader says time left is 177 seconds
[miner4] I've reached 3x5
[WorldModelA] Agent 4 is trying the pick ore, but there is no ore at 3x5!
[miner4] failed to catch ore ore(gold,3,5,3)
[miner4] Ore distances: [d(4,ore(coal,3,9,1))]1
[miner4] Next ore is ore(coal,3,9,1)
[miner4] Handling ore(coal,3,9,1) now.
[leader] Time left: 176 seconds
[miner3] Leader says time left is 176 seconds
[miner2] Leader says time left is 176 seconds
[miner1] Leader says time left is 176 seconds
[miner4] Leader says time left is 176 seconds
[miner4] I've reached 3x9
[miner2] I've reached 3x5
[WorldModelA] Agent 2 is trying the pick ore, but there is no ore at 3x5!
[miner2] failed to catch ore ore(gold,3,5,3)
[miner2] Ore distances: [d(4,ore(coal,3,9,1))]1
[miner2] Next ore is ore(coal,3,9,1)
[miner2] Handling ore(coal,3,9,1) now.
[leader] Time left: 175 seconds
[miner2] Leader says time left is 175 seconds
[miner4] Leader says time left is 175 seconds
[miner1] Leader says time left is 175 seconds
[miner3] Leader says time left is 175 seconds
[miner2] I've reached 3x9
[miner1] I've reached 3x5
[WorldModelA] Agent 2 is trying the pick ore, but there is no ore at 3x9!
[miner2] failed to catch ore ore(coal,3,9,1)
[WorldModelA] Agent 1 is trying the pick ore, but there is no ore at 3x5!
[miner2] I chose to go near 27 9 Coordinates
[miner1] failed to catch ore ore(gold,3,5,3)
[miner1] Ore distances: [d(4,ore(coal,3,9,1))]1
[miner1] Next ore is ore(coal,3,9,1)
[miner1] Handling ore(coal,3,9,1) now.
[leader] Time left: 174 seconds
[miner1] Leader says time left is 174 seconds
[miner2] Leader says time left is 174 seconds
[miner4] Leader says time left is 174 seconds
[miner3] Leader says time left is 174 seconds
[miner1] I've reached 3x9
[WorldModelA] Agent 1 is trying the pick ore, but there is no ore at 3x9!
[miner1] failed to catch ore ore(coal,3,9,1)
[miner1] I chose to go near 15 20 Coordinates
[leader] Time left: 173 seconds
[miner4] Leader says time left is 173 seconds
[miner3] Leader says time left is 173 seconds
[miner1] Leader says time left is 173 seconds
[miner2] Leader says time left is 173 seconds
[miner3] I've reached 5x27
[miner2] Ore perceived: ore(iron,10,8,2)
[miner2] Dropping near(_,_) desires and intentions to handle ore(iron,10,8,2)
[miner2] Going for ore(iron,10,8,2)
[miner2] Handling ore(iron,10,8,2) now.
[miner4] Radio received from miner 2: ore(iron,10,8,2)
[miner1] Ore perceived: ore(iron,10,8,2)
[miner3] Radio received from miner 2: ore(iron,10,8,2)
[miner1] Dropping near(_,_) desires and intentions to handle ore(iron,10,8,2)
[miner1] Going for ore(iron,10,8,2)
[miner1] Radio received from miner 2: ore(iron,10,8,2)
[miner1] Handling ore(iron,10,8,2) now.
[WorldModelA] Agent 3 carried an ore to depot!
[miner3] Finish handling ore(gold,3,5,3)
[leader] Agent miner3 is now on the lead with the score of 3
[miner3] HAHAHA IM WINNING!
[miner3] Ore distances: [d(24,ore(iron,10,8,2)),d(20,ore(coal,3,9,1))]2
[miner3] Next ore is ore(coal,3,9,1)
[miner3] Handling ore(coal,3,9,1) now.
[miner2] I've reached 10x8
[leader] Time left: 172 seconds
[miner3] Leader says time left is 172 seconds
[miner4] Leader says time left is 172 seconds
[miner2] Leader says time left is 172 seconds
[miner1] Leader says time left is 172 seconds
[miner3] Radio received from miner 1: ore(gold,7,7,3)
[miner4] Radio received from miner 1: ore(gold,7,7,3)
[miner2] Radio received from miner 1: ore(gold,7,7,3)
[miner1] I've reached 10x8
[miner4] I've reached 5x27
[WorldModelA] Agent 1 is trying the pick ore, but there is no ore at 10x8!
[miner1] failed to catch ore ore(iron,10,8,2)
[miner1] Ore distances: [d(4,ore(gold,7,7,3))]1
[miner1] Next ore is ore(gold,7,7,3)
[miner1] Handling ore(gold,7,7,3) now.
[WorldModelA] Agent 4 carried an ore to depot!
[miner4] Finish handling ore(coal,3,9,1)
[leader] Agent miner4 has dropped ore worth 1 points; score is 1
[miner4] Ore distances: [d(22,ore(gold,7,7,3)),d(24,ore(iron,10,8,2))]2
[miner4] Next ore is ore(gold,7,7,3)
[miner4] Handling ore(gold,7,7,3) now.
[leader] Time left: 171 seconds
[miner1] Leader says time left is 171 seconds
[miner3] Leader says time left is 171 seconds
[miner4] Leader says time left is 171 seconds
[miner2] Leader says time left is 171 seconds
