[Cartago] Workspace mining created.
[Cartago] artifact m1view: mining.MiningPlanetA(4,0) at mining created.
[Cartago] artifact m2view: mining.MiningPlanetA(4,1) at mining created.
[Cartago] artifact m4view: mining.MiningPlanetA(4,3) at mining created.
[Cartago] artifact clock: mining.ClockArtifact(180) at mining created.
[Cartago] artifact m3view: mining.MiningPlanetA(4,2) at mining created.
[Cartago] artifact radio: mining.RadioArtifact(25) at mining created.
[miner4] join workspace /main/mining: done
[miner1] join workspace /main/mining: done
[miner4] focusing on artifact m4view (at workspace /main/mining) using namespace default
[leader] join workspace /main/mining: done
[miner1] focusing on artifact m1view (at workspace /main/mining) using namespace default
[leader] focusing on artifact clock (at workspace /main/mining) using namespace default
[miner3] join workspace /main/mining: done
[miner4] focus on m4view: done
[miner1] focus on m1view: done
[miner3] focusing on artifact m3view (at workspace /main/mining) using namespace default
[leader] focus on clock: done
[miner4] focusing on artifact radio (at workspace /main/mining) using namespace default
[miner2] join workspace /main/mining: done
[miner3] focus on m3view: done
[miner1] focusing on artifact radio (at workspace /main/mining) using namespace default
[leader] Time left: 180 seconds
[miner2] focusing on artifact m2view (at workspace /main/mining) using namespace default
[miner3] focusing on artifact radio (at workspace /main/mining) using namespace default
[miner4] focus on radio: done
[miner1] focus on radio: done
[miner2] focus on m2view: done
[miner3] focus on radio: done
[miner2] focusing on artifact radio (at workspace /main/mining) using namespace default
[miner3] I chose to go near 9 11 Coordinates
[miner1] I chose to go near 33 14 Coordinates
[miner4] I chose to go near 8 4 Coordinates
[miner2] focus on radio: done
[miner3] Leader says time left is 180 seconds
[miner1] Leader says time left is 180 seconds
[miner2] I chose to go near 15 23 Coordinates
[miner4] Leader says time left is 180 seconds
[miner2] Leader says time left is 180 seconds
[miner4] Leader says time left is 179 seconds
[miner1] Leader says time left is 179 seconds
[miner2] Leader says time left is 179 seconds
[miner3] Leader says time left is 179 seconds
[leader] Time left: 179 seconds
[miner3] Ore perceived: ore(iron,10,8,2)
[miner3] Dropping near(_,_) desires and intentions to handle ore(iron,10,8,2)
[miner3] Going for ore(iron,10,8,2)
[miner3] Handling ore(iron,10,8,2) now.
[miner3] Could not finish intention: intention 20: 
    +cell(10,8,iron,2)[artifact_id(cobj_3),artifact_name(m3view),percept_type(obs_prop),source(percept),workspace("/main/mining",cobj_2)] <- ... broadcastOre(2,Type,X,Y,Value) / {Type=iron, X=10, Value=2, Y=8}
	Trigger: +cell(10,8,iron,2)[artifact_id(cobj_3),artifact_name(m3view),code(broadcastOre(2,iron,10,8,2)),code_line(121),code_src("file:src/agt/minerM.asl"),env_failure_reason(wrong_op_arguments(cobj_5,"broadcastOre/5")),error(action_failed),error_msg("Wrong operation arguments: operation broadcastOre on artifact radio (type: mining.RadioArtifact)
- expected 5 parameter(s) - types: int, interface jason.asSyntax.Term, int, int, int
- actual parameter(s): 2 type: class java.lang.Byte, iron type: class java.lang.String, 10 type: class java.lang.Byte, 8 type: class java.lang.Byte, 2 type: class java.lang.Byte"),percept_type(obs_prop),source(percept),workspace("/main/mining",cobj_2)]
[leader] Time left: 178 seconds
[miner2] Leader says time left is 178 seconds
[miner1] Leader says time left is 178 seconds
[miner4] Leader says time left is 178 seconds
[miner3] Leader says time left is 178 seconds
[miner3] I've reached 10x8
[miner4] I am at (9,3) which is near (8,4)
[miner4] I chose to go near 33 12 Coordinates
[miner2] Leader says time left is 177 seconds
[leader] Time left: 177 seconds
[miner1] Leader says time left is 177 seconds
[miner4] Leader says time left is 177 seconds
[miner3] Leader says time left is 177 seconds
[leader] Time left: 176 seconds
[miner2] Leader says time left is 176 seconds
[miner1] Leader says time left is 176 seconds
[miner3] Leader says time left is 176 seconds
[miner4] Leader says time left is 176 seconds
[leader] Time left: 175 seconds
[miner1] Leader says time left is 175 seconds
[miner3] Leader says time left is 175 seconds
[miner2] Leader says time left is 175 seconds
[miner4] Leader says time left is 175 seconds
[leader] Time left: 174 seconds
[miner2] Leader says time left is 174 seconds
[miner4] Leader says time left is 174 seconds
[miner1] Leader says time left is 174 seconds
[miner3] Leader says time left is 174 seconds
[miner2] Ore perceived: ore(gold,15,20,3)
[miner2] Dropping near(_,_) desires and intentions to handle ore(gold,15,20,3)
[miner2] Going for ore(gold,15,20,3)
[miner2] Handling ore(gold,15,20,3) now.
[miner2] Could not finish intention: intention 47: 
    +cell(15,20,gold,3)[artifact_id(cobj_3),artifact_name(m2view),percept_type(obs_prop),source(percept),workspace("/main/mining",cobj_2)] <- ... broadcastOre(1,Type,X,Y,Value) / {Type=gold, X=15, Value=3, Y=20}
	Trigger: +cell(15,20,gold,3)[artifact_id(cobj_3),artifact_name(m2view),code(broadcastOre(1,gold,15,20,3)),code_line(118),code_src("file:src/agt/minerM.asl"),env_failure_reason(wrong_op_arguments(cobj_5,"broadcastOre/5")),error(action_failed),error_msg("Wrong operation arguments: operation broadcastOre on artifact radio (type: mining.RadioArtifact)
- expected 5 parameter(s) - types: int, interface jason.asSyntax.Term, int, int, int
- actual parameter(s): 1 type: class java.lang.Byte, gold type: class java.lang.String, 15 type: class java.lang.Byte, 20 type: class java.lang.Byte, 3 type: class java.lang.Byte"),percept_type(obs_prop),source(percept),workspace("/main/mining",cobj_2)]
[miner2] I've reached 15x20
[leader] Time left: 173 seconds
[miner1] Leader says time left is 173 seconds
[miner2] Leader says time left is 173 seconds
[miner4] Leader says time left is 173 seconds
[miner3] Leader says time left is 173 seconds
[miner3] I've reached 5x27
[WorldModelA] Agent 3 carried an ore to depot!
[miner3] Finish handling ore(iron,10,8,2)
[leader] Agent miner3 is now on the lead with the score of 2
[miner3] HAHAHA IM WINNING!
[miner3] I chose to go near 16 24 Coordinates
[leader] Time left: 172 seconds
[miner3] Leader says time left is 172 seconds
[miner2] Leader says time left is 172 seconds
[miner4] Leader says time left is 172 seconds
[miner1] Leader says time left is 172 seconds
[miner4] I am at (33,11) which is near (33,12)
[miner4] I chose to go near 28 7 Coordinates
[leader] Time left: 171 seconds
[miner3] Leader says time left is 171 seconds
[miner4] Leader says time left is 171 seconds
[miner2] Leader says time left is 171 seconds
[miner1] Leader says time left is 171 seconds
