[Moise] OrgBoard mining_org created.
[Moise] scheme created: mining: mine_resources using artifact SchemeBoard
[Moise] group created: blue: mining_team using artifact ora4mas.nopl.GroupBoard
[Moise] group created: red: mining_team using artifact ora4mas.nopl.GroupBoard
[Cartago] Workspace mining created.
[Cartago] artifact m1view: mining.MiningPlanetB(4,0) at mining created.
[Cartago] artifact m2view: mining.MiningPlanetB(4,1) at mining created.
[Cartago] artifact backpack: mining.BackpackArtifact(3) at mining created.
[Cartago] artifact m4view: mining.MiningPlanetB(4,3) at mining created.
[Cartago] artifact clock: mining.ClockArtifact(180) at mining created.
[Cartago] artifact m3view: mining.MiningPlanetB(4,2) at mining created.
[Cartago] artifact lantern: mining.LanternArtifact(2) at mining created.
[Cartago] artifact radio: mining.RadioArtifact(25) at mining created.
[leader] join workspace /main/mining: done
[miner4] join workspace /main/mining: done
[leader] focusing on artifact clock (at workspace /main/mining) using namespace default
[miner2] join workspace /main/mining: done
[miner1] join workspace /main/mining: done
[miner2] join workspace /main/mining_org: done
[miner4] join workspace /main/mining_org: done
[miner3] join workspace /main/mining: done
[miner4] focusing on artifact m4view (at workspace /main/mining) using namespace default
[miner1] join workspace /main/mining_org: done
[leader] focus on clock: done
[miner2] focusing on artifact m2view (at workspace /main/mining) using namespace default
[miner4] focus on m4view: done
[miner3] join workspace /main/mining_org: done
[miner1] focusing on artifact m1view (at workspace /main/mining) using namespace default
[miner4] focusing on artifact radio (at workspace /main/mining) using namespace default
[leader] Time left: 180 seconds
[miner3] focusing on artifact m3view (at workspace /main/mining) using namespace default
[miner2] focus on m2view: done
[miner4] focus on radio: done
[miner2] focusing on artifact radio (at workspace /main/mining) using namespace default
[miner3] focus on m3view: done
[miner4] focusing on artifact backpack (at workspace /main/mining) using namespace default
[miner3] focusing on artifact radio (at workspace /main/mining) using namespace default
[miner4] focus on backpack: done
[miner2] focus on radio: done
[miner4] focusing on artifact red (at workspace /main/mining_org) using namespace default
[miner2] focusing on artifact backpack (at workspace /main/mining) using namespace default
[miner3] focus on radio: done
[miner4] focus on red: done
[miner2] focus on backpack: done
[miner3] focusing on artifact lantern (at workspace /main/mining) using namespace default
[miner4] focusing on artifact mining_org (at workspace /main/mining_org) using namespace default
[miner2] focusing on artifact blue (at workspace /main/mining_org) using namespace default
[miner3] focus on lantern: done
[miner2] focus on blue: done
[miner4] focus on mining_org: done
[miner3] focusing on artifact red (at workspace /main/mining_org) using namespace default
[miner2] focusing on artifact mining_org (at workspace /main/mining_org) using namespace default
[miner4] I chose to go near 19 1 Coordinates
[miner3] focus on red: done
[miner2] focus on mining_org: done
[miner3] focusing on artifact mining_org (at workspace /main/mining_org) using namespace default
[miner2] I chose to go near 10 8 Coordinates
[miner3] focus on mining_org: done
[miner3] I chose to go near 31 28 Coordinates
[miner2] Leader says time left is 180 seconds
[miner4] Leader says time left is 180 seconds
[miner2] Organisation setup: blue retriever
[miner2] Backpack acquired. Capacity: 3
[miner4] Backpack acquired. Capacity: 3
[miner3] Leader says time left is 180 seconds
[miner4] Organisation setup: red retriever
[miner3] Lantern acquired. Vision radius: 2
[miner3] Organisation setup: red explorer
[miner1] focus on m1view: done
[miner1] focusing on artifact radio (at workspace /main/mining) using namespace default
[miner1] focus on radio: done
[miner1] focusing on artifact lantern (at workspace /main/mining) using namespace default
[miner1] focus on lantern: done
[miner1] focusing on artifact blue (at workspace /main/mining_org) using namespace default
[miner1] focus on blue: done
[miner1] focusing on artifact mining_org (at workspace /main/mining_org) using namespace default
[miner1] focus on mining_org: done
[miner1] I chose to go near 20 14 Coordinates
[miner1] Leader says time left is 180 seconds
[miner1] Lantern acquired. Vision radius: 2
[miner1] Organisation setup: blue explorer
[miner4] I am at (18,0) which is near (19,1)
[miner4] I chose to go near 29 7 Coordinates
[leader] Time left: 179 seconds
[miner2] Leader says time left is 179 seconds
[miner1] Leader says time left is 179 seconds
[miner3] Leader says time left is 179 seconds
[miner4] Leader says time left is 179 seconds
[leader] Time left: 178 seconds
[miner2] Leader says time left is 178 seconds
[miner1] Leader says time left is 178 seconds
[miner3] Leader says time left is 178 seconds
[miner4] Leader says time left is 178 seconds
[miner2] Ore perceived: ore(gold,7,7,3)
[miner2] Dropping near(_,_) desires and intentions to handle ore(gold,7,7,3)
[miner2] Going for ore(gold,7,7,3)
[miner2] Handling ore(gold,7,7,3) now.
[miner3] Radio received from miner 2: ore(gold,7,7,3)
[miner1] Radio received from miner 2: ore(gold,7,7,3)
[miner4] Ore perceived: ore(gold,7,7,3)
[miner4] Dropping near(_,_) desires and intentions to handle ore(gold,7,7,3)
[miner4] Going for ore(gold,7,7,3)
[miner4] Radio received from miner 2: ore(gold,7,7,3)
[miner4] Handling ore(gold,7,7,3) now.
[miner2] I've reached 7x7
[miner2] Stored ore(gold,7,7,3) in backpack.
[miner2] No known ore left, returning to depot with 1 ores.
[leader] Time left: 177 seconds
[miner1] Leader says time left is 177 seconds
[miner3] Leader says time left is 177 seconds
[miner4] Leader says time left is 177 seconds
[miner2] Leader says time left is 177 seconds
[leader] Time left: 176 seconds
[miner2] Leader says time left is 176 seconds
[miner4] Leader says time left is 176 seconds
[miner3] Leader says time left is 176 seconds
[miner1] Leader says time left is 176 seconds
[leader] Time left: 175 seconds
[miner4] Leader says time left is 175 seconds
[miner2] Leader says time left is 175 seconds
[miner3] Leader says time left is 175 seconds
[miner1] Leader says time left is 175 seconds
[leader] Time left: 174 seconds
[miner1] Leader says time left is 174 seconds
[miner2] Leader says time left is 174 seconds
[miner3] Leader says time left is 174 seconds
[miner4] Leader says time left is 174 seconds
[miner1] Scout report: ore(gold,20,13,3)
[miner3] Radio received from miner 1: ore(gold,20,13,3)
[miner4] Radio received from miner 1: ore(gold,20,13,3)
[miner4] Giving up current ore ore(gold,7,7,3) to handle ore(iron,10,8,2) which I am seeing!
[miner4] Going for ore(iron,10,8,2)
[miner4] Handling ore(iron,10,8,2) now.
[miner1] Radio received from miner 4: ore(iron,10,8,2)
[miner2] Radio received from miner 4: ore(iron,10,8,2)
[miner3] Radio received from miner 4: ore(iron,10,8,2)
[leader] Time left: 173 seconds
[miner1] Leader says time left is 173 seconds
[miner2] Leader says time left is 173 seconds
[miner4] Leader says time left is 173 seconds
[miner3] Leader says time left is 173 seconds
[miner2] I've reached 5x27
[WorldModelB] Agent 2 carried 1 ores to depot, worth 3 points!
[miner4] I've reached 10x8
[miner2] Dropped backpack with 1 ores, worth 3 points.
[leader] Agent miner2 is now on the lead with the score of 3
[miner2] HAHAHA IM WINNING!
[miner2] Ore distances: [d(24,ore(iron,10,8,2))]1
[miner2] Next ore is ore(iron,10,8,2)
[miner2] Handling ore(iron,10,8,2) now.
[miner1] I am at (20,13) which is near (20,14)
[miner1] I chose to go near 24 8 Coordinates
[miner4] Stored ore(iron,10,8,2) in backpack.
[miner4] Ore distances: [d(15,ore(gold,20,13,3)),d(4,ore(gold,7,7,3))]2
[miner4] Next ore is ore(gold,7,7,3)
[miner4] Handling ore(gold,7,7,3) now.
[leader] Time left: 172 seconds
[miner1] Leader says time left is 172 seconds
[miner3] Leader says time left is 172 seconds
[miner2] Leader says time left is 172 seconds
[miner4] Leader says time left is 172 seconds
[miner4] I've reached 7x7
[WorldModelB] Agent 4 is trying the pick ore, but there is no ore at 7x7!
[miner4] failed to catch ore ore(gold,7,7,3)
[miner4] Ore distances: [d(19,ore(gold,20,13,3))]1
[miner4] Next ore is ore(gold,20,13,3)
[miner4] Handling ore(gold,20,13,3) now.
[miner1] I am at (24,9) which is near (24,8)
[miner1] I chose to go near 30 0 Coordinates
[leader] Time left: 171 seconds
[miner2] Leader says time left is 171 seconds
[miner1] Leader says time left is 171 seconds
[miner4] Leader says time left is 171 seconds
[miner3] Leader says time left is 171 seconds
[leader] Time left: 170 seconds
[miner2] Leader says time left is 170 seconds
[miner4] Leader says time left is 170 seconds
[miner1] Leader says time left is 170 seconds
[miner3] Leader says time left is 170 seconds
[miner3] I am at (31,27) which is near (31,28)
[miner3] I chose to go near 13 5 Coordinates
[leader] Time left: 169 seconds
[miner2] Leader says time left is 169 seconds
[miner3] Leader says time left is 169 seconds
[miner4] Leader says time left is 169 seconds
[miner1] Leader says time left is 169 seconds
[miner3] Scout report: ore(diamond,23,25,4)
[miner4] Radio received from miner 3: ore(diamond,23,25,4)
[miner1] I am at (30,1) which is near (30,0)
[miner1] I chose to go near 23 28 Coordinates
[leader] Time left: 168 seconds
[miner3] Leader says time left is 168 seconds
[miner2] Leader says time left is 168 seconds
[miner4] Leader says time left is 168 seconds
[miner1] Leader says time left is 168 seconds
[miner2] I've reached 10x8
[WorldModelB] Agent 2 is trying the pick ore, but there is no ore at 10x8!
[miner2] failed to catch ore ore(iron,10,8,2)
[miner2] I chose to go near 29 17 Coordinates
[miner4] I've reached 20x13
[miner4] Stored ore(gold,20,13,3) in backpack.
[miner4] Ore distances: [d(15,ore(diamond,23,25,4))]1
[miner4] Next ore is ore(diamond,23,25,4)
[miner4] Handling ore(diamond,23,25,4) now.
[leader] Time left: 167 seconds
[miner2] Leader says time left is 167 seconds
[miner1] Leader says time left is 167 seconds
[miner4] Leader says time left is 167 seconds
[miner3] Leader says time left is 167 seconds
[miner4] Giving up current ore ore(diamond,23,25,4) to handle ore(gold,19,20,3) which I am seeing!
[miner4] Going for ore(gold,19,20,3)
[miner3] Radio received from miner 4: ore(gold,19,20,3)
[miner4] Giving up current ore ore(gold,19,20,3) to handle ore(gold,20,20,3) which I am seeing!
[miner1] Radio received from miner 4: ore(gold,19,20,3)
[miner2] Ore perceived: ore(gold,19,20,3)
[miner4] Going for ore(gold,20,20,3)
[miner2] Dropping near(_,_) desires and intentions to handle ore(gold,19,20,3)
[miner2] Going for ore(gold,19,20,3)
[miner3] Radio received from miner 4: ore(gold,20,20,3)
[miner4] Handling ore(gold,20,20,3) now.
[miner1] Radio received from miner 4: ore(gold,20,20,3)
[miner2] Radio received from miner 4: ore(gold,19,20,3)
[miner2] Handling ore(gold,19,20,3) now.
[miner2] Radio received from miner 4: ore(gold,20,20,3)
[miner4] I've reached 20x20
[miner1] Radio received from miner 4: ore(gold,19,21,3)
[miner1] Radio received from miner 4: ore(gold,20,21,3)
[miner3] Radio received from miner 4: ore(gold,19,21,3)
[miner3] Radio received from miner 4: ore(gold,20,21,3)
[miner2] Radio received from miner 4: ore(gold,19,21,3)
[miner2] Radio received from miner 4: ore(gold,20,21,3)
[leader] Time left: 166 seconds
[miner3] Leader says time left is 166 seconds
[miner1] Leader says time left is 166 seconds
[miner2] Leader says time left is 166 seconds
[miner4] Leader says time left is 166 seconds
[miner4] Stored ore(gold,20,20,3) in backpack.
[miner4] Backpack is full: 3/3
[miner3] Scout report: ore(gold,15,20,3)
[miner4] Radio received from miner 3: ore(gold,15,20,3)
[miner2] Radio received from miner 3: ore(gold,15,20,3)
[miner1] Radio received from miner 3: ore(gold,15,20,3)
[leader] Time left: 165 seconds
[miner2] Leader says time left is 165 seconds
[miner4] Leader says time left is 165 seconds
[miner1] Leader says time left is 165 seconds
[miner3] Leader says time left is 165 seconds
[leader] Time left: 164 seconds
[miner1] Leader says time left is 164 seconds
[miner4] Leader says time left is 164 seconds
[miner2] Leader says time left is 164 seconds
[miner3] Leader says time left is 164 seconds
[miner2] I've reached 19x20
[miner2] Stored ore(gold,19,20,3) in backpack.
[miner2] Ore distances: [d(4,ore(gold,15,20,3)),d(2,ore(gold,20,21,3)),d(1,ore(gold,19,21,3)),d(1,ore(gold,20,20,3))]4
[miner2] Next ore is ore(gold,19,21,3)
[miner2] Handling ore(gold,19,21,3) now.
