[Moise] OrgBoard mining_org created.
[Moise] scheme created: mining: mine_resources using artifact SchemeBoard
[Moise] group created: blue: mining_team using artifact ora4mas.nopl.GroupBoard
[Moise] group created: red: mining_team using artifact ora4mas.nopl.GroupBoard
[Cartago] Workspace mining created.
[Cartago] artifact m1view: mining.MiningPlanetB(4,0) at mining created.
[Cartago] artifact m2view: mining.MiningPlanetB(4,1) at mining created.
[Cartago] artifact backpack: mining.BackpackArtifact(3) at mining created.
[Cartago] artifact m4view: mining.MiningPlanetB(4,3) at mining created.
[Cartago] artifact clock: mining.ClockArtifact(180) at mining created.
[Cartago] artifact m3view: mining.MiningPlanetB(4,2) at mining created.
[Cartago] artifact lantern: mining.LanternArtifact(2) at mining created.
[Cartago] artifact radio: mining.RadioArtifact(25) at mining created.
[miner3] join workspace /main/mining: done
[leader] join workspace /main/mining: done
[leader] focusing on artifact clock (at workspace /main/mining) using namespace default
[miner2] join workspace /main/mining: done
[miner3] join workspace /main/mining_org: done
[miner4] join workspace /main/mining: done
[miner2] join workspace /main/mining_org: done
[leader] focus on clock: done
[miner3] focusing on artifact m3view (at workspace /main/mining) using namespace default
[miner1] join workspace /main/mining: done
[miner2] focusing on artifact m2view (at workspace /main/mining) using namespace default
[miner3] focus on m3view: done
[leader] Time left: 180 seconds
[miner1] join workspace /main/mining_org: done
[miner4] join workspace /main/mining_org: done
[miner2] focus on m2view: done
[miner3] focusing on artifact radio (at workspace /main/mining) using namespace default
[miner4] focusing on artifact m4view (at workspace /main/mining) using namespace default
[miner1] focusing on artifact m1view (at workspace /main/mining) using namespace default
[miner2] focusing on artifact radio (at workspace /main/mining) using namespace default
[miner4] focus on m4view: done
[miner1] focus on m1view: done
[miner3] focus on radio: done
[miner1] focusing on artifact radio (at workspace /main/mining) using namespace default
[miner4] focusing on artifact radio (at workspace /main/mining) using namespace default
[miner3] focusing on artifact lantern (at workspace /main/mining) using namespace default
[miner2] focus on radio: done
[miner3] focus on lantern: done
[miner2] focusing on artifact backpack (at workspace /main/mining) using namespace default
[miner4] focus on radio: done
[miner3] focusing on artifact red (at workspace /main/mining_org) using namespace default
[miner1] focus on radio: done
[miner4] focusing on artifact backpack (at workspace /main/mining) using namespace default
[miner2] focus on backpack: done
[miner2] focusing on artifact blue (at workspace /main/mining_org) using namespace default
[miner1] focusing on artifact lantern (at workspace /main/mining) using namespace default
[miner3] focus on red: done
[miner4] focus on backpack: done
[miner1] focus on lantern: done
[miner2] focus on blue: done
[miner3] focusing on artifact mining_org (at workspace /main/mining_org) using namespace default
[miner2] focusing on artifact mining_org (at workspace /main/mining_org) using namespace default
[miner1] focusing on artifact blue (at workspace /main/mining_org) using namespace default
[miner4] focusing on artifact red (at workspace /main/mining_org) using namespace default
[miner3] focus on mining_org: done
[miner1] focus on blue: done
[miner1] focusing on artifact mining_org (at workspace /main/mining_org) using namespace default
[miner2] focus on mining_org: done
[miner4] focus on red: done
[miner1] focus on mining_org: done
[miner4] focusing on artifact mining_org (at workspace /main/mining_org) using namespace default
[miner4] focus on mining_org: done
[miner3] Leader says time left is 180 seconds
[miner2] Leader says time left is 180 seconds
[miner3] Lantern acquired. Vision radius: 2
[miner2] Backpack acquired. Capacity: 3
[miner2] Committed to Moise mission retrieving
[miner2] Organisation setup: blue retriever
[miner3] Committed to Moise mission scouting
[miner3] Organisation setup: red explorer
[miner1] Lantern acquired. Vision radius: 2
[miner1] Leader says time left is 180 seconds
[miner4] Leader says time left is 180 seconds
[miner1] Committed to Moise mission scouting
[miner4] Backpack acquired. Capacity: 3
[miner1] Organisation setup: blue explorer
[miner4] Committed to Moise mission retrieving
[miner4] Organisation setup: red retriever
[miner3] I chose to go near 29 0 Coordinates
[miner1] I chose to go near 4 4 Coordinates
[leader] Time left: 179 seconds
[miner1] Leader says time left is 179 seconds
[miner2] Leader says time left is 179 seconds
[miner3] Leader says time left is 179 seconds
[miner4] Leader says time left is 179 seconds
[miner1] I am at (4,3) which is near (4,4)
[miner1] I chose to go near 11 4 Coordinates
[miner1] Scout report: ore(gold,3,5,3)
[miner2] Ore perceived: ore(gold,3,5,3)
[miner3] Radio received from miner 1: ore(gold,3,5,3)
[miner4] Ore perceived: ore(gold,3,5,3)
[miner2] Going for ore(gold,3,5,3)
[miner4] Going for ore(gold,3,5,3)
[miner4] Radio received from miner 1: ore(gold,3,5,3)
[miner2] Radio received from miner 1: ore(gold,3,5,3)
[miner4] Handling ore(gold,3,5,3) now.
[miner2] Handling ore(gold,3,5,3) now.
[miner2] Ore distances: [d(5,ore(gold,3,5,3))]1
[miner2] Next ore is ore(gold,3,5,3)
[miner2] failed to catch ore ore(gold,3,5,3)
[miner4] Ore distances: [d(18,ore(gold,3,5,3))]1
[miner4] Next ore is ore(gold,3,5,3)
[miner4] failed to catch ore ore(gold,3,5,3)
[leader] Time left: 178 seconds
[miner1] Leader says time left is 178 seconds
[miner2] Leader says time left is 178 seconds
[miner3] Leader says time left is 178 seconds
[miner4] Leader says time left is 178 seconds
[miner2] Ore perceived: ore(gold,3,5,3)
[miner2] Going for ore(gold,3,5,3)
[miner2] Handling ore(gold,3,5,3) now.
[miner1] Radio received from miner 2: ore(gold,3,5,3)
[miner4] Ore perceived: ore(gold,3,5,3)
[miner4] Going for ore(gold,3,5,3)
[miner4] Radio received from miner 2: ore(gold,3,5,3)
[miner4] Handling ore(gold,3,5,3) now.
[miner1] I am at (10,3) which is near (11,4)
[miner1] I chose to go near 25 27 Coordinates
[miner2] Ore distances: [d(1,ore(gold,3,5,3))]1
[miner2] Next ore is ore(gold,3,5,3)
[miner2] failed to catch ore ore(gold,3,5,3)
[miner4] Ore distances: [d(12,ore(gold,3,5,3))]1
[miner4] Next ore is ore(gold,3,5,3)
[miner4] failed to catch ore ore(gold,3,5,3)
[miner2] Ore perceived: ore(gold,3,5,3)
[miner2] Going for ore(gold,3,5,3)
[miner2] Handling ore(gold,3,5,3) now.
[miner4] Ore perceived: ore(gold,3,5,3)
[miner4] Going for ore(gold,3,5,3)
[miner4] Radio received from miner 2: ore(gold,3,5,3)
[miner4] Handling ore(gold,3,5,3) now.
[leader] Time left: 177 seconds
[miner3] Leader says time left is 177 seconds
[miner4] Leader says time left is 177 seconds
[miner2] Leader says time left is 177 seconds
[miner1] Leader says time left is 177 seconds
[miner2] Ore distances: [d(2,ore(gold,3,5,3))]1
[miner2] Next ore is ore(gold,3,5,3)
[miner2] failed to catch ore ore(gold,3,5,3)
[miner4] Ore distances: [d(8,ore(gold,3,5,3))]1
[miner4] Next ore is ore(gold,3,5,3)
[miner4] failed to catch ore ore(gold,3,5,3)
[miner2] Ore perceived: ore(gold,3,5,3)
[miner2] Going for ore(gold,3,5,3)
[miner2] Handling ore(gold,3,5,3) now.
[miner4] Ore perceived: ore(gold,3,5,3)
[miner4] Going for ore(gold,3,5,3)
[miner4] Radio received from miner 2: ore(gold,3,5,3)
[miner4] Handling ore(gold,3,5,3) now.
[miner2] Giving up current ore ore(gold,3,5,3) to handle ore(coal,3,9,1) which I am seeing!
[miner2] Going for ore(coal,3,9,1)
[miner2] Handling ore(coal,3,9,1) now.
[miner1] Radio received from miner 2: ore(coal,3,9,1)
[miner4] Radio received from miner 2: ore(coal,3,9,1)
[miner2] I've reached 3x9
[miner2] Ore distances: [d(0,ore(coal,3,9,1)),d(4,ore(gold,3,5,3))]2
[miner2] Next ore is ore(coal,3,9,1)
[miner2] failed to catch ore ore(coal,3,9,1)
[miner2] Ore distances: [d(4,ore(gold,3,5,3))]1
[miner2] Next ore is ore(gold,3,5,3)
[miner2] failed to catch ore ore(gold,3,5,3)
[miner4] Ore distances: [d(2,ore(coal,3,9,1)),d(4,ore(gold,3,5,3))]2
[miner4] Next ore is ore(coal,3,9,1)
[miner4] failed to catch ore ore(coal,3,9,1)
[miner4] Ore distances: [d(4,ore(gold,3,5,3))]1
[miner4] Next ore is ore(gold,3,5,3)
[miner4] failed to catch ore ore(gold,3,5,3)
[miner4] Ore perceived: ore(coal,3,9,1)
[miner4] Going for ore(coal,3,9,1)
[miner4] Handling ore(coal,3,9,1) now.
[miner2] Ore perceived: ore(coal,3,9,1)
[miner2] Going for ore(coal,3,9,1)
[miner2] Radio received from miner 4: ore(coal,3,9,1)
[miner2] Handling ore(coal,3,9,1) now.
[miner2] I've reached 3x9
[miner4] Giving up current ore ore(coal,3,9,1) to handle ore(gold,3,5,3) which I am seeing!
[miner4] Going for ore(gold,3,5,3)
[miner4] Handling ore(gold,3,5,3) now.
[miner2] Radio received from miner 4: ore(gold,3,5,3)
[miner4] I've reached 3x5
[miner2] Stored ore(coal,3,9,1) in backpack.
[miner2] Ore distances: [d(4,ore(gold,3,5,3))]1
[miner2] Next ore is ore(gold,3,5,3)
[miner2] Handling ore(gold,3,5,3) now.
[leader] Time left: 176 seconds
[miner3] Leader says time left is 176 seconds
[miner2] Leader says time left is 176 seconds
[miner1] Leader says time left is 176 seconds
[miner4] Leader says time left is 176 seconds
[WorldModelB] Agent 2 is trying the pick ore, but there is no ore at 3x9!
[miner2] failed to handle ore(coal,3,9,1), it isn't in the BB anyway
[miner2] Ore distances: [d(4,ore(gold,3,5,3))]1
[miner2] Next ore is ore(gold,3,5,3)
[miner2] Handling ore(gold,3,5,3) now.
[WorldModelB] Agent 4 is trying the pick ore, but there is no ore at 3x1!
[miner4] failed to catch ore ore(gold,3,5,3)
[miner4] Ore distances: [d(8,ore(coal,3,9,1))]1
[miner4] Next ore is ore(coal,3,9,1)
[miner4] Handling ore(coal,3,9,1) now.
[miner2] Ore distances: [d(3,ore(gold,3,5,3))]1
[miner2] Next ore is ore(gold,3,5,3)
[miner2] failed to catch ore ore(gold,3,5,3)
[miner4] Ore distances: [d(8,ore(coal,3,9,1))]1
[miner4] Next ore is ore(coal,3,9,1)
[miner4] failed to catch ore ore(coal,3,9,1)
[miner4] Ore perceived: ore(gold,3,5,3)
[miner4] Going for ore(gold,3,5,3)
[miner4] Handling ore(gold,3,5,3) now.
[miner2] Ore perceived: ore(gold,3,5,3)
[miner2] Going for ore(gold,3,5,3)
[miner4] I've reached 3x5
[miner4] I've reached 3x5
[miner2] Radio received from miner 4: ore(gold,3,5,3)
[miner4] I've reached 3x5
[miner2] Handling ore(gold,3,5,3) now.
[miner4] failed to catch ore ore(gold,3,5,3)
[miner4] failed to catch ore ore(gold,3,5,3)
[miner4] failed to handle ore(gold,3,5,3), it isn't in the BB anyway
[miner4] Ore perceived: ore(gold,3,5,3)
[miner4] Going for ore(gold,3,5,3)
[miner4] Handling ore(gold,3,5,3) now.
[miner4] Ore distances: [d(2,ore(gold,3,5,3))]1
[miner4] Next ore is ore(gold,3,5,3)
[miner4] failed to catch ore ore(gold,3,5,3)
[miner3] I am at (28,0) which is near (29,0)
[miner3] I chose to go near 15 23 Coordinates
[miner4] Ore perceived: ore(gold,3,5,3)
[miner4] Going for ore(gold,3,5,3)
[miner4] Handling ore(gold,3,5,3) now.
[leader] Time left: 175 seconds
[miner4] Leader says time left is 175 seconds
[miner1] Leader says time left is 175 seconds
[miner2] Leader says time left is 175 seconds
[miner3] Leader says time left is 175 seconds
[miner4] Ore distances: [d(4,ore(gold,3,5,3))]1
[miner4] Next ore is ore(gold,3,5,3)
[miner4] failed to catch ore ore(gold,3,5,3)
[miner4] Ore perceived: ore(gold,3,5,3)
[miner4] Going for ore(gold,3,5,3)
[miner4] Handling ore(gold,3,5,3) now.
[miner4] Ore distances: [d(2,ore(gold,3,5,3))]1
[miner4] Next ore is ore(gold,3,5,3)
[miner4] failed to catch ore ore(gold,3,5,3)
[miner4] Ore perceived: ore(gold,3,5,3)
[miner4] Going for ore(gold,3,5,3)
[miner4] Handling ore(gold,3,5,3) now.
[leader] Time left: 174 seconds
[miner2] Leader says time left is 174 seconds
[miner1] Leader says time left is 174 seconds
[miner4] Leader says time left is 174 seconds
[miner3] Leader says time left is 174 seconds
[miner4] Giving up current ore ore(gold,3,5,3) to handle ore(gold,7,7,3) which I am seeing!
[miner4] Going for ore(gold,7,7,3)
[miner4] Handling ore(gold,7,7,3) now.
[miner1] Radio received from miner 4: ore(gold,7,7,3)
[miner3] Radio received from miner 4: ore(gold,7,7,3)
[miner2] Radio received from miner 4: ore(gold,7,7,3)
[miner4] Ore distances: [d(1,ore(gold,7,7,3)),d(5,ore(gold,3,5,3))]2
[miner4] Next ore is ore(gold,7,7,3)
[miner4] failed to catch ore ore(gold,7,7,3)
[miner4] Ore distances: [d(5,ore(gold,3,5,3))]1
[miner4] Next ore is ore(gold,3,5,3)
[miner4] failed to catch ore ore(gold,3,5,3)
[miner3] Radio received from miner 1: ore(gold,20,13,3)
[miner1] Scout report: ore(gold,20,13,3)
[miner4] Ore perceived: ore(gold,20,13,3)
[miner2] Radio received from miner 1: ore(gold,20,13,3)
[miner4] Going for ore(gold,20,13,3)
[miner4] Radio received from miner 1: ore(gold,20,13,3)
[miner4] Handling ore(gold,20,13,3) now.
[miner4] Giving up current ore ore(coal,3,9,1) to handle ore(gold,7,7,3) which I am seeing!
[miner4] Going for ore(gold,7,7,3)
[miner4] Handling ore(gold,7,7,3) now.
[miner4] Ore distances: [d(2,ore(gold,7,7,3)),d(19,ore(gold,20,13,3))]2
[miner4] Ore distances: [d(2,ore(gold,7,7,3)),d(19,ore(gold,20,13,3))]2
[miner4] Ore distances: [d(2,ore(gold,7,7,3)),d(19,ore(gold,20,13,3))]2
[miner4] Next ore is ore(gold,7,7,3)
[miner4] Next ore is ore(gold,7,7,3)
[miner4] Next ore is ore(gold,7,7,3)
[miner4] failed to catch ore ore(gold,7,7,3)
[miner4] failed to handle ore(gold,7,7,3), it isn't in the BB anyway
[miner4] failed to handle ore(gold,7,7,3), it isn't in the BB anyway
[miner4] Ore distances: [d(19,ore(gold,20,13,3))]1
[miner4] Ore distances: [d(19,ore(gold,20,13,3))]1
[miner4] Ore distances: [d(19,ore(gold,20,13,3))]1
[miner4] Next ore is ore(gold,20,13,3)
[miner4] Next ore is ore(gold,20,13,3)
[miner4] Next ore is ore(gold,20,13,3)
[miner4] failed to catch ore ore(gold,20,13,3)
[miner4] failed to catch ore ore(gold,20,13,3)
[miner4] failed to catch ore ore(gold,20,13,3)
[miner4] Ore perceived: ore(gold,7,7,3)
[miner4] Going for ore(gold,7,7,3)
[miner4] Handling ore(gold,7,7,3) now.
[miner4] I've reached 7x7
[miner4] I've reached 7x7
[miner4] I've reached 7x7
[WorldModelB] Agent 4 is trying the pick ore, but there is no ore at 7x7!
[miner4] failed to catch ore ore(gold,7,7,3)
[miner4] failed to catch ore ore(gold,7,7,3)
[WorldModelB] Agent 4 is trying the pick ore, but there is no ore at 8x7!
[miner4] failed to handle ore(gold,7,7,3), it isn't in the BB anyway
[miner4] Ore perceived: ore(iron,10,8,2)
[miner4] Going for ore(iron,10,8,2)
[miner4] Handling ore(iron,10,8,2) now.
[miner1] Radio received from miner 4: ore(iron,10,8,2)
[miner2] Radio received from miner 4: ore(iron,10,8,2)
[miner3] Radio received from miner 4: ore(iron,10,8,2)
[miner4] Ore distances: [d(2,ore(iron,10,8,2))]1
[miner4] Ore distances: [d(2,ore(iron,10,8,2))]1
[miner4] Next ore is ore(iron,10,8,2)
[miner4] Next ore is ore(iron,10,8,2)
[miner4] failed to catch ore ore(iron,10,8,2)
[miner4] failed to handle ore(iron,10,8,2), it isn't in the BB anyway
[leader] Time left: 173 seconds
[miner3] Leader says time left is 173 seconds
[miner1] Leader says time left is 173 seconds
[miner2] Leader says time left is 173 seconds
[miner4] Leader says time left is 173 seconds
[miner4] Ore perceived: ore(iron,10,8,2)
[miner4] Going for ore(iron,10,8,2)
[miner4] Handling ore(iron,10,8,2) now.
[miner4] Ore distances: [d(2,ore(iron,10,8,2))]1
[miner4] Next ore is ore(iron,10,8,2)
[miner4] failed to catch ore ore(iron,10,8,2)
[miner4] Ore perceived: ore(iron,10,8,2)
[miner4] Going for ore(iron,10,8,2)
[miner4] Handling ore(iron,10,8,2) now.
[miner4] Ore distances: [d(1,ore(iron,10,8,2))]1
[miner4] Ore distances: [d(1,ore(iron,10,8,2))]1
[miner4] Ore distances: [d(1,ore(iron,10,8,2))]1
[miner4] Next ore is ore(iron,10,8,2)
[miner4] Next ore is ore(iron,10,8,2)
[miner4] Next ore is ore(iron,10,8,2)
[miner4] failed to catch ore ore(iron,10,8,2)
[miner4] failed to handle ore(iron,10,8,2), it isn't in the BB anyway
[miner4] failed to handle ore(iron,10,8,2), it isn't in the BB anyway
[miner4] Ore perceived: ore(iron,10,8,2)
[miner4] Going for ore(iron,10,8,2)
[miner4] Handling ore(iron,10,8,2) now.
[miner4] Ore distances: [d(3,ore(iron,10,8,2))]1
[miner4] Ore distances: [d(3,ore(iron,10,8,2))]1
[miner4] Next ore is ore(iron,10,8,2)
[miner4] Next ore is ore(iron,10,8,2)
[miner4] failed to catch ore ore(iron,10,8,2)
[miner4] failed to handle ore(iron,10,8,2), it isn't in the BB anyway
[miner2] Radio received from miner 1: ore(gold,19,20,3)
[miner4] Ore perceived: ore(gold,19,20,3)
[miner3] Radio received from miner 1: ore(gold,19,20,3)
[miner1] Scout report: ore(gold,19,20,3)
[miner3] Radio received from miner 1: ore(gold,20,20,3)
[miner4] Going for ore(gold,19,20,3)
[miner1] Scout report: ore(gold,20,20,3)
[miner4] Radio received from miner 1: ore(gold,19,20,3)
[miner2] Radio received from miner 1: ore(gold,20,20,3)
[miner4] Radio received from miner 1: ore(gold,20,20,3)
[miner4] Handling ore(gold,19,20,3) now.
[miner4] Ore distances: [d(17,ore(gold,20,20,3)),d(16,ore(gold,19,20,3))]2
[miner4] Ore distances: [d(17,ore(gold,20,20,3)),d(16,ore(gold,19,20,3))]2
[miner4] Next ore is ore(gold,19,20,3)
[miner4] Next ore is ore(gold,19,20,3)
[miner4] failed to catch ore ore(gold,19,20,3)
[miner4] failed to handle ore(gold,19,20,3), it isn't in the BB anyway
[miner4] Ore distances: [d(17,ore(gold,20,20,3))]1
[miner4] Ore distances: [d(17,ore(gold,20,20,3))]1
[miner4] Next ore is ore(gold,20,20,3)
[miner4] Next ore is ore(gold,20,20,3)
[miner4] failed to catch ore ore(gold,20,20,3)
[miner4] failed to catch ore ore(gold,20,20,3)
[miner1] Leader says time left is 172 seconds
[leader] Time left: 172 seconds
[miner2] Leader says time left is 172 seconds
[miner4] Leader says time left is 172 seconds
[miner3] Leader says time left is 172 seconds
[miner1] Scout report: ore(gold,19,21,3)
[miner3] Radio received from miner 1: ore(gold,19,21,3)
[miner4] Ore perceived: ore(gold,19,21,3)
[miner1] Scout report: ore(gold,20,21,3)
[miner3] Radio received from miner 1: ore(gold,20,21,3)
[miner4] Going for ore(gold,19,21,3)
[miner4] Radio received from miner 1: ore(gold,19,21,3)
[miner4] Radio received from miner 1: ore(gold,20,21,3)
[miner4] Handling ore(gold,19,21,3) now.
[miner4] Ore distances: [d(20,ore(gold,20,21,3)),d(19,ore(gold,19,21,3))]2
[miner4] Next ore is ore(gold,19,21,3)
[miner4] failed to catch ore ore(gold,19,21,3)
[miner4] Ore distances: [d(20,ore(gold,20,21,3))]1
[miner4] Next ore is ore(gold,20,21,3)
[miner4] failed to catch ore ore(gold,20,21,3)
[miner3] Radio received from miner 1: ore(gold,20,22,3)
[miner1] Scout report: ore(gold,20,22,3)
[miner4] Ore perceived: ore(gold,20,22,3)
[miner4] Going for ore(gold,20,22,3)
[miner4] Radio received from miner 1: ore(gold,20,22,3)
[miner4] Handling ore(gold,20,22,3) now.
[miner4] Ore distances: [d(22,ore(gold,20,22,3))]1
[miner4] Ore distances: [d(22,ore(gold,20,22,3))]1
[miner4] Ore distances: [d(22,ore(gold,20,22,3))]1
[miner4] Next ore is ore(gold,20,22,3)
[miner4] Next ore is ore(gold,20,22,3)
[miner4] Next ore is ore(gold,20,22,3)
[miner4] failed to catch ore ore(gold,20,22,3)
[miner4] failed to handle ore(gold,20,22,3), it isn't in the BB anyway
[miner4] failed to handle ore(gold,20,22,3), it isn't in the BB anyway
[miner4] Ore perceived: ore(gold,20,23,3)
[miner1] Scout report: ore(gold,20,23,3)
[miner3] Radio received from miner 1: ore(gold,20,23,3)
[miner4] Going for ore(gold,20,23,3)
[miner4] Radio received from miner 1: ore(gold,20,23,3)
[miner4] Handling ore(gold,20,23,3) now.
[miner4] Ore distances: [d(23,ore(gold,20,23,3))]1
[miner4] Ore distances: [d(23,ore(gold,20,23,3))]1
[miner4] Next ore is ore(gold,20,23,3)
[miner4] Next ore is ore(gold,20,23,3)
[miner4] failed to catch ore ore(gold,20,23,3)
[miner4] failed to handle ore(gold,20,23,3), it isn't in the BB anyway
[miner3] Scout report: ore(gold,20,13,3)
[miner4] Ore perceived: ore(gold,20,13,3)
[miner4] Going for ore(gold,20,13,3)
[miner4] Radio received from miner 3: ore(gold,20,13,3)
[miner1] Radio received from miner 3: ore(gold,20,13,3)
[miner4] Handling ore(gold,20,13,3) now.
[miner1] Scout report: ore(gold,20,24,3)
[miner3] Radio received from miner 1: ore(gold,20,24,3)
[miner4] Radio received from miner 1: ore(gold,20,24,3)
[miner4] Ore distances: [d(20,ore(gold,20,24,3)),d(9,ore(gold,20,13,3))]2
[miner4] Next ore is ore(gold,20,13,3)
[miner4] failed to catch ore ore(gold,20,13,3)
[miner4] Ore distances: [d(23,ore(gold,20,24,3))]1
[miner4] Next ore is ore(gold,20,24,3)
[miner4] failed to catch ore ore(gold,20,24,3)
[miner1] Scout report: ore(diamond,23,25,4)
[miner4] Ore perceived: ore(diamond,23,25,4)
[miner3] Radio received from miner 1: ore(diamond,23,25,4)
[miner4] Going for ore(diamond,23,25,4)
[miner4] Radio received from miner 1: ore(diamond,23,25,4)
[miner4] Handling ore(diamond,23,25,4) now.
[miner4] Ore distances: [d(25,ore(diamond,23,25,4))]1
[miner4] Ore distances: [d(25,ore(diamond,23,25,4))]1
[miner4] Next ore is ore(diamond,23,25,4)
[miner4] Next ore is ore(diamond,23,25,4)
[miner4] failed to catch ore ore(diamond,23,25,4)
[miner4] failed to handle ore(diamond,23,25,4), it isn't in the BB anyway
[leader] Time left: 171 seconds
[miner3] Leader says time left is 171 seconds
[miner2] Leader says time left is 171 seconds
[miner4] Leader says time left is 171 seconds
[miner1] Leader says time left is 171 seconds
[miner1] Scout report: ore(gold,24,24,3)
[miner3] Radio received from miner 1: ore(gold,24,24,3)
[miner4] Ore perceived: ore(gold,24,24,3)
[miner4] Going for ore(gold,24,24,3)
[miner4] Radio received from miner 1: ore(gold,24,24,3)
[miner4] Handling ore(gold,24,24,3) now.
[miner4] Ore distances: [d(22,ore(gold,24,24,3))]1
[miner4] Next ore is ore(gold,24,24,3)
[miner4] failed to catch ore ore(gold,24,24,3)
[miner4] Ore perceived: ore(gold,15,20,3)
[miner4] Going for ore(gold,15,20,3)
[miner4] Giving up current ore ore(gold,20,13,3) to handle ore(gold,19,20,3) which I am seeing!
[miner2] Radio received from miner 4: ore(gold,15,20,3)
[miner1] Radio received from miner 4: ore(gold,15,20,3)
[miner3] Radio received from miner 4: ore(gold,15,20,3)
[miner4] Going for ore(gold,19,20,3)
[miner4] Handling ore(gold,15,20,3) now.
[miner1] Radio received from miner 4: ore(gold,19,20,3)
[miner4] Handling ore(gold,19,20,3) now.
[miner4] Ore distances: [d(5,ore(gold,19,20,3)),d(1,ore(gold,15,20,3))]2
[miner4] Ore distances: [d(5,ore(gold,19,20,3)),d(1,ore(gold,15,20,3))]2
[miner4] Next ore is ore(gold,15,20,3)
[miner4] Next ore is ore(gold,15,20,3)
[miner4] failed to catch ore ore(gold,15,20,3)
[miner4] failed to handle ore(gold,15,20,3), it isn't in the BB anyway
[miner4] Ore distances: [d(5,ore(gold,19,20,3))]1
[miner4] Ore distances: [d(5,ore(gold,19,20,3))]1
[miner4] Next ore is ore(gold,19,20,3)
[miner4] Next ore is ore(gold,19,20,3)
[miner4] failed to catch ore ore(gold,19,20,3)
[miner4] failed to catch ore ore(gold,19,20,3)
[miner4] Ore perceived: ore(gold,15,20,3)
[miner4] Going for ore(gold,15,20,3)
[miner4] Handling ore(gold,15,20,3) now.
[miner4] Ore perceived: ore(gold,19,20,3)
[miner4] Going for ore(gold,19,20,3)
[miner4] Giving up current ore ore(gold,19,20,3) to handle ore(gold,19,21,3) which I am seeing!
[miner4] Going for ore(gold,19,21,3)
[miner4] Giving up current ore ore(gold,24,24,3) to handle ore(gold,20,20,3) which I am seeing!
[miner1] Radio received from miner 4: ore(gold,19,21,3)
[miner2] Radio received from miner 4: ore(gold,19,21,3)
[miner4] Going for ore(gold,20,20,3)
[miner4] Giving up current ore ore(gold,20,20,3) to handle ore(gold,20,21,3) which I am seeing!
[miner1] Radio received from miner 4: ore(gold,20,20,3)
[miner4] Going for ore(gold,20,21,3)
[miner4] Giving up current ore ore(gold,20,23,3) to handle ore(gold,20,22,3) which I am seeing!
[miner1] Radio received from miner 4: ore(gold,20,21,3)
[miner2] Radio received from miner 4: ore(gold,20,21,3)
[miner4] Going for ore(gold,20,22,3)
[miner4] Handling ore(gold,19,21,3) now.
[miner1] Radio received from miner 4: ore(gold,20,22,3)
[miner4] Handling ore(gold,20,21,3) now.
[miner2] Radio received from miner 4: ore(gold,20,22,3)
[miner4] Handling ore(gold,20,22,3) now.
[miner4] Ore distances: [d(6,ore(gold,20,22,3)),d(5,ore(gold,20,21,3)),d(6,ore(gold,20,20,3)),d(4,ore(gold,19,21,3)),d(5,ore(gold,19,20,3)),d(1,ore(gold,15,20,3))]6
[miner4] Next ore is ore(gold,15,20,3)
[miner4] Handling ore(gold,15,20,3) now.
[miner4] Ore distances: [d(6,ore(gold,20,22,3)),d(5,ore(gold,20,21,3)),d(6,ore(gold,20,20,3)),d(4,ore(gold,19,21,3)),d(5,ore(gold,19,20,3)),d(1,ore(gold,15,20,3))]6
[miner4] Next ore is ore(gold,15,20,3)
[miner4] failed to catch ore ore(gold,15,20,3)
[miner4] Ore distances: [d(6,ore(gold,20,22,3)),d(5,ore(gold,20,21,3)),d(6,ore(gold,20,20,3)),d(4,ore(gold,19,21,3)),d(5,ore(gold,19,20,3))]5
[miner4] Next ore is ore(gold,19,21,3)
[miner4] failed to catch ore ore(gold,19,21,3)
[miner4] Ore distances: [d(6,ore(gold,20,22,3)),d(5,ore(gold,20,21,3)),d(6,ore(gold,20,20,3)),d(5,ore(gold,19,20,3))]4
[miner4] Next ore is ore(gold,19,20,3)
[miner4] failed to catch ore ore(gold,19,20,3)
[miner4] Ore distances: [d(6,ore(gold,20,22,3)),d(5,ore(gold,20,21,3)),d(6,ore(gold,20,20,3))]3
[miner4] Next ore is ore(gold,20,21,3)
[miner4] failed to catch ore ore(gold,20,21,3)
[miner4] Ore distances: [d(6,ore(gold,20,22,3)),d(6,ore(gold,20,20,3))]2
[miner4] Next ore is ore(gold,20,20,3)
[miner4] failed to catch ore ore(gold,20,20,3)
[miner4] Ore distances: [d(6,ore(gold,20,22,3))]1
[miner4] Next ore is ore(gold,20,22,3)
[miner4] failed to catch ore ore(gold,20,22,3)
[miner4] Ore perceived: ore(gold,15,20,3)
[miner4] Going for ore(gold,15,20,3)
[miner4] Handling ore(gold,15,20,3) now.
[miner4] Giving up current ore ore(diamond,23,25,4) to handle ore(gold,19,20,3) which I am seeing!
[miner4] Going for ore(gold,19,20,3)
[miner4] Giving up current ore ore(gold,20,21,3) to handle ore(gold,19,21,3) which I am seeing!
[miner4] Going for ore(gold,19,21,3)
[miner4] Handling ore(gold,19,20,3) now.
[miner4] Handling ore(gold,19,21,3) now.
[miner4] Ore distances: [d(4,ore(gold,19,21,3)),d(3,ore(gold,19,20,3)),d(3,ore(gold,15,20,3))]3
[miner4] Ore distances: [d(4,ore(gold,19,21,3)),d(3,ore(gold,19,20,3)),d(3,ore(gold,15,20,3))]3
[miner4] Next ore is ore(gold,15,20,3)
[miner4] Next ore is ore(gold,15,20,3)
[miner4] failed to catch ore ore(gold,15,20,3)
[miner4] failed to handle ore(gold,15,20,3), it isn't in the BB anyway
[leader] Time left: 170 seconds
[miner2] Leader says time left is 170 seconds
[miner4] Leader says time left is 170 seconds
[miner3] Leader says time left is 170 seconds
[miner1] Leader says time left is 170 seconds
[miner4] Ore distances: [d(4,ore(gold,19,21,3)),d(3,ore(gold,19,20,3))]2
[miner4] Ore distances: [d(4,ore(gold,19,21,3)),d(3,ore(gold,19,20,3))]2
[miner4] Next ore is ore(gold,19,20,3)
[miner4] Next ore is ore(gold,19,20,3)
[miner4] failed to catch ore ore(gold,19,20,3)
[miner4] failed to catch ore ore(gold,19,20,3)
[miner4] Ore distances: [d(4,ore(gold,19,21,3))]1
[miner4] Ore distances: [d(4,ore(gold,19,21,3))]1
[miner4] Next ore is ore(gold,19,21,3)
[miner4] Next ore is ore(gold,19,21,3)
[miner4] failed to catch ore ore(gold,19,21,3)
[miner4] failed to catch ore ore(gold,19,21,3)
[miner1] I am at (25,26) which is near (25,27)
[miner3] Scout report: ore(gold,19,20,3)
[miner4] Ore perceived: ore(gold,19,20,3)
[miner1] I chose to go near 19 7 Coordinates
[miner4] Going for ore(gold,19,20,3)
[miner3] Scout report: ore(gold,20,20,3)
[miner4] Radio received from miner 3: ore(gold,19,20,3)
[miner4] Giving up current ore ore(iron,10,8,2) to handle ore(gold,20,20,3) which I am seeing!
[miner4] Going for ore(gold,20,20,3)
[miner4] Radio received from miner 3: ore(gold,20,20,3)
[miner4] Handling ore(gold,19,20,3) now.
[miner4] Handling ore(gold,20,20,3) now.
[miner4] Giving up current ore ore(gold,19,20,3) to handle ore(gold,15,20,3) which I am seeing!
[miner4] Going for ore(gold,15,20,3)
[miner4] Handling ore(gold,15,20,3) now.
[miner4] Ore distances: [d(2,ore(gold,15,20,3)),d(5,ore(gold,20,20,3)),d(4,ore(gold,19,20,3))]3
[miner4] Ore distances: [d(2,ore(gold,15,20,3)),d(5,ore(gold,20,20,3)),d(4,ore(gold,19,20,3))]3
[miner4] Ore distances: [d(2,ore(gold,15,20,3)),d(5,ore(gold,20,20,3)),d(4,ore(gold,19,20,3))]3
[miner4] Next ore is ore(gold,15,20,3)
[miner4] Next ore is ore(gold,15,20,3)
[miner4] Next ore is ore(gold,15,20,3)
[miner4] failed to catch ore ore(gold,15,20,3)
[miner4] failed to handle ore(gold,15,20,3), it isn't in the BB anyway
[miner4] failed to handle ore(gold,15,20,3), it isn't in the BB anyway
[miner4] Ore distances: [d(5,ore(gold,20,20,3)),d(4,ore(gold,19,20,3))]2
[miner4] Ore distances: [d(5,ore(gold,20,20,3)),d(4,ore(gold,19,20,3))]2
[miner4] Ore distances: [d(5,ore(gold,20,20,3)),d(4,ore(gold,19,20,3))]2
[miner4] Next ore is ore(gold,19,20,3)
[miner4] Next ore is ore(gold,19,20,3)
[miner4] Next ore is ore(gold,19,20,3)
[miner4] failed to catch ore ore(gold,19,20,3)
[miner4] failed to catch ore ore(gold,19,20,3)
[miner4] failed to catch ore ore(gold,19,20,3)
[miner4] Ore distances: [d(5,ore(gold,20,20,3))]1
[miner4] Ore distances: [d(5,ore(gold,20,20,3))]1
[miner4] Ore distances: [d(5,ore(gold,20,20,3))]1
[miner4] Next ore is ore(gold,20,20,3)
[miner4] Next ore is ore(gold,20,20,3)
[miner4] Next ore is ore(gold,20,20,3)
[miner4] failed to catch ore ore(gold,20,20,3)
[miner4] failed to catch ore ore(gold,20,20,3)
[miner4] failed to handle ore(gold,20,20,3), it isn't in the BB anyway
[miner4] Ore perceived: ore(gold,19,20,3)
[miner4] Going for ore(gold,19,20,3)
[miner4] Giving up current ore ore(gold,19,20,3) to handle ore(gold,15,20,3) which I am seeing!
[miner4] Going for ore(gold,15,20,3)
[miner4] Handling ore(gold,15,20,3) now.
[miner3] Scout report: ore(gold,19,21,3)
[miner4] Giving up current ore ore(gold,20,22,3) to handle ore(gold,19,21,3) which I am seeing!
[miner3] Scout report: ore(gold,20,21,3)
[miner4] Going for ore(gold,19,21,3)
[miner4] Radio received from miner 3: ore(gold,19,21,3)
[miner4] Radio received from miner 3: ore(gold,20,21,3)
[miner4] Handling ore(gold,19,21,3) now.
[miner4] Ore distances: [d(6,ore(gold,20,21,3)),d(5,ore(gold,19,21,3)),d(2,ore(gold,15,20,3)),d(4,ore(gold,19,20,3))]4
[miner4] Ore distances: [d(6,ore(gold,20,21,3)),d(5,ore(gold,19,21,3)),d(2,ore(gold,15,20,3)),d(4,ore(gold,19,20,3))]4
[miner4] Next ore is ore(gold,15,20,3)
[miner4] Next ore is ore(gold,15,20,3)
[miner4] failed to catch ore ore(gold,15,20,3)
[miner4] failed to handle ore(gold,15,20,3), it isn't in the BB anyway
[miner4] Ore distances: [d(6,ore(gold,20,21,3)),d(5,ore(gold,19,21,3)),d(4,ore(gold,19,20,3))]3
[miner4] Ore distances: [d(6,ore(gold,20,21,3)),d(5,ore(gold,19,21,3)),d(4,ore(gold,19,20,3))]3
[miner4] Next ore is ore(gold,19,20,3)
[miner4] Next ore is ore(gold,19,20,3)
[miner4] failed to catch ore ore(gold,19,20,3)
[miner4] failed to catch ore ore(gold,19,20,3)
[miner4] Ore distances: [d(6,ore(gold,20,21,3)),d(5,ore(gold,19,21,3))]2
[miner4] Ore distances: [d(6,ore(gold,20,21,3)),d(5,ore(gold,19,21,3))]2
[miner4] Next ore is ore(gold,19,21,3)
[miner4] Next ore is ore(gold,19,21,3)
[miner4] failed to catch ore ore(gold,19,21,3)
[miner4] failed to catch ore ore(gold,19,21,3)
[miner4] Ore distances: [d(6,ore(gold,20,21,3))]1
[miner4] Ore distances: [d(6,ore(gold,20,21,3))]1
[miner4] Next ore is ore(gold,20,21,3)
[miner4] Next ore is ore(gold,20,21,3)
[miner4] failed to catch ore ore(gold,20,21,3)
[miner4] failed to catch ore ore(gold,20,21,3)
[miner3] Scout report: ore(gold,15,20,3)
[miner4] Ore perceived: ore(gold,15,20,3)
[miner4] Going for ore(gold,15,20,3)
[miner4] Radio received from miner 3: ore(gold,15,20,3)
[miner4] Handling ore(gold,15,20,3) now.
[leader] Time left: 169 seconds
[miner1] Leader says time left is 169 seconds
[miner2] Leader says time left is 169 seconds
[miner4] Leader says time left is 169 seconds
[miner3] Leader says time left is 169 seconds
[miner4] Ore distances: [d(4,ore(gold,15,20,3))]1
[miner4] Ore distances: [d(4,ore(gold,15,20,3))]1
[miner4] Next ore is ore(gold,15,20,3)
[miner4] Next ore is ore(gold,15,20,3)
[miner4] failed to catch ore ore(gold,15,20,3)
[miner4] failed to handle ore(gold,15,20,3), it isn't in the BB anyway
[miner4] Ore perceived: ore(gold,15,20,3)
[miner4] Going for ore(gold,15,20,3)
[miner4] Handling ore(gold,15,20,3) now.
[miner4] Giving up current ore ore(gold,15,20,3) to handle ore(gold,19,20,3) which I am seeing!
[miner4] Going for ore(gold,19,20,3)
[miner4] Handling ore(gold,19,20,3) now.
[miner4] Ore distances: [d(2,ore(gold,19,20,3)),d(6,ore(gold,15,20,3))]2
[miner4] Next ore is ore(gold,19,20,3)
[miner4] failed to catch ore ore(gold,19,20,3)
[miner4] Ore distances: [d(6,ore(gold,15,20,3))]1
[miner4] Next ore is ore(gold,15,20,3)
[miner4] failed to catch ore ore(gold,15,20,3)
[miner4] Ore perceived: ore(gold,15,20,3)
[miner4] Going for ore(gold,15,20,3)
[miner4] Handling ore(gold,15,20,3) now.
[miner4] Ore distances: [d(6,ore(gold,15,20,3))]1
[miner4] Ore distances: [d(6,ore(gold,15,20,3))]1
[miner4] Next ore is ore(gold,15,20,3)
[miner4] Next ore is ore(gold,15,20,3)
[miner4] failed to catch ore ore(gold,15,20,3)
[miner4] failed to handle ore(gold,15,20,3), it isn't in the BB anyway
[miner4] Ore perceived: ore(gold,20,22,3)
[miner4] Going for ore(gold,20,22,3)
[miner4] Giving up current ore ore(gold,20,22,3) to handle ore(gold,20,23,3) which I am seeing!
[miner4] Going for ore(gold,20,23,3)
[miner4] Giving up current ore ore(gold,19,20,3) to handle ore(gold,20,24,3) which I am seeing!
[miner1] Radio received from miner 4: ore(gold,20,23,3)
[miner4] Going for ore(gold,20,24,3)
[miner1] Radio received from miner 4: ore(gold,20,24,3)
[miner4] Handling ore(gold,20,23,3) now.
[miner4] Handling ore(gold,20,24,3) now.
[miner4] I've reached 20x23
[miner4] Giving up current ore ore(gold,19,21,3) to handle ore(gold,24,24,3) which I am seeing!
[miner4] Going for ore(gold,24,24,3)
[miner4] Handling ore(gold,24,24,3) now.
[miner1] Radio received from miner 4: ore(gold,24,24,3)
[miner4] Ore distances: [d(2,ore(gold,24,24,3)),d(4,ore(gold,20,24,3)),d(3,ore(gold,20,23,3)),d(4,ore(gold,20,22,3))]4
[miner4] Next ore is ore(gold,24,24,3)
[miner4] failed to catch ore ore(gold,24,24,3)
[miner4] Ore distances: [d(4,ore(gold,20,24,3)),d(3,ore(gold,20,23,3)),d(4,ore(gold,20,22,3))]3
[miner4] Next ore is ore(gold,20,23,3)
[miner4] failed to catch ore ore(gold,20,23,3)
[miner4] Ore distances: [d(4,ore(gold,20,24,3)),d(4,ore(gold,20,22,3))]2
[miner4] Next ore is ore(gold,20,22,3)
[miner4] failed to catch ore ore(gold,20,22,3)
[miner4] Ore distances: [d(4,ore(gold,20,24,3))]1
[miner4] Next ore is ore(gold,20,24,3)
[miner4] failed to catch ore ore(gold,20,24,3)
[miner3] I am at (15,22) which is near (15,23)
[miner3] I chose to go near 20 31 Coordinates
[WorldModelB] Agent 4 is trying the pick ore, but there is no ore at 22x22!
[miner4] failed to handle ore(gold,20,23,3), it isn't in the BB anyway
[miner4] Ore perceived: ore(gold,20,22,3)
[miner4] Going for ore(gold,20,22,3)
[miner4] Giving up current ore ore(gold,20,22,3) to handle ore(gold,20,23,3) which I am seeing!
[miner4] Going for ore(gold,20,23,3)
[miner4] Giving up current ore ore(gold,15,20,3) to handle ore(gold,20,24,3) which I am seeing!
[miner4] Going for ore(gold,20,24,3)
[miner4] Handling ore(gold,20,23,3) now.
[miner4] Handling ore(gold,20,24,3) now.
[leader] Time left: 168 seconds
[miner2] Leader says time left is 168 seconds
[miner1] Leader says time left is 168 seconds
[miner4] Leader says time left is 168 seconds
[miner3] Leader says time left is 168 seconds
[miner4] Ore distances: [d(3,ore(gold,20,24,3)),d(2,ore(gold,20,23,3)),d(3,ore(gold,20,22,3))]3
[miner4] Ore distances: [d(3,ore(gold,20,24,3)),d(2,ore(gold,20,23,3)),d(3,ore(gold,20,22,3))]3
[miner4] Next ore is ore(gold,20,23,3)
[miner4] Next ore is ore(gold,20,23,3)
[miner4] failed to catch ore ore(gold,20,23,3)
[miner4] failed to handle ore(gold,20,23,3), it isn't in the BB anyway
[miner4] Ore distances: [d(3,ore(gold,20,24,3)),d(3,ore(gold,20,22,3))]2
[miner4] Ore distances: [d(3,ore(gold,20,24,3)),d(3,ore(gold,20,22,3))]2
[miner4] Next ore is ore(gold,20,22,3)
[miner4] Next ore is ore(gold,20,22,3)
[miner4] failed to catch ore ore(gold,20,22,3)
[miner4] failed to catch ore ore(gold,20,22,3)
[miner4] Ore distances: [d(3,ore(gold,20,24,3))]1
[miner4] Ore distances: [d(3,ore(gold,20,24,3))]1
[miner4] Next ore is ore(gold,20,24,3)
[miner4] Next ore is ore(gold,20,24,3)
[miner4] failed to catch ore ore(gold,20,24,3)
[miner4] failed to catch ore ore(gold,20,24,3)
[miner4] Ore perceived: ore(gold,20,22,3)
[miner4] Going for ore(gold,20,22,3)
[miner4] Giving up current ore ore(gold,20,22,3) to handle ore(gold,20,23,3) which I am seeing!
[miner4] Going for ore(gold,20,23,3)
[miner4] Giving up current ore ore(gold,24,24,3) to handle ore(gold,20,24,3) which I am seeing!
[miner4] Going for ore(gold,20,24,3)
[miner4] Handling ore(gold,20,23,3) now.
[miner4] Handling ore(gold,20,24,3) now.
[miner4] I've reached 20x23
[miner4] I've reached 20x23
[miner4] Ore distances: [d(1,ore(gold,20,24,3)),d(0,ore(gold,20,23,3)),d(1,ore(gold,20,22,3))]3
[miner4] Next ore is ore(gold,20,23,3)
[miner4] failed to catch ore ore(gold,20,23,3)
[miner4] Ore distances: [d(1,ore(gold,20,24,3)),d(1,ore(gold,20,22,3))]2
[miner4] Next ore is ore(gold,20,22,3)
[miner4] failed to catch ore ore(gold,20,22,3)
[miner4] Ore distances: [d(1,ore(gold,20,24,3))]1
[miner4] Next ore is ore(gold,20,24,3)
[miner4] failed to catch ore ore(gold,20,24,3)
[miner4] Ore perceived: ore(gold,19,21,3)
[miner4] Going for ore(gold,19,21,3)
[miner4] Giving up current ore ore(gold,19,21,3) to handle ore(gold,20,21,3) which I am seeing!
[miner4] Going for ore(gold,20,21,3)
[miner4] Giving up current ore ore(gold,20,21,3) to handle ore(gold,20,22,3) which I am seeing!
[miner4] Going for ore(gold,20,22,3)
[miner4] Giving up current ore ore(gold,20,22,3) to handle ore(gold,20,23,3) which I am seeing!
[miner4] Going for ore(gold,20,23,3)
[miner4] Giving up current ore ore(gold,20,23,3) to handle ore(gold,20,24,3) which I am seeing!
[miner4] Going for ore(gold,20,24,3)
[miner4] I've reached 20x24
[miner4] I've reached 20x24
[miner4] Handling ore(gold,20,24,3) now.
[miner4] I've reached 20x24
[miner4] Ore distances: [d(0,ore(gold,20,24,3)),d(1,ore(gold,20,23,3)),d(2,ore(gold,20,22,3)),d(3,ore(gold,20,21,3)),d(4,ore(gold,19,21,3))]5
[miner4] Ore distances: [d(0,ore(gold,20,24,3)),d(1,ore(gold,20,23,3)),d(2,ore(gold,20,22,3)),d(3,ore(gold,20,21,3)),d(4,ore(gold,19,21,3))]5
[miner4] Ore distances: [d(0,ore(gold,20,24,3)),d(1,ore(gold,20,23,3)),d(2,ore(gold,20,22,3)),d(3,ore(gold,20,21,3)),d(4,ore(gold,19,21,3))]5
[miner4] Next ore is ore(gold,20,24,3)
[miner4] Next ore is ore(gold,20,24,3)
[miner4] Next ore is ore(gold,20,24,3)
[miner4] failed to catch ore ore(gold,20,24,3)
[miner4] failed to handle ore(gold,20,24,3), it isn't in the BB anyway
[miner4] failed to handle ore(gold,20,24,3), it isn't in the BB anyway
[miner4] Ore distances: [d(1,ore(gold,20,23,3)),d(2,ore(gold,20,22,3)),d(3,ore(gold,20,21,3)),d(4,ore(gold,19,21,3))]4
[miner4] Ore distances: [d(1,ore(gold,20,23,3)),d(2,ore(gold,20,22,3)),d(3,ore(gold,20,21,3)),d(4,ore(gold,19,21,3))]4
[miner4] Ore distances: [d(1,ore(gold,20,23,3)),d(2,ore(gold,20,22,3)),d(3,ore(gold,20,21,3)),d(4,ore(gold,19,21,3))]4
[miner4] Next ore is ore(gold,20,23,3)
[miner4] Next ore is ore(gold,20,23,3)
[miner4] Next ore is ore(gold,20,23,3)
[miner4] failed to catch ore ore(gold,20,23,3)
[miner4] failed to catch ore ore(gold,20,23,3)
[miner4] failed to catch ore ore(gold,20,23,3)
[miner4] Ore distances: [d(2,ore(gold,20,22,3)),d(3,ore(gold,20,21,3)),d(4,ore(gold,19,21,3))]3
[miner4] Ore distances: [d(2,ore(gold,20,22,3)),d(3,ore(gold,20,21,3)),d(4,ore(gold,19,21,3))]3
[miner4] Ore distances: [d(2,ore(gold,20,22,3)),d(3,ore(gold,20,21,3)),d(4,ore(gold,19,21,3))]3
[miner4] Next ore is ore(gold,20,22,3)
[miner4] Next ore is ore(gold,20,22,3)
[miner4] Next ore is ore(gold,20,22,3)
[miner4] failed to catch ore ore(gold,20,22,3)
[miner4] failed to catch ore ore(gold,20,22,3)
[miner4] failed to handle ore(gold,20,22,3), it isn't in the BB anyway
[miner4] Ore distances: [d(3,ore(gold,20,21,3)),d(4,ore(gold,19,21,3))]2
[miner4] Ore distances: [d(3,ore(gold,20,21,3)),d(4,ore(gold,19,21,3))]2
[miner4] Ore distances: [d(3,ore(gold,20,21,3)),d(4,ore(gold,19,21,3))]2
[miner4] Next ore is ore(gold,20,21,3)
[miner4] Next ore is ore(gold,20,21,3)
[miner4] Next ore is ore(gold,20,21,3)
[miner4] failed to catch ore ore(gold,20,21,3)
[miner4] failed to catch ore ore(gold,20,21,3)
[miner4] failed to handle ore(gold,20,21,3), it isn't in the BB anyway
[miner4] Ore distances: [d(4,ore(gold,19,21,3))]1
[miner4] Ore distances: [d(4,ore(gold,19,21,3))]1
[miner4] Ore distances: [d(4,ore(gold,19,21,3))]1
[miner4] Next ore is ore(gold,19,21,3)
[miner4] Next ore is ore(gold,19,21,3)
[miner4] Next ore is ore(gold,19,21,3)
[miner4] failed to catch ore ore(gold,19,21,3)
[miner4] failed to catch ore ore(gold,19,21,3)
[miner4] failed to handle ore(gold,19,21,3), it isn't in the BB anyway
[WorldModelB] Agent 4 is trying the pick ore, but there is no ore at 20x24!
[miner4] Ore perceived: ore(gold,20,23,3)
[miner4] Going for ore(gold,20,23,3)
[miner4] Handling ore(gold,20,23,3) now.
[miner4] Ore distances: [d(2,ore(gold,20,23,3))]1
[miner4] Next ore is ore(gold,20,23,3)
[miner4] failed to catch ore ore(gold,20,23,3)
[WorldModelB] Agent 4 is trying the pick ore, but there is no ore at 20x25!
[WorldModelB] Agent 4 is trying the pick ore, but there is no ore at 20x25!
[WorldModelB] Agent 4 is trying the pick ore, but there is no ore at 20x24!
[miner4] Ore perceived: ore(gold,20,23,3)
[miner4] Going for ore(gold,20,23,3)
[miner4] Handling ore(gold,20,23,3) now.
[miner4] failed to handle ore(gold,20,24,3), it isn't in the BB anyway
[miner4] failed to handle ore(gold,20,24,3), it isn't in the BB anyway
[miner4] failed to handle ore(gold,20,24,3), it isn't in the BB anyway
[miner4] Ore distances: [d(1,ore(gold,20,23,3))]1
[miner4] Ore distances: [d(1,ore(gold,20,23,3))]1
[miner4] Ore distances: [d(1,ore(gold,20,23,3))]1
[miner4] Next ore is ore(gold,20,23,3)
[miner4] Next ore is ore(gold,20,23,3)
[miner4] Next ore is ore(gold,20,23,3)
[miner4] Handling ore(gold,20,23,3) now.
[miner4] Handling ore(gold,20,23,3) now.
[miner4] Handling ore(gold,20,23,3) now.
[miner4] Giving up current ore ore(gold,20,23,3) to handle ore(gold,20,22,3) which I am seeing!
[miner4] Going for ore(gold,20,22,3)
[miner4] Giving up current ore ore(gold,20,20,3) to handle ore(gold,20,21,3) which I am seeing!
[miner4] Going for ore(gold,20,21,3)
[miner4] Handling ore(gold,20,22,3) now.
[miner4] Handling ore(gold,20,21,3) now.
[miner4] I've reached 20x22
[miner4] Ore distances: [d(1,ore(gold,20,21,3)),d(2,ore(gold,19,21,3)),d(0,ore(gold,20,22,3)),d(1,ore(gold,20,23,3))]4
[miner4] Ore distances: [d(1,ore(gold,20,21,3)),d(2,ore(gold,19,21,3)),d(0,ore(gold,20,22,3)),d(1,ore(gold,20,23,3))]4
[miner4] Next ore is ore(gold,20,22,3)
[miner4] Next ore is ore(gold,20,22,3)
[miner4] failed to catch ore ore(gold,20,22,3)
[miner4] failed to handle ore(gold,20,22,3), it isn't in the BB anyway
[miner4] Ore distances: [d(1,ore(gold,20,21,3)),d(2,ore(gold,19,21,3)),d(1,ore(gold,20,23,3))]3
[miner4] Ore distances: [d(1,ore(gold,20,21,3)),d(2,ore(gold,19,21,3)),d(1,ore(gold,20,23,3))]3
[miner4] Next ore is ore(gold,20,21,3)
[miner4] Next ore is ore(gold,20,21,3)
[miner4] failed to catch ore ore(gold,20,21,3)
[miner4] failed to catch ore ore(gold,20,21,3)
[miner4] Ore distances: [d(2,ore(gold,19,21,3)),d(1,ore(gold,20,23,3))]2
[miner4] Ore distances: [d(2,ore(gold,19,21,3)),d(1,ore(gold,20,23,3))]2
[miner4] Next ore is ore(gold,20,23,3)
[miner4] Next ore is ore(gold,20,23,3)
[miner4] failed to catch ore ore(gold,20,23,3)
[miner4] failed to catch ore ore(gold,20,23,3)
[miner4] Ore distances: [d(2,ore(gold,19,21,3))]1
[miner4] Ore distances: [d(2,ore(gold,19,21,3))]1
[miner4] Next ore is ore(gold,19,21,3)
[miner4] Next ore is ore(gold,19,21,3)
[miner4] failed to catch ore ore(gold,19,21,3)
[miner4] failed to catch ore ore(gold,19,21,3)
[miner4] Ore perceived: ore(gold,19,20,3)
[miner4] Going for ore(gold,19,20,3)
[miner4] Giving up current ore ore(gold,20,24,3) to handle ore(gold,19,21,3) which I am seeing!
[miner4] Going for ore(gold,19,21,3)
[miner4] Giving up current ore ore(gold,19,20,3) to handle ore(gold,20,20,3) which I am seeing!
[miner4] Going for ore(gold,20,20,3)
[miner4] Giving up current ore ore(gold,19,21,3) to handle ore(gold,20,21,3) which I am seeing!
[miner4] Going for ore(gold,20,21,3)
[miner4] Handling ore(gold,20,20,3) now.
[miner4] Handling ore(gold,20,21,3) now.
[WorldModelB] Agent 4 is trying the pick ore, but there is no ore at 20x17!
[miner4] failed to catch ore ore(gold,20,22,3)
[miner4] Ore distances: [d(4,ore(gold,20,21,3)),d(3,ore(gold,20,20,3)),d(5,ore(gold,19,21,3)),d(4,ore(gold,19,20,3))]4
[miner4] Next ore is ore(gold,20,20,3)
[miner4] Handling ore(gold,20,20,3) now.
[miner4] Ore distances: [d(4,ore(gold,20,21,3)),d(3,ore(gold,20,20,3)),d(5,ore(gold,19,21,3)),d(4,ore(gold,19,20,3))]4
[miner4] Next ore is ore(gold,20,20,3)
[miner4] failed to catch ore ore(gold,20,20,3)
[miner4] Ore distances: [d(4,ore(gold,20,21,3)),d(5,ore(gold,19,21,3)),d(4,ore(gold,19,20,3))]3
[miner4] Next ore is ore(gold,19,20,3)
[miner4] failed to catch ore ore(gold,19,20,3)
[miner4] Ore distances: [d(4,ore(gold,20,21,3)),d(5,ore(gold,19,21,3))]2
[miner4] Next ore is ore(gold,20,21,3)
[miner4] failed to catch ore ore(gold,20,21,3)
[miner4] Ore distances: [d(5,ore(gold,19,21,3))]1
[miner4] Next ore is ore(gold,19,21,3)
[miner4] failed to catch ore ore(gold,19,21,3)
[miner4] Ore perceived: ore(gold,19,20,3)
[miner4] Going for ore(gold,19,20,3)
[miner4] Giving up current ore ore(gold,20,21,3) to handle ore(gold,20,20,3) which I am seeing!
[miner4] Going for ore(gold,20,20,3)
[miner4] Handling ore(gold,19,20,3) now.
[miner4] Handling ore(gold,20,20,3) now.
[miner4] Giving up current ore ore(gold,19,20,3) to handle ore(gold,20,22,3) which I am seeing!
[miner4] Going for ore(gold,20,22,3)
[miner4] Handling ore(gold,20,22,3) now.
[leader] Time left: 167 seconds
[miner2] Leader says time left is 167 seconds
[miner1] Leader says time left is 167 seconds
[miner4] Leader says time left is 167 seconds
[miner3] Leader says time left is 167 seconds
[miner4] Ore distances: [d(1,ore(gold,20,22,3)),d(0,ore(gold,20,21,3)),d(1,ore(gold,19,21,3)),d(1,ore(gold,20,20,3)),d(2,ore(gold,19,20,3))]5
[miner4] Ore distances: [d(1,ore(gold,20,22,3)),d(0,ore(gold,20,21,3)),d(1,ore(gold,19,21,3)),d(1,ore(gold,20,20,3)),d(2,ore(gold,19,20,3))]5
[miner4] Next ore is ore(gold,20,21,3)
[miner4] Next ore is ore(gold,20,21,3)
[miner4] failed to catch ore ore(gold,20,21,3)
[miner4] failed to handle ore(gold,20,21,3), it isn't in the BB anyway
[miner4] Ore distances: [d(1,ore(gold,20,22,3)),d(1,ore(gold,19,21,3)),d(1,ore(gold,20,20,3)),d(2,ore(gold,19,20,3))]4
[miner4] Ore distances: [d(1,ore(gold,20,22,3)),d(1,ore(gold,19,21,3)),d(1,ore(gold,20,20,3)),d(2,ore(gold,19,20,3))]4
[miner4] Next ore is ore(gold,19,21,3)
[miner4] Next ore is ore(gold,19,21,3)
[miner4] failed to catch ore ore(gold,19,21,3)
[miner4] failed to catch ore ore(gold,19,21,3)
[miner4] Ore distances: [d(1,ore(gold,20,22,3)),d(1,ore(gold,20,20,3)),d(2,ore(gold,19,20,3))]3
[miner4] Ore distances: [d(1,ore(gold,20,22,3)),d(1,ore(gold,20,20,3)),d(2,ore(gold,19,20,3))]3
[miner4] Next ore is ore(gold,20,20,3)
[miner4] Next ore is ore(gold,20,20,3)
[miner4] failed to catch ore ore(gold,20,20,3)
[miner4] failed to catch ore ore(gold,20,20,3)
[miner4] Ore distances: [d(1,ore(gold,20,22,3)),d(2,ore(gold,19,20,3))]2
[miner4] Ore distances: [d(1,ore(gold,20,22,3)),d(2,ore(gold,19,20,3))]2
[miner4] Next ore is ore(gold,20,22,3)
[miner4] Next ore is ore(gold,20,22,3)
[miner4] failed to catch ore ore(gold,20,22,3)
[miner4] failed to catch ore ore(gold,20,22,3)
[miner4] Ore distances: [d(2,ore(gold,19,20,3))]1
[miner4] Ore distances: [d(2,ore(gold,19,20,3))]1
[miner4] Next ore is ore(gold,19,20,3)
[miner4] Next ore is ore(gold,19,20,3)
[miner4] failed to catch ore ore(gold,19,20,3)
[miner4] failed to catch ore ore(gold,19,20,3)
[miner4] Ore perceived: ore(gold,19,21,3)
[miner4] Going for ore(gold,19,21,3)
[miner4] Giving up current ore ore(gold,19,21,3) to handle ore(gold,20,21,3) which I am seeing!
[miner4] Going for ore(gold,20,21,3)
[miner4] Giving up current ore ore(gold,20,21,3) to handle ore(gold,20,22,3) which I am seeing!
[miner4] Going for ore(gold,20,22,3)
[miner4] Giving up current ore ore(gold,20,22,3) to handle ore(gold,20,23,3) which I am seeing!
[miner4] Going for ore(gold,20,23,3)
[miner4] Handling ore(gold,20,23,3) now.
[miner4] Ore distances: [d(1,ore(gold,20,23,3)),d(2,ore(gold,20,22,3)),d(3,ore(gold,20,21,3)),d(4,ore(gold,19,21,3))]4
[miner4] Next ore is ore(gold,20,23,3)
[miner4] failed to catch ore ore(gold,20,23,3)
[miner4] Ore distances: [d(2,ore(gold,20,22,3)),d(3,ore(gold,20,21,3)),d(4,ore(gold,19,21,3))]3
[miner4] Next ore is ore(gold,20,22,3)
[miner4] failed to catch ore ore(gold,20,22,3)
[miner4] Ore distances: [d(3,ore(gold,20,21,3)),d(4,ore(gold,19,21,3))]2
[miner4] Next ore is ore(gold,20,21,3)
[miner4] failed to catch ore ore(gold,20,21,3)
[miner4] Ore distances: [d(4,ore(gold,19,21,3))]1
[miner4] Next ore is ore(gold,19,21,3)
[miner4] failed to catch ore ore(gold,19,21,3)
[miner4] Ore perceived: ore(gold,20,22,3)
[miner4] Going for ore(gold,20,22,3)
[miner4] Giving up current ore ore(gold,20,23,3) to handle ore(gold,19,21,3) which I am seeing!
[miner4] Going for ore(gold,19,21,3)
[miner4] Giving up current ore ore(gold,20,22,3) to handle ore(gold,20,21,3) which I am seeing!
[miner4] Going for ore(gold,20,21,3)
[miner4] Handling ore(gold,19,21,3) now.
[miner4] Handling ore(gold,20,21,3) now.
[miner4] I've reached 20x21
[miner4] I've reached 20x20
[miner4] Ore distances: [d(0,ore(gold,20,20,3)),d(1,ore(gold,19,20,3)),d(1,ore(gold,20,21,3)),d(2,ore(gold,19,21,3)),d(3,ore(gold,20,23,3)),d(2,ore(gold,20,22,3))]6
[miner4] Next ore is ore(gold,20,20,3)
[miner4] failed to catch ore ore(gold,20,20,3)
[miner4] Ore distances: [d(1,ore(gold,19,20,3)),d(1,ore(gold,20,21,3)),d(2,ore(gold,19,21,3)),d(3,ore(gold,20,23,3)),d(2,ore(gold,20,22,3))]5
[miner4] Next ore is ore(gold,19,20,3)
[miner4] failed to catch ore ore(gold,19,20,3)
[miner4] Ore distances: [d(1,ore(gold,20,21,3)),d(2,ore(gold,19,21,3)),d(3,ore(gold,20,23,3)),d(2,ore(gold,20,22,3))]4
[miner4] Next ore is ore(gold,20,21,3)
[miner4] failed to catch ore ore(gold,20,21,3)
[miner4] Ore distances: [d(2,ore(gold,19,21,3)),d(3,ore(gold,20,23,3)),d(2,ore(gold,20,22,3))]3
[miner4] Next ore is ore(gold,19,21,3)
[miner4] failed to catch ore ore(gold,19,21,3)
[miner4] Ore distances: [d(3,ore(gold,20,23,3)),d(2,ore(gold,20,22,3))]2
[miner4] Next ore is ore(gold,20,22,3)
[miner4] failed to catch ore ore(gold,20,22,3)
[miner4] Ore distances: [d(3,ore(gold,20,23,3))]1
[miner4] Next ore is ore(gold,20,23,3)
[miner4] failed to catch ore ore(gold,20,23,3)
[WorldModelB] Agent 4 is trying the pick ore, but there is no ore at 20x19!
[miner4] Ore perceived: ore(gold,19,20,3)
[miner4] Going for ore(gold,19,20,3)
[miner4] Giving up current ore ore(gold,20,21,3) to handle ore(gold,20,20,3) which I am seeing!
[miner4] Going for ore(gold,20,20,3)
[miner4] Handling ore(gold,19,20,3) now.
[miner4] Handling ore(gold,20,20,3) now.
[WorldModelB] Agent 4 is trying the pick ore, but there is no ore at 19x18!
[miner4] failed to catch ore ore(gold,20,20,3)
[miner4] Ore distances: [d(2,ore(gold,19,20,3))]1
[miner4] Next ore is ore(gold,19,20,3)
[miner4] Handling ore(gold,19,20,3) now.
[miner4] Ore distances: [d(2,ore(gold,19,20,3))]1
[miner4] Ore distances: [d(2,ore(gold,19,20,3))]1
[miner4] Next ore is ore(gold,19,20,3)
[miner4] Next ore is ore(gold,19,20,3)
[miner4] failed to catch ore ore(gold,19,20,3)
[miner4] failed to handle ore(gold,19,20,3), it isn't in the BB anyway
[miner4] Ore perceived: ore(gold,19,20,3)
[miner4] Going for ore(gold,19,20,3)
[miner4] Giving up current ore ore(gold,19,20,3) to handle ore(gold,20,20,3) which I am seeing!
[miner4] Going for ore(gold,20,20,3)
[miner4] Handling ore(gold,20,20,3) now.
[miner4] Ore distances: [d(3,ore(gold,20,20,3)),d(4,ore(gold,19,20,3))]2
[miner4] Next ore is ore(gold,20,20,3)
[miner4] failed to catch ore ore(gold,20,20,3)
[miner4] Ore distances: [d(4,ore(gold,19,20,3))]1
[miner4] Next ore is ore(gold,19,20,3)
[miner4] failed to catch ore ore(gold,19,20,3)
[miner4] Ore perceived: ore(gold,20,20,3)
[miner4] Going for ore(gold,20,20,3)
[miner4] Giving up current ore ore(gold,20,20,3) to handle ore(gold,20,21,3) which I am seeing!
[miner4] Going for ore(gold,20,21,3)
[miner4] Giving up current ore ore(gold,20,21,3) to handle ore(gold,19,21,3) which I am seeing!
[miner4] Going for ore(gold,19,21,3)
[miner4] Handling ore(gold,19,21,3) now.
[leader] Time left: 166 seconds
[miner2] Leader says time left is 166 seconds
[miner1] Leader says time left is 166 seconds
[miner3] Leader says time left is 166 seconds
[miner4] Leader says time left is 166 seconds
[miner4] Ore distances: [d(2,ore(gold,19,21,3)),d(3,ore(gold,19,20,3)),d(4,ore(gold,20,22,3)),d(3,ore(gold,20,21,3)),d(4,ore(gold,20,20,3))]5
[miner4] Ore distances: [d(2,ore(gold,19,21,3)),d(3,ore(gold,19,20,3)),d(4,ore(gold,20,22,3)),d(3,ore(gold,20,21,3)),d(4,ore(gold,20,20,3))]5
[miner4] Next ore is ore(gold,19,21,3)
[miner4] Next ore is ore(gold,19,21,3)
[miner4] failed to catch ore ore(gold,19,21,3)
[miner4] failed to handle ore(gold,19,21,3), it isn't in the BB anyway
[miner4] Ore distances: [d(3,ore(gold,19,20,3)),d(4,ore(gold,20,22,3)),d(3,ore(gold,20,21,3)),d(4,ore(gold,20,20,3))]4
[miner4] Ore distances: [d(3,ore(gold,19,20,3)),d(4,ore(gold,20,22,3)),d(3,ore(gold,20,21,3)),d(4,ore(gold,20,20,3))]4
[miner4] Next ore is ore(gold,19,20,3)
[miner4] Next ore is ore(gold,19,20,3)
[miner4] failed to catch ore ore(gold,19,20,3)
[miner4] failed to catch ore ore(gold,19,20,3)
[miner4] Ore distances: [d(4,ore(gold,20,22,3)),d(3,ore(gold,20,21,3)),d(4,ore(gold,20,20,3))]3
[miner4] Ore distances: [d(4,ore(gold,20,22,3)),d(3,ore(gold,20,21,3)),d(4,ore(gold,20,20,3))]3
[miner4] Next ore is ore(gold,20,21,3)
[miner4] Next ore is ore(gold,20,21,3)
[miner4] failed to catch ore ore(gold,20,21,3)
[miner4] failed to catch ore ore(gold,20,21,3)
[miner4] Ore distances: [d(4,ore(gold,20,22,3)),d(4,ore(gold,20,20,3))]2
[miner4] Ore distances: [d(4,ore(gold,20,22,3)),d(4,ore(gold,20,20,3))]2
[miner4] Next ore is ore(gold,20,20,3)
[miner4] Next ore is ore(gold,20,20,3)
[miner4] failed to catch ore ore(gold,20,20,3)
[miner4] failed to catch ore ore(gold,20,20,3)
[miner4] Ore distances: [d(4,ore(gold,20,22,3))]1
[miner4] Ore distances: [d(4,ore(gold,20,22,3))]1
[miner4] Next ore is ore(gold,20,22,3)
[miner4] Next ore is ore(gold,20,22,3)
[miner4] failed to catch ore ore(gold,20,22,3)
[miner4] failed to catch ore ore(gold,20,22,3)
[miner4] Ore perceived: ore(gold,19,20,3)
[miner4] Going for ore(gold,19,20,3)
[miner4] Giving up current ore ore(gold,19,20,3) to handle ore(gold,19,21,3) which I am seeing!
[miner4] Going for ore(gold,19,21,3)
[miner4] I've reached 19x21
[miner4] I've reached 19x21
[miner4] Handling ore(gold,19,21,3) now.
[miner4] I've reached 19x21
[miner4] Ore distances: [d(2,ore(gold,20,22,3)),d(1,ore(gold,20,21,3)),d(2,ore(gold,20,20,3)),d(0,ore(gold,19,21,3)),d(1,ore(gold,19,20,3))]5
[miner4] Next ore is ore(gold,19,21,3)
[miner4] failed to catch ore ore(gold,19,21,3)
[miner4] Ore distances: [d(2,ore(gold,20,22,3)),d(1,ore(gold,20,21,3)),d(2,ore(gold,20,20,3)),d(1,ore(gold,19,20,3))]4
[miner4] Next ore is ore(gold,19,20,3)
[miner4] failed to catch ore ore(gold,19,20,3)
[miner4] Ore distances: [d(2,ore(gold,20,22,3)),d(1,ore(gold,20,21,3)),d(2,ore(gold,20,20,3))]3
[miner4] Next ore is ore(gold,20,21,3)
[miner4] failed to catch ore ore(gold,20,21,3)
[miner4] Ore distances: [d(2,ore(gold,20,22,3)),d(2,ore(gold,20,20,3))]2
[miner4] Next ore is ore(gold,20,20,3)
[miner4] failed to catch ore ore(gold,20,20,3)
[miner4] Ore distances: [d(2,ore(gold,20,22,3))]1
[miner4] Next ore is ore(gold,20,22,3)
[miner4] failed to catch ore ore(gold,20,22,3)
[WorldModelB] Agent 4 is trying the pick ore, but there is no ore at 19x21!
[WorldModelB] Agent 4 is trying the pick ore, but there is no ore at 19x21!
[miner4] Ore perceived: ore(gold,19,20,3)
[miner4] Going for ore(gold,19,20,3)
[miner4] failed to handle ore(gold,19,21,3), it isn't in the BB anyway
[miner4] Handling ore(gold,19,20,3) now.
[miner4] failed to handle ore(gold,19,21,3), it isn't in the BB anyway
[miner4] failed to handle ore(gold,19,21,3), it isn't in the BB anyway
[miner4] Ore distances: [d(2,ore(gold,20,22,3)),d(1,ore(gold,20,21,3)),d(2,ore(gold,20,20,3)),d(1,ore(gold,19,20,3))]4
[miner4] Ore distances: [d(2,ore(gold,20,22,3)),d(1,ore(gold,20,21,3)),d(2,ore(gold,20,20,3)),d(1,ore(gold,19,20,3))]4
[miner4] Ore distances: [d(2,ore(gold,20,22,3)),d(1,ore(gold,20,21,3)),d(2,ore(gold,20,20,3)),d(1,ore(gold,19,20,3))]4
[miner4] Next ore is ore(gold,19,20,3)
[miner4] Next ore is ore(gold,19,20,3)
[miner4] Next ore is ore(gold,19,20,3)
[miner4] Handling ore(gold,19,20,3) now.
[miner4] Handling ore(gold,19,20,3) now.
[miner4] Handling ore(gold,19,20,3) now.
[miner4] Ore distances: [d(2,ore(gold,20,22,3)),d(1,ore(gold,20,21,3)),d(2,ore(gold,20,20,3)),d(1,ore(gold,19,20,3))]4
[miner4] Next ore is ore(gold,19,20,3)
[miner4] failed to catch ore ore(gold,19,20,3)
[miner4] Ore distances: [d(2,ore(gold,20,22,3)),d(1,ore(gold,20,21,3)),d(2,ore(gold,20,20,3))]3
[miner4] Next ore is ore(gold,20,21,3)
[miner4] failed to catch ore ore(gold,20,21,3)
[miner4] Ore distances: [d(2,ore(gold,20,22,3)),d(2,ore(gold,20,20,3))]2
[miner4] Next ore is ore(gold,20,20,3)
[miner4] failed to catch ore ore(gold,20,20,3)
[miner4] Ore distances: [d(2,ore(gold,20,22,3))]1
[miner4] Next ore is ore(gold,20,22,3)
[miner4] failed to catch ore ore(gold,20,22,3)
[miner3] I am at (20,30) which is near (20,31)
[miner3] I chose to go near 0 30 Coordinates
[miner4] Ore perceived: ore(gold,19,20,3)
[miner4] Going for ore(gold,19,20,3)
[miner4] I've reached 19x20
[miner4] Handling ore(gold,19,20,3) now.
[miner4] failed to catch ore ore(gold,19,20,3)
[miner4] Ore distances: [d(5,ore(gold,20,21,3)),d(4,ore(gold,20,20,3))]2
[miner4] Next ore is ore(gold,20,20,3)
[miner4] Handling ore(gold,20,20,3) now.
[miner4] Ore distances: [d(5,ore(gold,20,21,3)),d(4,ore(gold,20,20,3))]2
[miner4] Ore distances: [d(5,ore(gold,20,21,3)),d(4,ore(gold,20,20,3))]2
[miner4] Next ore is ore(gold,20,20,3)
[miner4] Next ore is ore(gold,20,20,3)
[miner4] failed to catch ore ore(gold,20,20,3)
[miner4] failed to handle ore(gold,20,20,3), it isn't in the BB anyway
[miner4] Ore distances: [d(5,ore(gold,20,21,3))]1
[miner4] Ore distances: [d(5,ore(gold,20,21,3))]1
[miner4] Next ore is ore(gold,20,21,3)
[miner4] Next ore is ore(gold,20,21,3)
[miner4] failed to catch ore ore(gold,20,21,3)
[miner4] failed to catch ore ore(gold,20,21,3)
[miner4] Ore perceived: ore(gold,19,20,3)
[miner4] Going for ore(gold,19,20,3)
[miner4] Giving up current ore ore(gold,19,20,3) to handle ore(gold,20,20,3) which I am seeing!
[miner4] Going for ore(gold,20,20,3)
[miner4] Giving up current ore ore(gold,20,20,3) to handle ore(gold,20,21,3) which I am seeing!
[miner4] Going for ore(gold,20,21,3)
[miner4] Handling ore(gold,20,21,3) now.
[miner4] I've reached 20x21
[miner4] Ore distances: [d(1,ore(gold,20,22,3)),d(0,ore(gold,20,21,3)),d(1,ore(gold,20,20,3)),d(2,ore(gold,19,20,3))]4
[miner4] Next ore is ore(gold,20,21,3)
[miner4] failed to catch ore ore(gold,20,21,3)
[miner4] Ore distances: [d(1,ore(gold,20,22,3)),d(1,ore(gold,20,20,3)),d(2,ore(gold,19,20,3))]3
[miner4] Next ore is ore(gold,20,20,3)
[miner4] failed to catch ore ore(gold,20,20,3)
[miner4] Ore distances: [d(1,ore(gold,20,22,3)),d(2,ore(gold,19,20,3))]2
[miner4] Next ore is ore(gold,20,22,3)
[miner4] failed to catch ore ore(gold,20,22,3)
[miner4] Ore distances: [d(2,ore(gold,19,20,3))]1
[miner4] Next ore is ore(gold,19,20,3)
[miner4] failed to catch ore ore(gold,19,20,3)
[WorldModelB] Agent 4 is trying to pick ore, but its backpack is full!
[miner4] Ore perceived: ore(gold,19,20,3)
[miner4] Going for ore(gold,19,20,3)
[miner4] Giving up current ore ore(gold,19,20,3) to handle ore(gold,20,20,3) which I am seeing!
[miner4] Going for ore(gold,20,20,3)
[miner4] Giving up current ore ore(gold,20,20,3) to handle ore(gold,20,21,3) which I am seeing!
[miner4] Going for ore(gold,20,21,3)
[miner4] failed to handle ore(gold,20,21,3), it isn't in the BB anyway
[miner4] Handling ore(gold,20,21,3) now.
[miner4] I've reached 20x21
[miner4] Ore distances: [d(1,ore(gold,20,22,3)),d(0,ore(gold,20,21,3)),d(1,ore(gold,20,20,3)),d(2,ore(gold,19,20,3))]4
[miner4] Next ore is ore(gold,20,21,3)
[miner4] Handling ore(gold,20,21,3) now.
[miner4] I've reached 20x21
[leader] Time left: 165 seconds
[miner2] Leader says time left is 165 seconds
[miner1] Leader says time left is 165 seconds
[miner4] Leader says time left is 165 seconds
[miner3] Leader says time left is 165 seconds
[miner4] Ore distances: [d(1,ore(gold,20,22,3)),d(0,ore(gold,20,21,3)),d(1,ore(gold,20,20,3)),d(2,ore(gold,19,20,3))]4
[miner4] Ore distances: [d(1,ore(gold,20,22,3)),d(0,ore(gold,20,21,3)),d(1,ore(gold,20,20,3)),d(2,ore(gold,19,20,3))]4
[miner4] Next ore is ore(gold,20,21,3)
[miner4] Next ore is ore(gold,20,21,3)
[miner4] failed to catch ore ore(gold,20,21,3)
[miner4] failed to handle ore(gold,20,21,3), it isn't in the BB anyway
[miner4] Ore distances: [d(1,ore(gold,20,22,3)),d(1,ore(gold,20,20,3)),d(2,ore(gold,19,20,3))]3
[miner4] Ore distances: [d(1,ore(gold,20,22,3)),d(1,ore(gold,20,20,3)),d(2,ore(gold,19,20,3))]3
[miner4] Next ore is ore(gold,20,20,3)
[miner4] Next ore is ore(gold,20,20,3)
[miner4] failed to catch ore ore(gold,20,20,3)
[miner4] failed to catch ore ore(gold,20,20,3)
[miner4] Ore distances: [d(1,ore(gold,20,22,3)),d(2,ore(gold,19,20,3))]2
[miner4] Ore distances: [d(1,ore(gold,20,22,3)),d(2,ore(gold,19,20,3))]2
[miner4] Next ore is ore(gold,20,22,3)
[miner4] Next ore is ore(gold,20,22,3)
[miner4] failed to catch ore ore(gold,20,22,3)
[miner4] failed to catch ore ore(gold,20,22,3)
[miner4] Ore distances: [d(2,ore(gold,19,20,3))]1
[miner4] Ore distances: [d(2,ore(gold,19,20,3))]1
[miner4] Next ore is ore(gold,19,20,3)
[miner4] Next ore is ore(gold,19,20,3)
[miner4] failed to catch ore ore(gold,19,20,3)
[miner4] failed to catch ore ore(gold,19,20,3)
[miner1] I am at (19,8) which is near (19,7)
[miner1] I chose to go near 9 28 Coordinates
[WorldModelB] Agent 4 is trying to pick ore, but its backpack is full!
[WorldModelB] Agent 4 is trying to pick ore, but its backpack is full!
[miner4] Ore perceived: ore(gold,19,20,3)
[miner4] Going for ore(gold,19,20,3)
[miner4] Giving up current ore ore(gold,19,20,3) to handle ore(gold,20,20,3) which I am seeing!
[miner4] Going for ore(gold,20,20,3)
[miner4] Giving up current ore ore(gold,20,20,3) to handle ore(gold,20,21,3) which I am seeing!
[miner4] Going for ore(gold,20,21,3)
[miner4] failed to handle ore(gold,20,21,3), it isn't in the BB anyway
[miner4] Handling ore(gold,20,21,3) now.
[miner4] failed to catch ore ore(gold,20,21,3)
[miner4] I've reached 20x21
[miner4] failed to handle ore(gold,20,21,3), it isn't in the BB anyway
[miner4] Ore distances: [d(1,ore(gold,20,22,3)),d(0,ore(gold,20,21,3)),d(1,ore(gold,20,20,3)),d(2,ore(gold,19,20,3))]4
[miner4] Ore distances: [d(1,ore(gold,20,22,3)),d(1,ore(gold,20,20,3)),d(2,ore(gold,19,20,3))]3
[miner4] Next ore is ore(gold,20,21,3)
[miner4] Next ore is ore(gold,20,20,3)
[miner4] Ore distances: [d(1,ore(gold,20,22,3)),d(1,ore(gold,20,20,3)),d(2,ore(gold,19,20,3))]3
[miner4] Handling ore(gold,20,21,3) now.
[miner4] Handling ore(gold,20,20,3) now.
[miner4] Next ore is ore(gold,20,20,3)
[miner4] I've reached 20x21
[miner4] Handling ore(gold,20,20,3) now.
[miner4] failed to handle ore(gold,20,21,3), it isn't in the BB anyway
[miner4] Ore distances: [d(1,ore(gold,20,22,3)),d(1,ore(gold,20,20,3)),d(2,ore(gold,19,20,3))]3
[miner4] Next ore is ore(gold,20,20,3)
[miner4] Handling ore(gold,20,20,3) now.
[miner4] Ore distances: [d(1,ore(gold,20,22,3)),d(1,ore(gold,20,20,3)),d(2,ore(gold,19,20,3))]3
[miner4] Next ore is ore(gold,20,20,3)
[miner4] failed to catch ore ore(gold,20,20,3)
[miner4] Ore distances: [d(1,ore(gold,20,22,3)),d(2,ore(gold,19,20,3))]2
[miner4] Next ore is ore(gold,20,22,3)
[miner4] failed to catch ore ore(gold,20,22,3)
[miner4] Ore distances: [d(2,ore(gold,19,20,3))]1
[miner4] Next ore is ore(gold,19,20,3)
[miner4] failed to catch ore ore(gold,19,20,3)
[miner4] Ore perceived: ore(gold,19,20,3)
[miner4] Going for ore(gold,19,20,3)
[miner4] Giving up current ore ore(gold,19,20,3) to handle ore(gold,20,20,3) which I am seeing!
[miner4] Going for ore(gold,20,20,3)
[miner4] Handling ore(gold,20,20,3) now.
[miner4] Ore distances: [d(3,ore(gold,20,21,3)),d(2,ore(gold,20,20,3)),d(3,ore(gold,19,20,3))]3
[miner4] Next ore is ore(gold,20,20,3)
[miner4] failed to catch ore ore(gold,20,20,3)
[miner4] Ore distances: [d(3,ore(gold,20,21,3)),d(3,ore(gold,19,20,3))]2
[miner4] Next ore is ore(gold,19,20,3)
[miner4] failed to catch ore ore(gold,19,20,3)
[miner4] Ore distances: [d(3,ore(gold,20,21,3))]1
[miner4] Next ore is ore(gold,20,21,3)
[miner4] failed to catch ore ore(gold,20,21,3)
[miner4] Ore perceived: ore(gold,19,20,3)
[miner4] Going for ore(gold,19,20,3)
[miner4] Giving up current ore ore(gold,19,20,3) to handle ore(gold,20,20,3) which I am seeing!
[miner4] Going for ore(gold,20,20,3)
[miner4] Giving up current ore ore(gold,20,20,3) to handle ore(gold,20,21,3) which I am seeing!
[miner4] Going for ore(gold,20,21,3)
[miner4] Giving up current ore ore(gold,20,21,3) to handle ore(gold,20,22,3) which I am seeing!
[miner4] Going for ore(gold,20,22,3)
[miner4] Handling ore(gold,20,22,3) now.
[miner4] I've reached 20x22
[miner4] Ore distances: [d(1,ore(gold,20,23,3)),d(0,ore(gold,20,22,3)),d(1,ore(gold,20,21,3)),d(2,ore(gold,20,20,3)),d(3,ore(gold,19,20,3))]5
[miner4] Ore distances: [d(1,ore(gold,20,23,3)),d(0,ore(gold,20,22,3)),d(1,ore(gold,20,21,3)),d(2,ore(gold,20,20,3)),d(3,ore(gold,19,20,3))]5
[miner4] Next ore is ore(gold,20,22,3)
[miner4] Next ore is ore(gold,20,22,3)
[miner4] failed to catch ore ore(gold,20,22,3)
[miner4] failed to handle ore(gold,20,22,3), it isn't in the BB anyway
[miner4] Ore distances: [d(1,ore(gold,20,23,3)),d(1,ore(gold,20,21,3)),d(2,ore(gold,20,20,3)),d(3,ore(gold,19,20,3))]4
[miner4] Ore distances: [d(1,ore(gold,20,23,3)),d(1,ore(gold,20,21,3)),d(2,ore(gold,20,20,3)),d(3,ore(gold,19,20,3))]4
[miner4] Next ore is ore(gold,20,21,3)
[miner4] Next ore is ore(gold,20,21,3)
[miner4] failed to catch ore ore(gold,20,21,3)
[miner4] failed to catch ore ore(gold,20,21,3)
[miner4] Ore distances: [d(1,ore(gold,20,23,3)),d(2,ore(gold,20,20,3)),d(3,ore(gold,19,20,3))]3
[miner4] Ore distances: [d(1,ore(gold,20,23,3)),d(2,ore(gold,20,20,3)),d(3,ore(gold,19,20,3))]3
[miner4] Next ore is ore(gold,20,23,3)
[miner4] Next ore is ore(gold,20,23,3)
[miner4] failed to catch ore ore(gold,20,23,3)
[miner4] failed to catch ore ore(gold,20,23,3)
[miner4] Ore distances: [d(2,ore(gold,20,20,3)),d(3,ore(gold,19,20,3))]2
[miner4] Ore distances: [d(2,ore(gold,20,20,3)),d(3,ore(gold,19,20,3))]2
[miner4] Next ore is ore(gold,20,20,3)
[miner4] Next ore is ore(gold,20,20,3)
[miner4] failed to catch ore ore(gold,20,20,3)
[miner4] failed to catch ore ore(gold,20,20,3)
[miner4] Ore distances: [d(3,ore(gold,19,20,3))]1
[miner4] Ore distances: [d(3,ore(gold,19,20,3))]1
[miner4] Next ore is ore(gold,19,20,3)
[miner4] Next ore is ore(gold,19,20,3)
[miner4] failed to catch ore ore(gold,19,20,3)
[miner4] failed to catch ore ore(gold,19,20,3)
[WorldModelB] Agent 4 is trying to pick ore, but its backpack is full!
[miner4] Ore perceived: ore(gold,20,21,3)
[miner4] Going for ore(gold,20,21,3)
[miner4] Giving up current ore ore(gold,20,21,3) to handle ore(gold,20,22,3) which I am seeing!
[miner4] Going for ore(gold,20,22,3)
[miner4] Handling ore(gold,20,22,3) now.
[miner4] failed to catch ore ore(gold,20,22,3)
[miner4] I've reached 20x22
[miner4] failed to handle ore(gold,20,22,3), it isn't in the BB anyway
[miner4] Ore distances: [d(1,ore(gold,20,23,3)),d(1,ore(gold,20,21,3))]2
[miner4] Next ore is ore(gold,20,21,3)
[miner4] Ore distances: [d(1,ore(gold,20,23,3)),d(1,ore(gold,20,21,3))]2
[miner4] Handling ore(gold,20,21,3) now.
[miner4] Next ore is ore(gold,20,21,3)
[miner4] Handling ore(gold,20,21,3) now.
[miner4] Ore distances: [d(1,ore(gold,20,23,3)),d(1,ore(gold,20,21,3))]2
[miner4] Next ore is ore(gold,20,21,3)
[miner4] failed to catch ore ore(gold,20,21,3)
[miner4] Ore distances: [d(1,ore(gold,20,23,3))]1
[miner4] Next ore is ore(gold,20,23,3)
[miner4] failed to catch ore ore(gold,20,23,3)
[miner4] Ore perceived: ore(gold,19,20,3)
[miner4] Going for ore(gold,19,20,3)
[miner4] Giving up current ore ore(gold,19,20,3) to handle ore(gold,20,20,3) which I am seeing!
[miner4] Going for ore(gold,20,20,3)
[miner4] Handling ore(gold,20,20,3) now.
[miner4] I've reached 20x20
[leader] Time left: 164 seconds
[miner4] Leader says time left is 164 seconds
[miner2] Leader says time left is 164 seconds
[miner3] Leader says time left is 164 seconds
[miner1] Leader says time left is 164 seconds
[miner4] Ore distances: [d(2,ore(gold,20,22,3)),d(1,ore(gold,20,21,3)),d(0,ore(gold,20,20,3)),d(1,ore(gold,19,20,3))]4
[miner4] Ore distances: [d(2,ore(gold,20,22,3)),d(1,ore(gold,20,21,3)),d(0,ore(gold,20,20,3)),d(1,ore(gold,19,20,3))]4
[miner4] Next ore is ore(gold,20,20,3)
[miner4] Next ore is ore(gold,20,20,3)
[miner4] failed to catch ore ore(gold,20,20,3)
[miner4] failed to handle ore(gold,20,20,3), it isn't in the BB anyway
[miner4] Ore distances: [d(2,ore(gold,20,22,3)),d(1,ore(gold,20,21,3)),d(1,ore(gold,19,20,3))]3
[miner4] Ore distances: [d(2,ore(gold,20,22,3)),d(1,ore(gold,20,21,3)),d(1,ore(gold,19,20,3))]3
[miner4] Next ore is ore(gold,19,20,3)
[miner4] Next ore is ore(gold,19,20,3)
[miner4] failed to catch ore ore(gold,19,20,3)
[miner4] failed to catch ore ore(gold,19,20,3)
[miner4] Ore distances: [d(2,ore(gold,20,22,3)),d(1,ore(gold,20,21,3))]2
[miner4] Ore distances: [d(2,ore(gold,20,22,3)),d(1,ore(gold,20,21,3))]2
[miner4] Next ore is ore(gold,20,21,3)
[miner4] Next ore is ore(gold,20,21,3)
[miner4] failed to catch ore ore(gold,20,21,3)
[miner4] failed to catch ore ore(gold,20,21,3)
[miner4] Ore distances: [d(2,ore(gold,20,22,3))]1
[miner4] Ore distances: [d(2,ore(gold,20,22,3))]1
[miner4] Next ore is ore(gold,20,22,3)
[miner4] Next ore is ore(gold,20,22,3)
[miner4] failed to catch ore ore(gold,20,22,3)
[miner4] failed to catch ore ore(gold,20,22,3)
[WorldModelB] Agent 4 is trying to pick ore, but its backpack is full!
[miner4] Ore perceived: ore(gold,19,20,3)
[miner4] Going for ore(gold,19,20,3)
[miner4] Giving up current ore ore(gold,19,20,3) to handle ore(gold,20,20,3) which I am seeing!
[miner4] Going for ore(gold,20,20,3)
[miner4] Giving up current ore ore(gold,20,20,3) to handle ore(gold,20,21,3) which I am seeing!
[miner4] Going for ore(gold,20,21,3)
[miner4] Giving up current ore ore(gold,20,21,3) to handle ore(gold,20,22,3) which I am seeing!
[miner4] Going for ore(gold,20,22,3)
[miner4] Handling ore(gold,20,22,3) now.
[miner4] I've reached 20x22
[miner4] Ore distances: [d(1,ore(gold,20,23,3)),d(0,ore(gold,20,22,3)),d(1,ore(gold,20,21,3)),d(2,ore(gold,20,20,3)),d(3,ore(gold,19,20,3))]5
[miner4] Next ore is ore(gold,20,22,3)
[miner4] failed to catch ore ore(gold,20,22,3)
[miner4] Ore distances: [d(1,ore(gold,20,23,3)),d(1,ore(gold,20,21,3)),d(2,ore(gold,20,20,3)),d(3,ore(gold,19,20,3))]4
[miner4] Next ore is ore(gold,20,21,3)
[miner4] failed to catch ore ore(gold,20,21,3)
[miner4] Ore distances: [d(1,ore(gold,20,23,3)),d(2,ore(gold,20,20,3)),d(3,ore(gold,19,20,3))]3
[miner4] Next ore is ore(gold,20,23,3)
[miner4] failed to catch ore ore(gold,20,23,3)
[miner4] Ore distances: [d(2,ore(gold,20,20,3)),d(3,ore(gold,19,20,3))]2
[miner4] Next ore is ore(gold,20,20,3)
[miner4] failed to catch ore ore(gold,20,20,3)
[miner4] Ore distances: [d(3,ore(gold,19,20,3))]1
[miner4] Next ore is ore(gold,19,20,3)
[miner4] failed to catch ore ore(gold,19,20,3)
[WorldModelB] Agent 4 is trying to pick ore, but its backpack is full!
[miner4] Ore perceived: ore(gold,20,21,3)
[miner4] Going for ore(gold,20,21,3)
[miner4] Giving up current ore ore(gold,20,21,3) to handle ore(gold,20,22,3) which I am seeing!
[miner4] Going for ore(gold,20,22,3)
[miner4] Handling ore(gold,20,22,3) now.
[miner4] failed to catch ore ore(gold,20,22,3)
[miner4] I've reached 20x22
[miner4] failed to handle ore(gold,20,22,3), it isn't in the BB anyway
[miner4] Ore distances: [d(1,ore(gold,20,23,3)),d(1,ore(gold,20,21,3))]2
[miner4] Next ore is ore(gold,20,21,3)
[miner4] Ore distances: [d(1,ore(gold,20,23,3)),d(1,ore(gold,20,21,3))]2
[miner4] Handling ore(gold,20,21,3) now.
[miner4] Next ore is ore(gold,20,21,3)
[miner4] Handling ore(gold,20,21,3) now.
[miner4] Ore distances: [d(1,ore(gold,20,23,3)),d(1,ore(gold,20,21,3))]2
[miner4] Next ore is ore(gold,20,21,3)
[miner4] failed to catch ore ore(gold,20,21,3)
[miner4] Ore distances: [d(1,ore(gold,20,23,3))]1
[miner4] Next ore is ore(gold,20,23,3)
[miner4] failed to catch ore ore(gold,20,23,3)
[miner4] Ore perceived: ore(gold,19,20,3)
[miner4] Going for ore(gold,19,20,3)
[miner4] Giving up current ore ore(gold,19,20,3) to handle ore(gold,20,20,3) which I am seeing!
[miner4] Going for ore(gold,20,20,3)
[miner4] Handling ore(gold,20,20,3) now.
[miner4] I've reached 20x20
[miner4] Ore distances: [d(2,ore(gold,20,22,3)),d(1,ore(gold,20,21,3)),d(0,ore(gold,20,20,3)),d(1,ore(gold,19,20,3))]4
[miner4] Ore distances: [d(2,ore(gold,20,22,3)),d(1,ore(gold,20,21,3)),d(0,ore(gold,20,20,3)),d(1,ore(gold,19,20,3))]4
[miner4] Next ore is ore(gold,20,20,3)
[miner4] Next ore is ore(gold,20,20,3)
[miner4] failed to catch ore ore(gold,20,20,3)
[miner4] failed to handle ore(gold,20,20,3), it isn't in the BB anyway
[miner4] Ore distances: [d(2,ore(gold,20,22,3)),d(1,ore(gold,20,21,3)),d(1,ore(gold,19,20,3))]3
[miner4] Ore distances: [d(2,ore(gold,20,22,3)),d(1,ore(gold,20,21,3)),d(1,ore(gold,19,20,3))]3
[miner4] Next ore is ore(gold,19,20,3)
[miner4] Next ore is ore(gold,19,20,3)
[miner4] failed to catch ore ore(gold,19,20,3)
[miner4] failed to catch ore ore(gold,19,20,3)
[miner4] Ore distances: [d(2,ore(gold,20,22,3)),d(1,ore(gold,20,21,3))]2
[miner4] Ore distances: [d(2,ore(gold,20,22,3)),d(1,ore(gold,20,21,3))]2
[miner4] Next ore is ore(gold,20,21,3)
[miner4] Next ore is ore(gold,20,21,3)
[miner4] failed to catch ore ore(gold,20,21,3)
[miner4] failed to catch ore ore(gold,20,21,3)
[miner4] Ore distances: [d(2,ore(gold,20,22,3))]1
[miner4] Ore distances: [d(2,ore(gold,20,22,3))]1
[miner4] Next ore is ore(gold,20,22,3)
[miner4] Next ore is ore(gold,20,22,3)
[miner4] failed to catch ore ore(gold,20,22,3)
[miner4] failed to catch ore ore(gold,20,22,3)
