[Moise] OrgBoard mining_org created.
[Moise] scheme created: mining: mine_resources using artifact SchemeBoard
[Moise] group created: blue: mining_team using artifact ora4mas.nopl.GroupBoard
[Moise] group created: red: mining_team using artifact ora4mas.nopl.GroupBoard
[Cartago] Workspace mining created.
[Cartago] artifact m1view: mining.MiningPlanetB(4,0) at mining created.
[Cartago] artifact m2view: mining.MiningPlanetB(4,1) at mining created.
[Cartago] artifact backpack: mining.BackpackArtifact(3) at mining created.
[Cartago] artifact m4view: mining.MiningPlanetB(4,3) at mining created.
[Cartago] artifact clock: mining.ClockArtifact(180) at mining created.
[Cartago] artifact m3view: mining.MiningPlanetB(4,2) at mining created.
[Cartago] artifact lantern: mining.LanternArtifact(2) at mining created.
[Cartago] artifact radio: mining.RadioArtifact(25) at mining created.
[miner1] join workspace /main/mining: done
[miner1] focusing on artifact m1view (at workspace /main/mining) using namespace default
[miner4] join workspace /main/mining: done
[miner4] focusing on artifact m4view (at workspace /main/mining) using namespace default
[miner4] focus on m4view: done
[miner1] focus on m1view: done
[miner4] focusing on artifact radio (at workspace /main/mining) using namespace default
[miner1] focusing on artifact radio (at workspace /main/mining) using namespace default
[miner4] focus on radio: done
[miner4] focusing on artifact backpack (at workspace /main/mining) using namespace default
[miner1] focus on radio: done
[miner4] focus on backpack: done
[miner1] focusing on artifact lantern (at workspace /main/mining) using namespace default
[miner4] I chose to go near 6 13 Coordinates
[miner4] Organisation setup: red retriever
[miner1] focus on lantern: done
[miner1] I chose to go near 8 6 Coordinates
[miner1] Organisation setup: blue explorer
[miner3] join workspace /main/mining: done
[leader] join workspace /main/mining: done
[miner3] focusing on artifact m3view (at workspace /main/mining) using namespace default
[miner2] join workspace /main/mining: done
[miner3] focus on m3view: done
[leader] focusing on artifact clock (at workspace /main/mining) using namespace default
[miner2] focusing on artifact m2view (at workspace /main/mining) using namespace default
[miner3] focusing on artifact radio (at workspace /main/mining) using namespace default
[leader] focus on clock: done
[miner2] focus on m2view: done
[miner2] focusing on artifact radio (at workspace /main/mining) using namespace default
[miner3] focus on radio: done
[miner1] Leader says time left is 180 seconds
[leader] Time left: 180 seconds
[miner3] focusing on artifact lantern (at workspace /main/mining) using namespace default
[miner2] focus on radio: done
[miner4] Leader says time left is 180 seconds
[miner2] focusing on artifact backpack (at workspace /main/mining) using namespace default
[miner3] focus on lantern: done
[miner2] focus on backpack: done
[miner2] I chose to go near 6 29 Coordinates
[miner3] I chose to go near 2 19 Coordinates
[miner2] Leader says time left is 180 seconds
[miner3] Leader says time left is 180 seconds
[miner2] Organisation setup: blue retriever
[miner3] Organisation setup: red explorer
[miner2] Ore perceived: ore(gold,3,5,3)
[miner2] Dropping near(_,_) desires and intentions to handle ore(gold,3,5,3)
[miner2] Going for ore(gold,3,5,3)
[miner2] Handling ore(gold,3,5,3) now.
[miner4] Ore perceived: ore(gold,3,5,3)
[miner1] Radio received from miner 2: ore(gold,3,5,3)
[miner3] Radio received from miner 2: ore(gold,3,5,3)
[miner4] Dropping near(_,_) desires and intentions to handle ore(gold,3,5,3)
[miner4] Going for ore(gold,3,5,3)
[miner4] Radio received from miner 2: ore(gold,3,5,3)
[miner4] Handling ore(gold,3,5,3) now.
[leader] Time left: 179 seconds
[miner2] Leader says time left is 179 seconds
[miner4] Leader says time left is 179 seconds
[miner3] Leader says time left is 179 seconds
[miner1] Leader says time left is 179 seconds
[miner2] I've reached 3x5
[miner2] Stored ore(gold,3,5,3) in backpack.
[miner2] Backpack is full: 1/1
[miner3] Scout report: ore(gold,7,7,3)
[miner1] Radio received from miner 3: ore(gold,7,7,3)
[miner2] Radio received from miner 3: ore(gold,7,7,3)
[miner4] Giving up current ore ore(gold,3,5,3) to handle ore(gold,7,7,3) which I am seeing!
[miner4] Going for ore(gold,7,7,3)
[miner4] Radio received from miner 3: ore(gold,7,7,3)
[miner4] Handling ore(gold,7,7,3) now.
[leader] Time left: 178 seconds
[miner2] Leader says time left is 178 seconds
[miner4] Leader says time left is 178 seconds
[miner1] Leader says time left is 178 seconds
[miner3] Leader says time left is 178 seconds
[miner4] Radio received from miner 2: ore(coal,3,9,1)
[miner3] Radio received from miner 2: ore(coal,3,9,1)
[miner1] Radio received from miner 2: ore(coal,3,9,1)
[miner1] I am at (8,5) which is near (8,6)
[miner1] I chose to go near 5 21 Coordinates
[miner3] Radio received from miner 1: ore(gold,7,7,3)
[miner1] Scout report: ore(gold,7,7,3)
[leader] Time left: 177 seconds
[miner1] Leader says time left is 177 seconds
[miner3] Leader says time left is 177 seconds
[miner2] Leader says time left is 177 seconds
[miner4] Leader says time left is 177 seconds
[miner4] I've reached 7x7
[miner4] Stored ore(gold,7,7,3) in backpack.
[miner4] Backpack is full: 1/1
[leader] Time left: 176 seconds
[miner4] Leader says time left is 176 seconds
[miner3] Leader says time left is 176 seconds
[miner2] Leader says time left is 176 seconds
[miner1] Leader says time left is 176 seconds
[miner3] I am at (3,18) which is near (2,19)
[miner3] I chose to go near 8 8 Coordinates
[leader] Time left: 175 seconds
[miner2] Leader says time left is 175 seconds
[miner4] Leader says time left is 175 seconds
[miner1] Leader says time left is 175 seconds
[miner3] Leader says time left is 175 seconds
[leader] Time left: 174 seconds
[miner1] Leader says time left is 174 seconds
[miner3] Leader says time left is 174 seconds
[miner4] Leader says time left is 174 seconds
[miner2] Leader says time left is 174 seconds
[miner1] I am at (5,20) which is near (5,21)
[miner1] I chose to go near 0 30 Coordinates
[miner2] I've reached 5x27
[WorldModelB] Agent 2 carried 1 ores to depot, worth 3 points!
[miner2] Dropped backpack with 1 ores, worth 3 points.
[leader] Agent miner2 is now on the lead with the score of 3
[miner2] HAHAHA IM WINNING!
[miner2] Ore distances: [d(20,ore(coal,3,9,1)),d(22,ore(gold,7,7,3))]2
[miner2] Next ore is ore(coal,3,9,1)
[miner2] Handling ore(coal,3,9,1) now.
[leader] Time left: 173 seconds
[miner2] Leader says time left is 173 seconds
[miner1] Leader says time left is 173 seconds
[miner3] Leader says time left is 173 seconds
[miner4] Leader says time left is 173 seconds
[miner3] I am at (8,9) which is near (8,8)
[miner3] I chose to go near 14 5 Coordinates
[miner4] Radio received from miner 3: ore(iron,10,8,2)
[miner1] Radio received from miner 3: ore(iron,10,8,2)
[miner2] Radio received from miner 3: ore(iron,10,8,2)
[miner3] Scout report: ore(iron,10,8,2)
[miner4] I've reached 5x27
[leader] Time left: 172 seconds
[miner2] Leader says time left is 172 seconds
[miner3] Leader says time left is 172 seconds
[miner1] Leader says time left is 172 seconds
[miner4] Leader says time left is 172 seconds
[WorldModelB] Agent 4 carried 1 ores to depot, worth 3 points!
[miner4] Dropped backpack with 1 ores, worth 3 points.
[leader] Agent miner4 has dropped ore worth 3 points; score is 3
[miner4] Ore distances: [d(24,ore(iron,10,8,2)),d(20,ore(coal,3,9,1)),d(24,ore(gold,3,5,3))]3
[miner4] Next ore is ore(coal,3,9,1)
[miner4] Handling ore(coal,3,9,1) now.
[leader] Time left: 171 seconds
[miner1] Leader says time left is 171 seconds
[miner2] Leader says time left is 171 seconds
[miner3] Leader says time left is 171 seconds
[miner4] Leader says time left is 171 seconds
[miner1] I am at (0,29) which is near (0,30)
[miner1] I chose to go near 9 4 Coordinates
[miner3] I am at (14,6) which is near (14,5)
[miner3] I chose to go near 25 21 Coordinates
[leader] Time left: 170 seconds
[miner1] Leader says time left is 170 seconds
[miner3] Leader says time left is 170 seconds
[miner2] Leader says time left is 170 seconds
[miner4] Leader says time left is 170 seconds
[miner2] I've reached 3x9
[miner2] Stored ore(coal,3,9,1) in backpack.
[miner2] Backpack is full: 1/1
[leader] Time left: 169 seconds
[miner4] Leader says time left is 169 seconds
[miner1] Leader says time left is 169 seconds
[miner3] Leader says time left is 169 seconds
[miner2] Leader says time left is 169 seconds
[miner4] Radio received from miner 3: ore(gold,20,13,3)
[miner2] Radio received from miner 3: ore(gold,20,13,3)
[miner3] Scout report: ore(gold,20,13,3)
[miner1] Radio received from miner 3: ore(gold,20,13,3)
[miner2] Leader says time left is 168 seconds
[miner1] Leader says time left is 168 seconds
[miner3] Leader says time left is 168 seconds
[leader] Time left: 168 seconds
[miner4] Leader says time left is 168 seconds
[miner4] I've reached 3x9
[WorldModelB] Agent 4 is trying the pick ore, but there is no ore at 3x9!
[miner4] failed to catch ore ore(coal,3,9,1)
[miner4] Ore distances: [d(21,ore(gold,20,13,3)),d(8,ore(iron,10,8,2)),d(4,ore(gold,3,5,3))]3
[miner4] Next ore is ore(gold,3,5,3)
[miner4] Handling ore(gold,3,5,3) now.
[leader] Time left: 167 seconds
[miner1] Leader says time left is 167 seconds
[miner2] Leader says time left is 167 seconds
[miner4] Leader says time left is 167 seconds
[miner3] Leader says time left is 167 seconds
[miner4] I've reached 3x5
[WorldModelB] Agent 4 is trying the pick ore, but there is no ore at 3x5!
[miner4] failed to catch ore ore(gold,3,5,3)
[miner4] Ore distances: [d(25,ore(gold,20,13,3)),d(10,ore(iron,10,8,2))]2
[miner4] Next ore is ore(iron,10,8,2)
[miner4] Handling ore(iron,10,8,2) now.
[leader] Time left: 166 seconds
[miner2] Leader says time left is 166 seconds
[miner1] Leader says time left is 166 seconds
[miner3] Leader says time left is 166 seconds
[miner4] Leader says time left is 166 seconds
[miner3] I am at (25,20) which is near (25,21)
[miner3] I chose to go near 32 8 Coordinates
[miner2] I've reached 5x27
[miner1] Scout report: ore(iron,10,8,2)
[leader] Time left: 165 seconds
[miner2] Leader says time left is 165 seconds
[miner1] Leader says time left is 165 seconds
[miner4] Leader says time left is 165 seconds
[miner3] Leader says time left is 165 seconds
[WorldModelB] Agent 2 carried 1 ores to depot, worth 1 points!
[miner2] Dropped backpack with 1 ores, worth 1 points.
[leader] Agent miner2 is now on the lead with the score of 4
[miner2] HAHAHA IM WINNING!
[miner2] Ore distances: [d(29,ore(gold,20,13,3)),d(24,ore(iron,10,8,2)),d(22,ore(gold,7,7,3))]3
[miner2] Next ore is ore(gold,7,7,3)
[miner2] Handling ore(gold,7,7,3) now.
[miner4] I've reached 10x8
[miner4] Stored ore(iron,10,8,2) in backpack.
[miner4] Backpack is full: 1/1
[miner1] I am at (9,5) which is near (9,4)
[miner1] I chose to go near 5 29 Coordinates
[leader] Time left: 164 seconds
[miner2] Leader says time left is 164 seconds
[miner4] Leader says time left is 164 seconds
[miner1] Leader says time left is 164 seconds
[miner3] Leader says time left is 164 seconds
