[miner2] Red retriever 1 staying near explorer at 24 11
[miner9] I chose to go near 17 13 Coordinates
[miner1] I am at (16,1) which is near (16,0)
[miner1] I chose to go near 6 16 Coordinates
[miner2] I am at (24,12) which is near (24,11)
[miner2] Red retriever 1 staying near explorer at 24 11
[miner2] I am at (24,12) which is near (24,11)
[miner2] Red retriever 1 staying near explorer at 24 11
[miner2] I am at (24,12) which is near (24,11)
[miner2] Red retriever 1 staying near explorer at 24 11
[miner2] I am at (24,12) which is near (24,11)
[miner3] I am at (20,23) which is near (20,24)
[miner3] I chose to go near 27 21 Coordinates
[miner2] Red retriever 1 staying near explorer at 24 11
[miner2] I am at (24,12) which is near (24,11)
[miner8] I am at (9,12) which is near (8,12)
[miner8] I chose to go near 4 24 Coordinates
[miner4] I am at (1,6) which is near (0,7)
[miner2] Red retriever 1 staying near explorer at 24 11
[miner9] I am at (17,12) which is near (17,13)
[miner3] I am at (27,22) which is near (27,21)
[miner9] I chose to go near 27 10 Coordinates
[miner3] I chose to go near 28 14 Coordinates
[miner2] I am at (24,12) which is near (24,11)
[miner2] Red retriever 1 staying near explorer at 24 11
[miner7] I am at (20,5) which is near (20,4)
[miner7] I chose to go near 19 17 Coordinates
[miner2] I am at (24,12) which is near (24,11)
[miner3] I am at (27,15) which is near (28,14)
[miner3] I chose to go near 26 15 Coordinates
[miner3] I am at (27,15) which is near (26,15)
[miner3] I chose to go near 22 13 Coordinates
[miner4] I am at (0,13) which is near (0,14)
[miner6] I am at (28,31) which is near (29,30)
[miner2] Red retriever 1 staying near explorer at 24 11
[miner6] I chose to go near 17 20 Coordinates
[miner2] I am at (24,12) which is near (24,11)
[miner3] I am at (22,14) which is near (22,13)
[miner2] Red retriever 1 staying near explorer at 24 11
[miner3] I chose to go near 1 21 Coordinates
[miner1] I am at (6,15) which is near (6,16)
[miner1] I chose to go near 7 29 Coordinates
[miner9] I am at (27,11) which is near (27,10)
[miner9] I chose to go near 2 0 Coordinates
[miner2] I am at (24,12) which is near (24,11)
[miner2] Red retriever 1 staying near explorer at 24 11
[miner2] I am at (24,12) which is near (24,11)
[miner2] Red retriever 1 staying near explorer at 24 11
[miner2] I am at (24,12) which is near (24,11)
[miner7] I am at (20,16) which is near (19,17)
[miner7] I chose to go near 28 19 Coordinates
[miner2] Red retriever 1 staying near explorer at 24 11
[miner6] I am at (17,21) which is near (17,20)
[miner6] I chose to go near 17 28 Coordinates
[miner2] I am at (24,12) which is near (24,11)
[miner2] Red retriever 1 staying near explorer at 24 11
[miner2] I am at (24,12) which is near (24,11)
[miner6] I am at (13,28) and I can't get to' (17,28)
[miner8] I am at (5,24) which is near (4,24)
[miner6] I chose to go near 33 15 Coordinates
[miner8] I chose to go near 4 21 Coordinates
[miner2] Red retriever 1 staying near explorer at 24 11
[miner3] I am at (2,21) which is near (1,21)
[miner3] I chose to go near 2 6 Coordinates
[miner2] I am at (24,12) which is near (24,11)
[miner7] I am at (27,18) which is near (28,19)
[miner7] I chose to go near 8 22 Coordinates
[miner2] Red retriever 1 staying near explorer at 24 11
[miner2] I am at (24,12) which is near (24,11)
[miner9] I am at (2,1) which is near (2,0)
[miner9] I chose to go near 7 32 Coordinates
[miner1] I am at (1,29) and I can't get to' (7,29)
[miner1] I chose to go near 23 27 Coordinates
[miner2] Red retriever 1 staying near explorer at 24 11
[miner2] I am at (24,12) which is near (24,11)
[miner2] Red retriever 1 staying near explorer at 24 11
[miner2] I am at (24,12) which is near (24,11)
[miner4] I am at (34,13) which is near (34,14)
[miner2] Red retriever 1 staying near explorer at 24 11
[miner2] I am at (24,12) which is near (24,11)
[miner3] I am at (2,7) which is near (2,6)
[miner3] I chose to go near 27 9 Coordinates
[miner2] Red retriever 1 staying near explorer at 24 11
[miner2] I am at (24,12) which is near (24,11)
[miner4] I am at (34,20) which is near (34,21)
[miner2] Red retriever 1 staying near explorer at 24 11
[miner8] I am at (3,22) which is near (4,21)
[miner8] I chose to go near 25 26 Coordinates
[miner2] I am at (24,12) which is near (24,11)
[miner6] I am at (33,16) which is near (33,15)
[miner6] I chose to go near 22 9 Coordinates
[miner2] Red retriever 1 staying near explorer at 24 11
[miner2] I am at (24,12) which is near (24,11)
[miner2] Red retriever 1 staying near explorer at 24 11
[miner2] I am at (24,12) which is near (24,11)
[miner7] I am at (9,21) which is near (8,22)
[miner7] I chose to go near 20 4 Coordinates
[miner2] Red retriever 1 staying near explorer at 24 11
[miner3] I am at (27,8) which is near (27,9)
[miner3] I chose to go near 5 29 Coordinates
[miner2] I am at (24,12) which is near (24,11)
[miner9] I am at (1,32) and I can't get to' (7,32)
[miner9] I chose to go near 11 33 Coordinates
[miner6] I am at (22,10) which is near (22,9)
[miner6] I chose to go near 11 30 Coordinates
[miner2] Red retriever 1 staying near explorer at 24 11
[miner2] I am at (24,12) which is near (24,11)
[miner8] I am at (25,25) which is near (25,26)
[miner8] I chose to go near 1 0 Coordinates
[miner2] Red retriever 1 staying near explorer at 24 11
[miner2] I am at (24,12) which is near (24,11)
[miner2] Red retriever 1 staying near explorer at 24 11
[miner9] I am at (10,33) which is near (11,33)
[miner9] I chose to go near 11 27 Coordinates
[miner2] I am at (24,12) which is near (24,11)
[miner2] Red retriever 1 staying near explorer at 24 11
[miner9] I am at (11,28) which is near (11,27)
[miner9] I chose to go near 14 28 Coordinates
[miner2] I am at (24,12) which is near (24,11)
[miner9] I am at (13,28) which is near (14,28)
[miner2] Red retriever 1 staying near explorer at 24 11
[miner9] I chose to go near 17 7 Coordinates
[miner2] I am at (24,12) which is near (24,11)
[miner6] I am at (11,29) which is near (11,30)
[miner6] I chose to go near 24 30 Coordinates
[miner4] I am at (1,21) which is near (0,21)
[miner2] Red retriever 1 staying near explorer at 24 11
[miner2] I am at (24,12) which is near (24,11)
[miner2] Red retriever 1 staying near explorer at 24 11
[miner4] I am at (0,27) which is near (0,28)
[miner2] I am at (24,12) which is near (24,11)
[miner2] Red retriever 1 staying near explorer at 24 11
[miner6] I am at (23,29) which is near (24,30)
[miner2] I am at (24,12) which is near (24,11)
[miner6] I chose to go near 16 8 Coordinates
[miner2] Red retriever 1 staying near explorer at 24 11
[miner2] I am at (24,12) which is near (24,11)
[miner2] Red retriever 1 staying near explorer at 24 11
[miner2] I am at (24,12) which is near (24,11)
[miner2] Red retriever 1 staying near explorer at 24 11
[miner2] I am at (24,12) which is near (24,11)
[miner7] I am at (20,5) which is near (20,4)
[miner7] I chose to go near 23 18 Coordinates
[miner2] Red retriever 1 staying near explorer at 24 11
[miner2] I am at (24,12) which is near (24,11)
[miner9] I am at (18,8) which is near (17,7)
[miner9] I chose to go near 3 7 Coordinates
[miner2] Red retriever 1 staying near explorer at 24 11
[miner2] I am at (24,12) which is near (24,11)
[miner2] Red retriever 1 staying near explorer at 24 11
[miner2] I am at (24,12) which is near (24,11)
[miner2] Red retriever 1 staying near explorer at 24 11
[miner2] I am at (24,12) which is near (24,11)
[miner2] Red retriever 1 staying near explorer at 24 11
[miner2] I am at (24,12) which is near (24,11)
[miner2] Red retriever 1 staying near explorer at 24 11
[miner8] I am at (1,1) which is near (1,0)
[miner8] I chose to go near 21 0 Coordinates
[miner2] I am at (24,12) which is near (24,11)
[miner2] Red retriever 1 staying near explorer at 24 11
[miner2] I am at (24,12) which is near (24,11)
[miner2] Red retriever 1 staying near explorer at 24 11
[miner2] I am at (24,12) which is near (24,11)
[miner2] Red retriever 1 staying near explorer at 24 11
[miner2] I am at (24,12) which is near (24,11)
[miner2] Red retriever 1 staying near explorer at 24 11
[miner2] I am at (24,12) which is near (24,11)
[miner2] Red retriever 1 staying near explorer at 24 11
[miner9] I am at (4,7) which is near (3,7)
[miner2] I am at (24,12) which is near (24,11)
[miner9] I chose to go near 20 16 Coordinates
[miner2] Red retriever 1 staying near explorer at 24 11
[miner2] I am at (24,12) which is near (24,11)
[miner2] Red retriever 1 staying near explorer at 24 11
[miner6] I am at (13,8) and I can't get to' (16,8)
[miner6] I chose to go near 6 29 Coordinates
[miner2] I am at (24,12) which is near (24,11)
[miner2] Red retriever 1 staying near explorer at 24 11
[miner2] I am at (24,12) which is near (24,11)
[miner2] Red retriever 1 staying near explorer at 24 11
[miner8] I am at (20,1) which is near (21,0)
[miner8] I chose to go near 16 11 Coordinates
[miner2] I am at (24,12) which is near (24,11)
[miner2] Red retriever 1 staying near explorer at 24 11
[miner7] I am at (23,17) which is near (23,18)
[miner2] I am at (24,12) which is near (24,11)
[miner7] I chose to go near 7 18 Coordinates
[miner2] Red retriever 1 staying near explorer at 24 11
[miner2] I am at (24,12) which is near (24,11)
[miner2] Red retriever 1 staying near explorer at 24 11
[miner2] I am at (24,12) which is near (24,11)
[miner2] Red retriever 1 staying near explorer at 24 11
[miner2] I am at (24,12) which is near (24,11)
[miner2] Red retriever 1 staying near explorer at 24 11
[miner2] I am at (24,12) which is near (24,11)
[miner1] I am at (23,28) which is near (23,27)
[miner2] Red retriever 1 staying near explorer at 24 11
[miner1] I chose to go near 26 14 Coordinates
[miner2] I am at (24,12) which is near (24,11)
[miner9] I am at (20,15) which is near (20,16)
[miner9] I chose to go near 29 32 Coordinates
[miner2] Red retriever 1 staying near explorer at 24 11
[miner2] I am at (24,12) which is near (24,11)
[miner8] I am at (16,10) which is near (16,11)
[miner8] I chose to go near 28 22 Coordinates
[miner2] Red retriever 1 staying near explorer at 24 11
[miner2] I am at (24,12) which is near (24,11)
[miner2] Red retriever 1 staying near explorer at 24 11
[miner2] I am at (24,12) which is near (24,11)
[miner2] Red retriever 1 staying near explorer at 24 11
[miner4] I am at (34,27) which is near (34,28)
[miner2] I am at (24,12) which is near (24,11)
[miner2] Red retriever 1 staying near explorer at 24 11
[miner2] I am at (24,12) which is near (24,11)
[miner2] Red retriever 1 staying near explorer at 24 11
[miner2] I am at (24,12) which is near (24,11)
[miner3] I am at (1,29) and I can't get to' (5,29)
[miner3] I chose to go near 8 27 Coordinates
[miner2] Red retriever 1 staying near explorer at 24 11
[miner6] I am at (1,29) and I can't get to' (6,29)
[miner2] I am at (24,12) which is near (24,11)
[miner6] I chose to go near 0 10 Coordinates
[miner2] Red retriever 1 staying near explorer at 24 11
[miner7] I am at (8,18) which is near (7,18)
[miner7] I chose to go near 21 11 Coordinates
[miner9] I am at (29,31) which is near (29,32)
[miner9] I chose to go near 8 12 Coordinates
[miner2] I am at (24,12) which is near (24,11)
[miner3] I am at (8,28) which is near (8,27)
[miner3] I chose to go near 15 10 Coordinates
[miner2] Red retriever 1 staying near explorer at 24 11
[miner8] I am at (27,21) which is near (28,22)
[miner8] I chose to go near 16 2 Coordinates
[miner1] I am at (26,15) which is near (26,14)
[miner1] I chose to go near 1 14 Coordinates
[miner2] I am at (24,12) which is near (24,11)
[miner2] Red retriever 1 staying near explorer at 24 11
[miner2] I am at (24,12) which is near (24,11)
[miner6] I am at (0,11) which is near (0,10)
[miner6] I chose to go near 1 26 Coordinates
[miner2] Red retriever 1 staying near explorer at 24 11
[miner2] I am at (24,12) which is near (24,11)
[miner2] Red retriever 1 staying near explorer at 24 11
[miner6] I am at (1,25) which is near (1,26)
[miner6] I chose to go near 30 13 Coordinates
[miner2] I am at (24,12) which is near (24,11)
[miner2] Red retriever 1 staying near explorer at 24 11
[miner8] I am at (16,3) which is near (16,2)
[miner8] I chose to go near 22 3 Coordinates
[miner2] I am at (24,12) which is near (24,11)
[miner2] Red retriever 1 staying near explorer at 24 11
[miner9] I am at (9,13) which is near (8,12)
[miner9] I chose to go near 29 15 Coordinates
[miner2] I am at (24,12) which is near (24,11)
[miner7] I am at (21,12) which is near (21,11)
[miner7] I chose to go near 19 11 Coordinates
[miner8] I am at (21,4) which is near (22,3)
[miner8] I chose to go near 22 13 Coordinates
[miner2] Red retriever 1 staying near explorer at 24 11
[miner7] I am at (20,12) which is near (19,11)
[miner7] I chose to go near 26 24 Coordinates
[miner3] I am at (15,11) which is near (15,10)
[miner3] I chose to go near 33 7 Coordinates
[miner2] I am at (24,12) which is near (24,11)
[miner2] Red retriever 1 staying near explorer at 24 11
[miner8] I am at (22,12) which is near (22,13)
[miner8] I chose to go near 24 11 Coordinates
[miner2] I am at (24,12) which is near (24,11)
[miner8] I am at (23,12) which is near (24,11)
[miner8] I chose to go near 21 24 Coordinates
[miner2] Red retriever 1 staying near explorer at 24 11
[miner2] I am at (24,12) which is near (24,11)
[miner2] Red retriever 1 staying near explorer at 24 11
[miner8] I am at (21,23) which is near (21,24)
[miner8] I chose to go near 0 27 Coordinates
[miner2] I am at (24,12) which is near (24,11)
[miner1] I am at (1,13) which is near (1,14)
[miner1] I chose to go near 5 25 Coordinates
[miner3] I am at (33,8) which is near (33,7)
[miner3] I chose to go near 33 0 Coordinates
[miner2] Red retriever 1 staying near explorer at 24 11
[miner6] I am at (29,13) which is near (30,13)
[miner2] I am at (24,12) which is near (24,11)
[miner6] I chose to go near 0 14 Coordinates
[miner3] I am at (33,1) which is near (33,0)
[miner3] I chose to go near 15 22 Coordinates
[miner4] I am at (0,1) which is near (0,0)
[miner2] Red retriever 1 staying near explorer at 24 11
[miner2] I am at (24,12) which is near (24,11)
[miner7] I am at (26,23) which is near (26,24)
[miner7] I chose to go near 10 28 Coordinates
[miner2] Red retriever 1 staying near explorer at 24 11
[miner2] I am at (24,12) which is near (24,11)
[miner2] Red retriever 1 staying near explorer at 24 11
[miner2] I am at (24,12) which is near (24,11)
[miner8] I am at (0,26) which is near (0,27)
[miner8] I chose to go near 17 28 Coordinates
[miner2] Red retriever 1 staying near explorer at 24 11
[miner2] I am at (24,12) which is near (24,11)
[miner2] Red retriever 1 staying near explorer at 24 11
[miner2] I am at (24,12) which is near (24,11)
[miner2] Red retriever 1 staying near explorer at 24 11
[miner6] I am at (0,13) which is near (0,14)
[miner6] I chose to go near 10 8 Coordinates
[miner2] I am at (24,12) which is near (24,11)
[miner2] Red retriever 1 staying near explorer at 24 11
[miner8] I am at (13,28) and I can't get to' (17,28)
[miner8] I chose to go near 9 20 Coordinates
[miner2] I am at (24,12) which is near (24,11)
[miner3] I am at (15,21) which is near (15,22)
[miner3] I chose to go near 7 12 Coordinates
[miner4] I am at (33,1) which is near (34,0)
[miner2] Red retriever 1 staying near explorer at 24 11
[miner2] I am at (24,12) which is near (24,11)
[miner4] I am at (34,6) which is near (34,7)
[miner9] I am at (29,14) which is near (29,15)
[miner9] I chose to go near 21 2 Coordinates
[miner2] Red retriever 1 staying near explorer at 24 11
[miner8] I am at (9,21) which is near (9,20)
[miner8] I chose to go near 17 22 Coordinates
[miner2] I am at (24,12) which is near (24,11)
[miner2] Red retriever 1 staying near explorer at 24 11
[miner3] I am at (7,13) which is near (7,12)
[miner8] I am at (16,21) which is near (17,22)
[miner3] I chose to go near 30 25 Coordinates
[miner8] I chose to go near 17 32 Coordinates
[miner2] I am at (24,12) which is near (24,11)
[miner2] Red retriever 1 staying near explorer at 24 11
[miner2] I am at (24,12) which is near (24,11)
[miner9] I am at (21,3) which is near (21,2)
[miner2] Red retriever 1 staying near explorer at 24 11
[miner9] I chose to go near 6 23 Coordinates
[miner2] I am at (24,12) which is near (24,11)
[miner2] Red retriever 1 staying near explorer at 24 11
[miner2] I am at (24,12) which is near (24,11)
[miner2] Red retriever 1 staying near explorer at 24 11
[miner2] I am at (24,12) which is near (24,11)
[miner2] Red retriever 1 staying near explorer at 24 11
[miner2] I am at (24,12) which is near (24,11)
[miner7] I am at (9,29) which is near (10,28)
[miner7] I chose to go near 21 33 Coordinates
[miner2] Red retriever 1 staying near explorer at 24 11
[miner4] I am at (1,6) which is near (0,7)
[miner2] I am at (24,12) which is near (24,11)
[miner3] I am at (30,24) which is near (30,25)
[miner3] I chose to go near 29 13 Coordinates
[miner2] Red retriever 1 staying near explorer at 24 11
[miner2] I am at (24,12) which is near (24,11)
[miner4] I am at (0,13) which is near (0,14)
[miner2] Red retriever 1 staying near explorer at 24 11
[miner3] I am at (29,14) which is near (29,13)
[miner3] I chose to go near 8 15 Coordinates
[miner2] I am at (24,12) which is near (24,11)
[miner9] I am at (1,23) and I can't get to' (6,23)
[miner9] I chose to go near 28 7 Coordinates
[miner1] I am at (6,24) which is near (5,25)
[miner1] I chose to go near 17 28 Coordinates
[miner2] Red retriever 1 staying near explorer at 24 11
[miner2] I am at (24,12) which is near (24,11)
[miner6] I am at (10,9) which is near (10,8)
[miner6] I chose to go near 7 2 Coordinates
[miner2] Red retriever 1 staying near explorer at 24 11
[miner2] I am at (24,12) which is near (24,11)
[miner6] I am at (7,3) which is near (7,2)
[miner6] I chose to go near 8 6 Coordinates
[miner2] Red retriever 1 staying near explorer at 24 11
[miner6] I am at (8,5) which is near (8,6)
[miner6] I chose to go near 10 14 Coordinates
[miner3] I am at (7,14) which is near (8,15)
[miner3] I chose to go near 5 28 Coordinates
[miner2] I am at (24,12) which is near (24,11)
[miner2] Red retriever 1 staying near explorer at 24 11
[miner2] I am at (24,12) which is near (24,11)
[miner2] Red retriever 1 staying near explorer at 24 11
[miner6] I am at (10,13) which is near (10,14)
[miner6] I chose to go near 7 30 Coordinates
[miner2] I am at (24,12) which is near (24,11)
[miner2] Red retriever 1 staying near explorer at 24 11
[miner2] I am at (24,12) which is near (24,11)
[miner2] Red retriever 1 staying near explorer at 24 11
[miner2] I am at (24,12) which is near (24,11)
[miner2] Red retriever 1 staying near explorer at 24 11
[miner2] I am at (24,12) which is near (24,11)
[miner2] Red retriever 1 staying near explorer at 24 11
[miner8] I am at (17,31) which is near (17,32)
[miner8] I chose to go near 12 14 Coordinates
[miner2] I am at (24,12) which is near (24,11)
[miner2] Red retriever 1 staying near explorer at 24 11
[miner4] I am at (34,13) which is near (34,14)
[miner2] I am at (24,12) which is near (24,11)
[miner2] Red retriever 1 staying near explorer at 24 11
[miner2] I am at (24,12) which is near (24,11)
[miner7] I am at (20,33) which is near (21,33)
[miner9] I am at (28,8) which is near (28,7)
[miner2] Red retriever 1 staying near explorer at 24 11
[miner7] I chose to go near 5 30 Coordinates
[miner9] I chose to go near 12 16 Coordinates
[miner4] I am at (34,20) which is near (34,21)
[miner2] I am at (24,12) which is near (24,11)
[miner2] Red retriever 1 staying near explorer at 24 11
[miner2] I am at (24,12) which is near (24,11)
[miner8] I am at (12,15) which is near (12,14)
[miner2] Red retriever 1 staying near explorer at 24 11
[miner8] I chose to go near 20 3 Coordinates
[miner6] I am at (6,30) which is near (7,30)
[miner2] I am at (24,12) which is near (24,11)
[miner6] I chose to go near 30 6 Coordinates
[miner2] Red retriever 1 staying near explorer at 24 11
[miner2] I am at (24,12) which is near (24,11)
[miner2] Red retriever 1 staying near explorer at 24 11
[miner2] I am at (24,12) which is near (24,11)
[miner9] I am at (12,15) which is near (12,16)
[miner9] I chose to go near 26 6 Coordinates
[miner2] Red retriever 1 staying near explorer at 24 11
[miner3] I am at (4,28) which is near (5,28)
[miner3] I chose to go near 11 0 Coordinates
[miner1] I am at (13,28) and I can't get to' (17,28)
[miner1] I chose to go near 26 6 Coordinates
[miner2] I am at (24,12) which is near (24,11)
[miner8] I am at (17,3) and I can't get to' (20,3)
[miner8] I chose to go near 31 0 Coordinates
[miner2] Red retriever 1 staying near explorer at 24 11
[miner2] I am at (24,12) which is near (24,11)
[miner2] Red retriever 1 staying near explorer at 24 11
[miner2] I am at (24,12) which is near (24,11)
[miner2] Red retriever 1 staying near explorer at 24 11
[miner7] I am at (4,31) which is near (5,30)
[miner2] I am at (24,12) which is near (24,11)
[miner7] I chose to go near 23 2 Coordinates
[miner8] I am at (31,1) which is near (31,0)
[miner8] I chose to go near 19 33 Coordinates
[miner2] Red retriever 1 staying near explorer at 24 11
[miner9] I am at (26,7) which is near (26,6)
[miner9] I chose to go near 11 24 Coordinates
[miner2] I am at (24,12) which is near (24,11)
[miner2] Red retriever 1 staying near explorer at 24 11
[miner2] I am at (24,12) which is near (24,11)
[miner2] Red retriever 1 staying near explorer at 24 11
[leader] Time left: 1 seconds
[miner3] Leader says time left is 1 seconds
[miner2] I am at (24,12) which is near (24,11)
[miner9] Leader says time left is 1 seconds
[miner7] Leader says time left is 1 seconds
[miner8] Leader says time left is 1 seconds
[miner6] Leader says time left is 1 seconds
[miner1] Leader says time left is 1 seconds
[miner4] Leader says time left is 1 seconds
[miner5] Leader says time left is 1 seconds
[miner2] Red retriever 1 staying near explorer at 24 11
[miner2] Leader says time left is 1 seconds
[miner2] I am at (24,12) which is near (24,11)
[miner2] Red retriever 1 staying near explorer at 24 11
[miner2] I am at (24,12) which is near (24,11)
[miner2] Red retriever 1 staying near explorer at 24 11
[miner6] I am at (30,7) which is near (30,6)
[miner6] I chose to go near 19 26 Coordinates
[miner2] I am at (24,12) which is near (24,11)
[miner2] Red retriever 1 staying near explorer at 24 11
[miner2] I am at (24,12) which is near (24,11)
[miner2] Red retriever 1 staying near explorer at 24 11
[miner9] I am at (11,23) which is near (11,24)
[miner9] I chose to go near 0 31 Coordinates
[miner2] I am at (24,12) which is near (24,11)
[miner2] Red retriever 1 staying near explorer at 24 11
[miner2] I am at (24,12) which is near (24,11)
[miner1] I am at (26,7) which is near (26,6)
[miner1] I chose to go near 29 22 Coordinates
[miner8] I am at (20,33) which is near (19,33)
[miner2] Red retriever 1 staying near explorer at 24 11
[miner6] I am at (19,25) which is near (19,26)
[miner8] I chose to go near 22 23 Coordinates
[miner6] I chose to go near 18 32 Coordinates
[miner2] I am at (24,12) which is near (24,11)
[miner4] I am at (1,21) which is near (0,21)
[miner2] Red retriever 1 staying near explorer at 24 11
[miner6] I am at (17,31) which is near (18,32)
[miner6] I chose to go near 32 17 Coordinates
[miner9] I am at (0,30) which is near (0,31)
[miner2] I am at (24,12) which is near (24,11)
[miner9] I chose to go near 12 1 Coordinates
[miner8] I am at (22,24) which is near (22,23)
[miner8] I chose to go near 12 24 Coordinates
[miner2] Red retriever 1 staying near explorer at 24 11
[miner4] I am at (0,27) which is near (0,28)
[miner2] I am at (24,12) which is near (24,11)
[miner8] I am at (13,24) which is near (12,24)
[miner8] I chose to go near 7 19 Coordinates
[miner2] Red retriever 1 staying near explorer at 24 11
[miner2] I am at (24,12) which is near (24,11)
[miner2] Red retriever 1 staying near explorer at 24 11
[miner8] I am at (7,20) which is near (7,19)
[miner2] I am at (24,12) which is near (24,11)
[miner6] I am at (31,18) which is near (32,17)
[miner1] I am at (29,21) which is near (29,22)
[miner8] I chose to go near 13 8 Coordinates
[miner1] I chose to go near 16 15 Coordinates
[miner6] I chose to go near 6 9 Coordinates
[miner2] Red retriever 1 staying near explorer at 24 11
[miner2] I am at (24,12) which is near (24,11)
[miner2] Red retriever 1 staying near explorer at 24 11
[miner2] I am at (24,12) which is near (24,11)
[miner2] Red retriever 1 staying near explorer at 24 11
[miner2] I am at (24,12) which is near (24,11)
[miner2] Red retriever 1 staying near explorer at 24 11
[miner2] I am at (24,12) which is near (24,11)
[miner3] I am at (11,1) which is near (11,0)
[miner3] I chose to go near 1 21 Coordinates
[miner8] I am at (13,9) which is near (13,8)
[miner2] Red retriever 1 staying near explorer at 24 11
[miner8] I chose to go near 29 20 Coordinates
[miner7] I am at (23,3) which is near (23,2)
[miner7] I chose to go near 0 11 Coordinates
[miner2] I am at (24,12) which is near (24,11)
[miner9] I am at (11,2) which is near (12,1)
[miner9] I chose to go near 18 16 Coordinates
[miner2] Red retriever 1 staying near explorer at 24 11
[miner2] I am at (24,12) which is near (24,11)
[miner2] Red retriever 1 staying near explorer at 24 11
[miner2] I am at (24,12) which is near (24,11)
[miner1] I am at (16,16) which is near (16,15)
[miner1] I chose to go near 21 3 Coordinates
[miner2] Red retriever 1 staying near explorer at 24 11
[miner6] I am at (6,10) which is near (6,9)
[miner6] I chose to go near 30 19 Coordinates
[miner2] I am at (24,12) which is near (24,11)
[miner8] I am at (29,19) which is near (29,20)
[miner8] I chose to go near 27 1 Coordinates
[miner2] Red retriever 1 staying near explorer at 24 11
[miner9] I am at (18,15) which is near (18,16)
[miner2] I am at (24,12) which is near (24,11)
[miner9] I chose to go near 10 11 Coordinates
[miner2] Red retriever 1 staying near explorer at 24 11
[miner4] I am at (34,27) which is near (34,28)
[miner2] I am at (24,12) which is near (24,11)
[miner2] Red retriever 1 staying near explorer at 24 11
[miner2] I am at (24,12) which is near (24,11)
[miner9] I am at (11,12) which is near (10,11)
[miner9] I chose to go near 2 22 Coordinates
[miner2] Red retriever 1 staying near explorer at 24 11
[miner2] I am at (24,12) which is near (24,11)
[miner8] I am at (27,2) which is near (27,1)
[miner8] I chose to go near 23 23 Coordinates
[miner2] Red retriever 1 staying near explorer at 24 11
[miner2] I am at (24,12) which is near (24,11)
[miner1] I am at (21,4) which is near (21,3)
[miner1] I chose to go near 24 27 Coordinates
[miner6] I am at (30,18) which is near (30,19)
[miner2] Red retriever 1 staying near explorer at 24 11
[miner6] I chose to go near 6 25 Coordinates
[miner2] I am at (24,12) which is near (24,11)
[miner2] Red retriever 1 staying near explorer at 24 11
[miner7] I am at (0,10) which is near (0,11)
[miner2] I am at (24,12) which is near (24,11)
[miner9] I am at (2,21) which is near (2,22)
[miner7] I chose to go near 8 32 Coordinates
[miner9] I chose to go near 6 11 Coordinates
[miner2] Red retriever 1 staying near explorer at 24 11
[miner2] I am at (24,12) which is near (24,11)
[miner2] Red retriever 1 staying near explorer at 24 11
[miner8] I am at (23,22) which is near (23,23)
[miner8] I chose to go near 33 33 Coordinates
[miner2] I am at (24,12) which is near (24,11)
[miner2] Red retriever 1 staying near explorer at 24 11
[miner2] I am at (24,12) which is near (24,11)
[miner2] Red retriever 1 staying near explorer at 24 11
[miner2] I am at (24,12) which is near (24,11)
[miner2] Red retriever 1 staying near explorer at 24 11
[miner2] I am at (24,12) which is near (24,11)
[miner8] I am at (33,32) which is near (33,33)
[miner2] Red retriever 1 staying near explorer at 24 11
[miner8] I chose to go near 5 33 Coordinates
[miner1] I am at (24,26) which is near (24,27)
[miner1] I chose to go near 16 22 Coordinates
[miner2] I am at (24,12) which is near (24,11)
[miner3] I am at (1,20) which is near (1,21)
[miner3] I chose to go near 8 24 Coordinates
[miner2] Red retriever 1 staying near explorer at 24 11
[miner2] I am at (24,12) which is near (24,11)
[miner7] I am at (1,32) and I can't get to' (8,32)
[miner7] I chose to go near 5 17 Coordinates
[miner2] Red retriever 1 staying near explorer at 24 11
[miner2] I am at (24,12) which is near (24,11)
[miner2] Red retriever 1 staying near explorer at 24 11
[miner1] I am at (16,23) which is near (16,22)
[miner1] I chose to go near 21 12 Coordinates
[miner2] I am at (24,12) which is near (24,11)
[miner4] I am at (0,1) which is near (0,0)
[miner6] I am at (7,24) which is near (6,25)
[miner6] I chose to go near 16 19 Coordinates
[miner2] Red retriever 1 staying near explorer at 24 11
[miner2] I am at (24,12) which is near (24,11)
[miner8] I am at (6,33) which is near (5,33)
[miner3] I am at (8,25) which is near (8,24)
[miner8] I chose to go near 19 5 Coordinates
[miner3] I chose to go near 24 27 Coordinates
[miner9] I am at (6,12) which is near (6,11)
[miner2] Red retriever 1 staying near explorer at 24 11
[miner9] I chose to go near 9 9 Coordinates
[miner2] I am at (24,12) which is near (24,11)
[miner9] I am at (9,10) which is near (9,9)
[miner9] I chose to go near 7 7 Coordinates
[miner2] Red retriever 1 staying near explorer at 24 11
[miner2] I am at (24,12) which is near (24,11)
[miner9] I am at (7,8) which is near (7,7)
[miner9] I chose to go near 33 25 Coordinates
[miner2] Red retriever 1 staying near explorer at 24 11
[miner2] I am at (24,12) which is near (24,11)
[miner7] I am at (5,18) which is near (5,17)
[miner2] Red retriever 1 staying near explorer at 24 11
[miner7] I chose to go near 26 15 Coordinates
[miner1] I am at (21,13) which is near (21,12)
[miner1] I chose to go near 0 31 Coordinates
[miner2] I am at (24,12) which is near (24,11)
[miner2] Red retriever 1 staying near explorer at 24 11
[miner2] I am at (24,12) which is near (24,11)
[miner2] Red retriever 1 staying near explorer at 24 11
[miner2] I am at (24,12) which is near (24,11)
[miner2] Red retriever 1 staying near explorer at 24 11
[miner2] I am at (24,12) which is near (24,11)
[miner2] Red retriever 1 staying near explorer at 24 11
[miner4] I am at (33,1) which is near (34,0)
[miner2] I am at (24,12) which is near (24,11)
[miner2] Red retriever 1 staying near explorer at 24 11
[miner2] I am at (24,12) which is near (24,11)
[miner8] I am at (19,6) which is near (19,5)
[miner8] I chose to go near 26 3 Coordinates
[miner2] Red retriever 1 staying near explorer at 24 11
[miner4] I am at (34,6) which is near (34,7)
[miner2] I am at (24,12) which is near (24,11)
[miner2] Red retriever 1 staying near explorer at 24 11
[miner3] I am at (24,28) which is near (24,27)
[miner3] I chose to go near 13 10 Coordinates
[miner9] I am at (33,24) which is near (33,25)
[miner9] I chose to go near 15 30 Coordinates
[miner2] I am at (24,12) which is near (24,11)
[miner8] I am at (26,4) which is near (26,3)
[miner8] I chose to go near 3 24 Coordinates
[miner2] Red retriever 1 staying near explorer at 24 11
[miner2] I am at (24,12) which is near (24,11)
[miner2] Red retriever 1 staying near explorer at 24 11
[miner7] I am at (26,16) which is near (26,15)
[miner7] I chose to go near 0 11 Coordinates
[miner2] I am at (24,12) which is near (24,11)
[miner2] Red retriever 1 staying near explorer at 24 11
[miner2] I am at (24,12) which is near (24,11)
[miner2] Red retriever 1 staying near explorer at 24 11
[miner2] I am at (24,12) which is near (24,11)
[miner2] Red retriever 1 staying near explorer at 24 11
[miner9] I am at (16,29) which is near (15,30)
[miner9] I chose to go near 2 17 Coordinates
[miner2] I am at (24,12) which is near (24,11)
[miner2] Red retriever 1 staying near explorer at 24 11
[miner2] I am at (24,12) which is near (24,11)
[miner3] I am at (13,11) which is near (13,10)
[miner3] I chose to go near 32 1 Coordinates
[miner2] Red retriever 1 staying near explorer at 24 11
[miner1] I am at (0,30) which is near (0,31)
[miner1] I chose to go near 11 12 Coordinates
[miner2] I am at (24,12) which is near (24,11)
[miner4] I am at (1,6) which is near (0,7)
[miner2] Red retriever 1 staying near explorer at 24 11
[miner2] I am at (24,12) which is near (24,11)
[miner6] I am at (15,20) which is near (16,19)
[miner2] Red retriever 1 staying near explorer at 24 11
[miner6] I chose to go near 13 8 Coordinates
[miner4] I am at (0,13) which is near (0,14)
[miner2] I am at (24,12) which is near (24,11)
[miner9] I am at (2,18) which is near (2,17)
[miner9] I chose to go near 22 1 Coordinates
[miner2] Red retriever 1 staying near explorer at 24 11
[miner2] I am at (24,12) which is near (24,11)
[miner2] Red retriever 1 staying near explorer at 24 11
[miner2] I am at (24,12) which is near (24,11)
[miner3] I am at (32,2) which is near (32,1)
[miner6] I am at (13,9) which is near (13,8)
[miner3] I chose to go near 22 30 Coordinates
[miner6] I chose to go near 18 15 Coordinates
[miner2] Red retriever 1 staying near explorer at 24 11
[miner7] I am at (1,11) which is near (0,11)
[miner7] I chose to go near 17 23 Coordinates
[miner2] I am at (24,12) which is near (24,11)
[miner2] Red retriever 1 staying near explorer at 24 11
[miner2] I am at (24,12) which is near (24,11)
[miner6] I am at (17,14) which is near (18,15)
[miner6] I chose to go near 31 20 Coordinates
[miner2] Red retriever 1 staying near explorer at 24 11
[miner2] I am at (24,12) which is near (24,11)
[miner2] Red retriever 1 staying near explorer at 24 11
[miner2] I am at (24,12) which is near (24,11)
[miner1] I am at (11,13) which is near (11,12)
[miner1] I chose to go near 10 10 Coordinates
[miner2] Red retriever 1 staying near explorer at 24 11
[miner8] I am at (4,24) which is near (3,24)
[miner2] I am at (24,12) which is near (24,11)
[miner8] I chose to go near 2 15 Coordinates
[miner1] I am at (10,11) which is near (10,10)
[miner1] I chose to go near 18 26 Coordinates
[miner2] Red retriever 1 staying near explorer at 24 11
[miner6] I am at (31,19) which is near (31,20)
[miner6] I chose to go near 2 13 Coordinates
[miner9] I am at (22,2) which is near (22,1)
[miner9] I chose to go near 12 23 Coordinates
[miner2] I am at (24,12) which is near (24,11)
[miner2] Red retriever 1 staying near explorer at 24 11
[miner3] I am at (22,29) which is near (22,30)
[miner3] I chose to go near 0 31 Coordinates
[miner2] I am at (24,12) which is near (24,11)
[miner4] I am at (34,13) which is near (34,14)
[miner2] Red retriever 1 staying near explorer at 24 11
[miner2] I am at (24,12) which is near (24,11)
[miner2] Red retriever 1 staying near explorer at 24 11
[miner2] I am at (24,12) which is near (24,11)
[miner4] I am at (34,20) which is near (34,21)
[miner2] Red retriever 1 staying near explorer at 24 11
[miner7] I am at (17,22) which is near (17,23)
[miner2] I am at (24,12) which is near (24,11)
[miner7] I chose to go near 18 30 Coordinates
[miner2] Red retriever 1 staying near explorer at 24 11
[miner2] I am at (24,12) which is near (24,11)
[miner8] I am at (2,16) which is near (2,15)
[miner8] I chose to go near 3 16 Coordinates
[miner2] Red retriever 1 staying near explorer at 24 11
[miner9] I am at (12,22) which is near (12,23)
[miner8] I am at (2,16) which is near (3,16)
[miner8] I chose to go near 33 0 Coordinates
[miner9] I chose to go near 18 26 Coordinates
[miner6] I am at (2,14) which is near (2,13)
[miner2] I am at (24,12) which is near (24,11)
[miner6] I chose to go near 6 24 Coordinates
[miner2] Red retriever 1 staying near explorer at 24 11
[miner3] I am at (0,32) which is near (0,31)
[miner3] I chose to go near 9 10 Coordinates
[miner2] I am at (24,12) which is near (24,11)
[miner1] I am at (18,25) which is near (18,26)
[miner7] I am at (18,29) which is near (18,30)
[miner1] I chose to go near 20 24 Coordinates
[miner7] I chose to go near 31 23 Coordinates
[miner9] I am at (18,25) which is near (18,26)
[miner2] Red retriever 1 staying near explorer at 24 11
[miner9] I chose to go near 29 25 Coordinates
[miner1] I am at (19,25) which is near (20,24)
[miner1] I chose to go near 28 31 Coordinates
[miner2] I am at (24,12) which is near (24,11)
[miner2] Red retriever 1 staying near explorer at 24 11
[miner2] I am at (24,12) which is near (24,11)
[miner2] Red retriever 1 staying near explorer at 24 11
[miner2] I am at (24,12) which is near (24,11)
[miner2] Red retriever 1 staying near explorer at 24 11
[miner2] I am at (24,12) which is near (24,11)
[miner2] Red retriever 1 staying near explorer at 24 11
[miner9] I am at (28,25) which is near (29,25)
[miner9] I chose to go near 2 15 Coordinates
[miner2] I am at (24,12) which is near (24,11)
[miner2] Red retriever 1 staying near explorer at 24 11
[miner2] I am at (24,12) which is near (24,11)
[miner2] Red retriever 1 staying near explorer at 24 11
[miner2] I am at (24,12) which is near (24,11)
[miner2] Red retriever 1 staying near explorer at 24 11
[miner2] I am at (24,12) which is near (24,11)
[miner2] Red retriever 1 staying near explorer at 24 11
[miner4] I am at (1,21) which is near (0,21)
[miner2] I am at (24,12) which is near (24,11)
[miner2] Red retriever 1 staying near explorer at 24 11
[miner3] I am at (9,11) which is near (9,10)
[miner1] I am at (28,30) which is near (28,31)
[miner1] I chose to go near 6 9 Coordinates
[miner2] I am at (24,12) which is near (24,11)
[miner3] I chose to go near 22 24 Coordinates
[miner2] Red retriever 1 staying near explorer at 24 11
[miner2] I am at (24,12) which is near (24,11)
[miner6] I am at (7,24) which is near (6,24)
[miner6] I chose to go near 31 26 Coordinates
[miner2] Red retriever 1 staying near explorer at 24 11
[miner2] I am at (24,12) which is near (24,11)
[miner2] Red retriever 1 staying near explorer at 24 11
[miner2] I am at (24,12) which is near (24,11)
[miner2] Red retriever 1 staying near explorer at 24 11
[miner2] I am at (24,12) which is near (24,11)
[miner4] I am at (0,27) which is near (0,28)
[miner2] Red retriever 1 staying near explorer at 24 11
[miner2] I am at (24,12) which is near (24,11)
[miner8] I am at (33,1) which is near (33,0)
[miner8] I chose to go near 31 19 Coordinates
[miner2] Red retriever 1 staying near explorer at 24 11
[miner2] I am at (24,12) which is near (24,11)
[miner2] Red retriever 1 staying near explorer at 24 11
[miner2] I am at (24,12) which is near (24,11)
[miner2] Red retriever 1 staying near explorer at 24 11
[miner2] I am at (24,12) which is near (24,11)
[miner2] Red retriever 1 staying near explorer at 24 11
[miner2] I am at (24,12) which is near (24,11)
[miner2] Red retriever 1 staying near explorer at 24 11
[miner2] I am at (24,12) which is near (24,11)
[miner2] Red retriever 1 staying near explorer at 24 11
[miner2] I am at (24,12) which is near (24,11)
[miner2] Red retriever 1 staying near explorer at 24 11
[miner2] I am at (24,12) which is near (24,11)
[miner2] Red retriever 1 staying near explorer at 24 11
[miner2] I am at (24,12) which is near (24,11)
[miner2] Red retriever 1 staying near explorer at 24 11
[miner2] I am at (24,12) which is near (24,11)
[miner2] Red retriever 1 staying near explorer at 24 11
[miner2] I am at (24,12) which is near (24,11)
[miner2] Red retriever 1 staying near explorer at 24 11
[miner2] I am at (24,12) which is near (24,11)
[miner2] Red retriever 1 staying near explorer at 24 11
[miner8] I am at (31,18) which is near (31,19)
[miner8] I chose to go near 33 11 Coordinates
[miner2] I am at (24,12) which is near (24,11)
[miner2] Red retriever 1 staying near explorer at 24 11
[miner2] I am at (24,12) which is near (24,11)
[miner2] Red retriever 1 staying near explorer at 24 11
[miner2] I am at (24,12) which is near (24,11)
[miner2] Red retriever 1 staying near explorer at 24 11
[miner2] I am at (24,12) which is near (24,11)
[miner2] Red retriever 1 staying near explorer at 24 11
[miner2] I am at (24,12) which is near (24,11)
[miner8] I am at (33,12) which is near (33,11)
[miner8] I chose to go near 23 11 Coordinates
[miner2] Red retriever 1 staying near explorer at 24 11
[miner2] I am at (24,12) which is near (24,11)
[miner2] Red retriever 1 staying near explorer at 24 11
[miner2] I am at (24,12) which is near (24,11)
[miner2] Red retriever 1 staying near explorer at 24 11
[miner2] I am at (24,12) which is near (24,11)
[miner2] Red retriever 1 staying near explorer at 24 11
[miner2] I am at (24,12) which is near (24,11)
[miner2] Red retriever 1 staying near explorer at 24 11
[miner2] I am at (24,12) which is near (24,11)
[miner6] I am at (31,27) which is near (31,26)
[miner6] I chose to go near 3 26 Coordinates
[miner2] Red retriever 1 staying near explorer at 24 11
[miner2] I am at (24,12) which is near (24,11)
[miner8] I am at (24,11) which is near (23,11)
[miner8] I chose to go near 7 4 Coordinates
[miner2] Red retriever 1 staying near explorer at 24 11
[miner2] I am at (24,12) which is near (24,11)
[miner2] Red retriever 1 staying near explorer at 24 11
[miner2] I am at (24,12) which is near (24,11)
[miner2] Red retriever 1 staying near explorer at 24 11
[miner2] I am at (24,12) which is near (24,11)
[miner2] Red retriever 1 staying near explorer at 24 11
[miner2] I am at (24,12) which is near (24,11)
[miner2] Red retriever 1 staying near explorer at 24 11
[miner2] I am at (24,12) which is near (24,11)
[miner2] Red retriever 1 staying near explorer at 24 11
[miner2] I am at (24,12) which is near (24,11)
[miner2] Red retriever 1 staying near explorer at 24 11
[miner4] I am at (34,27) which is near (34,28)
[miner2] I am at (24,12) which is near (24,11)
[miner2] Red retriever 1 staying near explorer at 24 11
[miner2] I am at (24,12) which is near (24,11)
[miner2] Red retriever 1 staying near explorer at 24 11
[miner2] I am at (24,12) which is near (24,11)
[miner2] Red retriever 1 staying near explorer at 24 11
[miner2] I am at (24,12) which is near (24,11)
[miner2] Red retriever 1 staying near explorer at 24 11
[miner8] I am at (7,5) which is near (7,4)
[miner2] I am at (24,12) which is near (24,11)
[miner8] I chose to go near 19 27 Coordinates
[miner2] Red retriever 1 staying near explorer at 24 11
[miner7] I am at (31,24) which is near (31,23)
[miner2] I am at (24,12) which is near (24,11)
[miner7] I chose to go near 29 16 Coordinates
[miner2] Red retriever 1 staying near explorer at 24 11
[miner1] I am at (6,10) which is near (6,9)
[miner1] I chose to go near 6 4 Coordinates
[miner2] I am at (24,12) which is near (24,11)
[miner2] Red retriever 1 staying near explorer at 24 11
[miner2] I am at (24,12) which is near (24,11)
[miner2] Red retriever 1 staying near explorer at 24 11
[miner2] I am at (24,12) which is near (24,11)
[miner2] Red retriever 1 staying near explorer at 24 11
[miner2] I am at (24,12) which is near (24,11)
[miner2] Red retriever 1 staying near explorer at 24 11
[miner1] I am at (6,5) which is near (6,4)
[miner2] I am at (24,12) which is near (24,11)
[miner1] I chose to go near 12 8 Coordinates
[miner2] Red retriever 1 staying near explorer at 24 11
[miner2] I am at (24,12) which is near (24,11)
[miner2] Red retriever 1 staying near explorer at 24 11
[miner2] I am at (24,12) which is near (24,11)
[miner2] Red retriever 1 staying near explorer at 24 11
[miner7] I am at (29,17) which is near (29,16)
[miner7] I chose to go near 3 10 Coordinates
[miner2] I am at (24,12) which is near (24,11)
[miner2] Red retriever 1 staying near explorer at 24 11
[miner2] I am at (24,12) which is near (24,11)
[miner2] Red retriever 1 staying near explorer at 24 11
[miner1] I am at (12,7) which is near (12,8)
[miner2] I am at (24,12) which is near (24,11)
[miner1] I chose to go near 3 29 Coordinates
[miner2] Red retriever 1 staying near explorer at 24 11
[miner2] I am at (24,12) which is near (24,11)
[miner2] Red retriever 1 staying near explorer at 24 11
[miner2] I am at (24,12) which is near (24,11)
[miner2] Red retriever 1 staying near explorer at 24 11
[miner2] I am at (24,12) which is near (24,11)
[miner2] Red retriever 1 staying near explorer at 24 11
[miner9] I am at (2,16) which is near (2,15)
[miner9] I chose to go near 15 11 Coordinates
[miner2] I am at (24,12) which is near (24,11)
[miner8] I am at (19,26) which is near (19,27)
[miner8] I chose to go near 17 6 Coordinates
[miner3] I am at (22,23) which is near (22,24)
[miner2] Red retriever 1 staying near explorer at 24 11
[miner3] I chose to go near 7 24 Coordinates
[miner2] I am at (24,12) which is near (24,11)
[miner2] Red retriever 1 staying near explorer at 24 11
[miner2] I am at (24,12) which is near (24,11)
[miner9] I am at (14,12) which is near (15,11)
[miner2] Red retriever 1 staying near explorer at 24 11
[miner9] I chose to go near 22 31 Coordinates
[miner6] I am at (3,25) which is near (3,26)
[miner2] I am at (24,12) which is near (24,11)
[miner6] I chose to go near 11 9 Coordinates
[miner2] Red retriever 1 staying near explorer at 24 11
[miner2] I am at (24,12) which is near (24,11)
[miner2] Red retriever 1 staying near explorer at 24 11
[miner2] I am at (24,12) which is near (24,11)
[miner2] Red retriever 1 staying near explorer at 24 11
[miner2] I am at (24,12) which is near (24,11)
[miner2] Red retriever 1 staying near explorer at 24 11
[miner2] I am at (24,12) which is near (24,11)
[miner2] Red retriever 1 staying near explorer at 24 11
[miner8] I am at (18,7) which is near (17,6)
[miner2] I am at (24,12) which is near (24,11)
[miner8] I chose to go near 18 32 Coordinates
[miner2] Red retriever 1 staying near explorer at 24 11
[miner2] I am at (24,12) which is near (24,11)
[miner2] Red retriever 1 staying near explorer at 24 11
[miner2] I am at (24,12) which is near (24,11)
[miner2] Red retriever 1 staying near explorer at 24 11
[miner2] I am at (24,12) which is near (24,11)
[miner2] Red retriever 1 staying near explorer at 24 11
[miner2] I am at (24,12) which is near (24,11)
[miner2] Red retriever 1 staying near explorer at 24 11
[miner2] I am at (24,12) which is near (24,11)
[miner2] Red retriever 1 staying near explorer at 24 11
[miner2] I am at (24,12) which is near (24,11)
[miner9] I am at (22,30) which is near (22,31)
[miner9] I chose to go near 10 16 Coordinates
[miner2] Red retriever 1 staying near explorer at 24 11
[miner2] I am at (24,12) which is near (24,11)
[miner2] Red retriever 1 staying near explorer at 24 11
[miner2] I am at (24,12) which is near (24,11)
[miner2] Red retriever 1 staying near explorer at 24 11
[miner2] I am at (24,12) which is near (24,11)
[miner7] I am at (4,11) which is near (3,10)
[miner2] Red retriever 1 staying near explorer at 24 11
[miner7] I chose to go near 3 25 Coordinates
[miner2] I am at (24,12) which is near (24,11)
[miner4] I am at (0,1) which is near (0,0)
[miner2] Red retriever 1 staying near explorer at 24 11
[miner2] I am at (24,12) which is near (24,11)
[miner2] Red retriever 1 staying near explorer at 24 11
[miner3] I am at (8,25) which is near (7,24)
[miner3] I chose to go near 1 13 Coordinates
[miner2] I am at (24,12) which is near (24,11)
[miner2] Red retriever 1 staying near explorer at 24 11
[miner8] I am at (17,31) which is near (18,32)
[miner2] I am at (24,12) which is near (24,11)
[miner8] I chose to go near 8 13 Coordinates
[miner2] Red retriever 1 staying near explorer at 24 11
[miner2] I am at (24,12) which is near (24,11)
[miner2] Red retriever 1 staying near explorer at 24 11
[miner9] I am at (10,17) which is near (10,16)
[miner2] I am at (24,12) which is near (24,11)
[miner9] I chose to go near 11 12 Coordinates
[miner2] Red retriever 1 staying near explorer at 24 11
[miner2] I am at (24,12) which is near (24,11)
[miner2] Red retriever 1 staying near explorer at 24 11
[miner2] I am at (24,12) which is near (24,11)
[miner2] Red retriever 1 staying near explorer at 24 11
[miner2] I am at (24,12) which is near (24,11)
[miner9] I am at (11,13) which is near (11,12)
[miner2] Red retriever 1 staying near explorer at 24 11
[miner9] I chose to go near 31 26 Coordinates
[miner2] I am at (24,12) which is near (24,11)
[miner6] I am at (11,10) which is near (11,9)
[miner6] I chose to go near 31 27 Coordinates
[miner2] Red retriever 1 staying near explorer at 24 11
[miner2] I am at (24,12) which is near (24,11)
[miner2] Red retriever 1 staying near explorer at 24 11
[miner2] I am at (24,12) which is near (24,11)
[miner2] Red retriever 1 staying near explorer at 24 11
[miner2] I am at (24,12) which is near (24,11)
[miner2] Red retriever 1 staying near explorer at 24 11
[miner2] I am at (24,12) which is near (24,11)
[miner2] Red retriever 1 staying near explorer at 24 11
[miner2] I am at (24,12) which is near (24,11)
[miner2] Red retriever 1 staying near explorer at 24 11
[miner8] I am at (9,14) which is near (8,13)
[miner8] I chose to go near 24 20 Coordinates
[miner4] I am at (33,1) which is near (34,0)
[miner2] I am at (24,12) which is near (24,11)
[miner3] I am at (1,14) which is near (1,13)
[miner3] I chose to go near 12 14 Coordinates
[miner2] Red retriever 1 staying near explorer at 24 11
[miner2] I am at (24,12) which is near (24,11)
[miner4] I am at (34,6) which is near (34,7)
[miner2] Red retriever 1 staying near explorer at 24 11
[miner8] I am at (24,19) which is near (24,20)
[miner8] I chose to go near 1 21 Coordinates
[miner2] I am at (24,12) which is near (24,11)
[miner6] I am at (31,26) which is near (31,27)
[miner6] I chose to go near 23 17 Coordinates
[miner3] I am at (12,13) which is near (12,14)
[miner3] I chose to go near 27 5 Coordinates
[miner2] Red retriever 1 staying near explorer at 24 11
[miner2] I am at (24,12) which is near (24,11)
[miner1] I am at (1,29) and I can't get to' (3,29)
[miner1] I chose to go near 29 0 Coordinates
[miner2] Red retriever 1 staying near explorer at 24 11
[miner2] I am at (24,12) which is near (24,11)
[miner2] Red retriever 1 staying near explorer at 24 11
[miner6] I am at (23,18) which is near (23,17)
[miner6] I chose to go near 30 22 Coordinates
[miner2] I am at (24,12) which is near (24,11)
[miner8] I am at (2,21) which is near (1,21)
[miner8] I chose to go near 28 10 Coordinates
[miner2] Red retriever 1 staying near explorer at 24 11
[miner2] I am at (24,12) which is near (24,11)
[miner3] I am at (27,6) which is near (27,5)
[miner3] I chose to go near 13 0 Coordinates
[miner2] Red retriever 1 staying near explorer at 24 11
[miner6] I am at (30,21) which is near (30,22)
[miner6] I chose to go near 32 1 Coordinates
[miner2] I am at (24,12) which is near (24,11)
[miner7] I am at (4,24) which is near (3,25)
[miner7] I chose to go near 18 20 Coordinates
[miner2] Red retriever 1 staying near explorer at 24 11
[miner2] I am at (24,12) which is near (24,11)
[miner4] I am at (1,6) which is near (0,7)
[miner2] Red retriever 1 staying near explorer at 24 11
[miner2] I am at (24,12) which is near (24,11)
[miner2] Red retriever 1 staying near explorer at 24 11
[miner4] I am at (0,13) which is near (0,14)
[miner2] I am at (24,12) which is near (24,11)
[miner3] I am at (13,1) which is near (13,0)
[miner3] I chose to go near 26 3 Coordinates
[miner6] I am at (32,2) which is near (32,1)
[miner6] I chose to go near 3 20 Coordinates
[miner2] Red retriever 1 staying near explorer at 24 11
[miner2] I am at (24,12) which is near (24,11)
[miner2] Red retriever 1 staying near explorer at 24 11
[miner2] I am at (24,12) which is near (24,11)
[miner8] I am at (28,11) which is near (28,10)
[miner2] Red retriever 1 staying near explorer at 24 11
[miner8] I chose to go near 3 16 Coordinates
[miner2] I am at (24,12) which is near (24,11)
[miner3] I am at (26,2) which is near (26,3)
[miner3] I chose to go near 24 21 Coordinates
[miner2] Red retriever 1 staying near explorer at 24 11
[miner2] I am at (24,12) which is near (24,11)
[miner9] I am at (31,25) which is near (31,26)
[miner2] Red retriever 1 staying near explorer at 24 11
[miner9] I chose to go near 19 13 Coordinates
[miner2] I am at (24,12) which is near (24,11)
[miner2] Red retriever 1 staying near explorer at 24 11
[miner2] I am at (24,12) which is near (24,11)
[miner8] I am at (4,15) which is near (3,16)
[miner8] I chose to go near 25 0 Coordinates
[miner2] Red retriever 1 staying near explorer at 24 11
[miner2] I am at (24,12) which is near (24,11)
[miner3] I am at (24,20) which is near (24,21)
[miner3] I chose to go near 24 20 Coordinates
[miner3] I am at (24,20) which is near (24,20)
[miner3] I chose to go near 16 20 Coordinates
[miner9] I am at (20,14) which is near (19,13)
[miner2] Red retriever 1 staying near explorer at 24 11
[miner9] I chose to go near 7 31 Coordinates
[miner4] I am at (34,13) which is near (34,14)
[miner2] I am at (24,12) which is near (24,11)
[miner6] I am at (2,19) which is near (3,20)
[miner6] I chose to go near 11 31 Coordinates
[miner2] Red retriever 1 staying near explorer at 24 11
[miner3] I am at (17,20) which is near (16,20)
[miner3] I chose to go near 13 5 Coordinates
[miner2] I am at (24,12) which is near (24,11)
[miner2] Red retriever 1 staying near explorer at 24 11
[miner4] I am at (34,20) which is near (34,21)
[miner2] I am at (24,12) which is near (24,11)
[miner2] Red retriever 1 staying near explorer at 24 11
[miner1] I am at (29,1) which is near (29,0)
[miner1] I chose to go near 28 14 Coordinates
[miner6] I am at (11,30) which is near (11,31)
[miner2] I am at (24,12) which is near (24,11)
[miner6] I chose to go near 25 18 Coordinates
[miner3] I am at (13,6) which is near (13,5)
[miner3] I chose to go near 3 26 Coordinates
[miner8] I am at (25,1) which is near (25,0)
[miner8] I chose to go near 8 7 Coordinates
[miner2] Red retriever 1 staying near explorer at 24 11
[miner2] I am at (24,12) which is near (24,11)
[miner2] Red retriever 1 staying near explorer at 24 11
[miner2] I am at (24,12) which is near (24,11)
[miner7] I am at (18,21) which is near (18,20)
[miner7] I chose to go near 22 25 Coordinates
[miner2] Red retriever 1 staying near explorer at 24 11
[miner6] I am at (25,19) which is near (25,18)
[miner6] I chose to go near 22 6 Coordinates
[miner8] I am at (8,6) which is near (8,7)
[miner2] I am at (24,12) which is near (24,11)
[miner8] I chose to go near 0 14 Coordinates
[miner1] I am at (27,13) which is near (28,14)
[miner2] Red retriever 1 staying near explorer at 24 11
[miner1] I chose to go near 4 14 Coordinates
[miner7] I am at (22,24) which is near (22,25)
[miner7] I chose to go near 31 1 Coordinates
[miner2] I am at (24,12) which is near (24,11)
[miner2] Red retriever 1 staying near explorer at 24 11
[miner8] I am at (0,13) which is near (0,14)
[miner8] I chose to go near 3 27 Coordinates
[miner6] I am at (22,7) which is near (22,6)
[miner2] I am at (24,12) which is near (24,11)
[miner6] I chose to go near 19 6 Coordinates
[miner6] I am at (20,7) which is near (19,6)
[miner6] I chose to go near 28 22 Coordinates
[miner4] I am at (1,21) which is near (0,21)
[miner2] Red retriever 1 staying near explorer at 24 11
[miner2] I am at (24,12) which is near (24,11)
[miner2] Red retriever 1 staying near explorer at 24 11
[miner2] I am at (24,12) which is near (24,11)
[miner4] I am at (0,27) which is near (0,28)
[miner3] I am at (3,25) which is near (3,26)
[miner3] I chose to go near 0 28 Coordinates
[miner2] Red retriever 1 staying near explorer at 24 11
[miner2] I am at (24,12) which is near (24,11)
[miner6] I am at (27,21) which is near (28,22)
[miner6] I chose to go near 22 2 Coordinates
[miner2] Red retriever 1 staying near explorer at 24 11
[miner2] I am at (24,12) which is near (24,11)
[miner2] Red retriever 1 staying near explorer at 24 11
[miner2] I am at (24,12) which is near (24,11)
[miner8] I am at (3,26) which is near (3,27)
[miner8] I chose to go near 7 14 Coordinates
[miner2] Red retriever 1 staying near explorer at 24 11
[miner3] I am at (0,29) which is near (0,28)
[miner3] I chose to go near 3 26 Coordinates
[miner2] I am at (24,12) which is near (24,11)
[miner9] I am at (6,30) which is near (7,31)
[miner2] Red retriever 1 staying near explorer at 24 11
[miner9] I chose to go near 4 11 Coordinates
[miner6] I am at (22,3) which is near (22,2)
[miner6] I chose to go near 8 16 Coordinates
[miner2] I am at (24,12) which is near (24,11)
[miner2] Red retriever 1 staying near explorer at 24 11
[miner2] I am at (24,12) which is near (24,11)
[miner2] Red retriever 1 staying near explorer at 24 11
[miner7] I am at (31,2) which is near (31,1)
[miner2] I am at (24,12) which is near (24,11)
[miner7] I chose to go near 31 26 Coordinates
[miner2] Red retriever 1 staying near explorer at 24 11
[miner2] I am at (24,12) which is near (24,11)
[miner2] Red retriever 1 staying near explorer at 24 11
[miner2] I am at (24,12) which is near (24,11)
[miner2] Red retriever 1 staying near explorer at 24 11
[miner2] I am at (24,12) which is near (24,11)
[miner2] Red retriever 1 staying near explorer at 24 11
[miner2] I am at (24,12) which is near (24,11)
[miner2] Red retriever 1 staying near explorer at 24 11
[miner2] I am at (24,12) which is near (24,11)
[miner2] Red retriever 1 staying near explorer at 24 11
[miner2] I am at (24,12) which is near (24,11)
[miner2] Red retriever 1 staying near explorer at 24 11
[miner2] I am at (24,12) which is near (24,11)
[miner2] Red retriever 1 staying near explorer at 24 11
[miner2] I am at (24,12) which is near (24,11)
[miner3] I am at (3,25) which is near (3,26)
[miner3] I chose to go near 21 22 Coordinates
[miner2] Red retriever 1 staying near explorer at 24 11
[miner2] I am at (24,12) which is near (24,11)
[miner6] I am at (7,15) which is near (8,16)
[miner6] I chose to go near 23 25 Coordinates
[miner2] Red retriever 1 staying near explorer at 24 11
[miner9] I am at (4,12) which is near (4,11)
[miner9] I chose to go near 13 29 Coordinates
[miner2] I am at (24,12) which is near (24,11)
[miner2] Red retriever 1 staying near explorer at 24 11
[miner2] I am at (24,12) which is near (24,11)
[miner2] Red retriever 1 staying near explorer at 24 11
[miner2] I am at (24,12) which is near (24,11)
[miner2] Red retriever 1 staying near explorer at 24 11
[miner2] I am at (24,12) which is near (24,11)
[miner2] Red retriever 1 staying near explorer at 24 11
[miner2] I am at (24,12) which is near (24,11)
[miner2] Red retriever 1 staying near explorer at 24 11
[miner8] I am at (7,15) which is near (7,14)
[miner8] I chose to go near 23 6 Coordinates
[miner2] I am at (24,12) which is near (24,11)
[miner2] Red retriever 1 staying near explorer at 24 11
[miner2] I am at (24,12) which is near (24,11)
[miner2] Red retriever 1 staying near explorer at 24 11
[miner2] I am at (24,12) which is near (24,11)
[miner2] Red retriever 1 staying near explorer at 24 11
[miner2] I am at (24,12) which is near (24,11)
[miner4] I am at (34,27) which is near (34,28)
[miner2] Red retriever 1 staying near explorer at 24 11
[miner2] I am at (24,12) which is near (24,11)
[miner7] I am at (31,25) which is near (31,26)
[miner7] I chose to go near 23 5 Coordinates
[miner6] I am at (23,24) which is near (23,25)
[miner2] Red retriever 1 staying near explorer at 24 11
[miner6] I chose to go near 22 0 Coordinates
[miner2] I am at (24,12) which is near (24,11)
[miner2] Red retriever 1 staying near explorer at 24 11
[miner9] I am at (13,28) which is near (13,29)
[miner9] I chose to go near 6 10 Coordinates
[miner2] I am at (24,12) which is near (24,11)
[miner8] I am at (23,7) which is near (23,6)
[miner8] I chose to go near 16 2 Coordinates
[miner2] Red retriever 1 staying near explorer at 24 11
[miner1] I am at (4,13) which is near (4,14)
[miner2] I am at (24,12) which is near (24,11)
[miner1] I chose to go near 26 5 Coordinates
[miner2] Red retriever 1 staying near explorer at 24 11
[miner8] I am at (16,3) which is near (16,2)
[miner8] I chose to go near 15 33 Coordinates
[miner3] I am at (20,22) which is near (21,22)
[miner3] I chose to go near 9 14 Coordinates
[miner6] I am at (22,1) which is near (22,0)
[miner6] I chose to go near 6 28 Coordinates
[miner2] I am at (24,12) which is near (24,11)
[miner2] Red retriever 1 staying near explorer at 24 11
[miner2] I am at (24,12) which is near (24,11)
[miner2] Red retriever 1 staying near explorer at 24 11
[miner9] I am at (6,11) which is near (6,10)
[miner9] I chose to go near 26 5 Coordinates
[miner2] I am at (24,12) which is near (24,11)
[miner2] Red retriever 1 staying near explorer at 24 11
[miner3] I am at (9,15) which is near (9,14)
[miner3] I chose to go near 20 11 Coordinates
[miner2] I am at (24,12) which is near (24,11)
[miner2] Red retriever 1 staying near explorer at 24 11
[miner2] I am at (24,12) which is near (24,11)
[miner2] Red retriever 1 staying near explorer at 24 11
[miner2] I am at (24,12) which is near (24,11)
[miner3] I am at (19,12) which is near (20,11)
[miner3] I chose to go near 15 0 Coordinates
[miner8] I am at (16,32) which is near (15,33)
[miner8] I chose to go near 22 16 Coordinates
[miner2] Red retriever 1 staying near explorer at 24 11
[miner9] I am at (26,6) which is near (26,5)
[miner9] I chose to go near 17 6 Coordinates
[miner2] I am at (24,12) which is near (24,11)
[miner1] I am at (26,6) which is near (26,5)
[miner1] I chose to go near 32 6 Coordinates
[miner2] Red retriever 1 staying near explorer at 24 11
[miner9] I am at (18,6) which is near (17,6)
[miner9] I chose to go near 21 30 Coordinates
[miner2] I am at (24,12) which is near (24,11)
[miner4] I am at (0,1) which is near (0,0)
[miner2] Red retriever 1 staying near explorer at 24 11
[miner3] I am at (15,1) which is near (15,0)
[miner3] I chose to go near 16 33 Coordinates
[miner1] I am at (31,6) which is near (32,6)
[miner1] I chose to go near 28 33 Coordinates
[miner8] I am at (22,17) which is near (22,16)
[miner8] I chose to go near 22 31 Coordinates
[miner2] I am at (24,12) which is near (24,11)
[miner2] Red retriever 1 staying near explorer at 24 11
[miner2] I am at (24,12) which is near (24,11)
[miner2] Red retriever 1 staying near explorer at 24 11
[miner2] I am at (24,12) which is near (24,11)
[miner8] I am at (22,30) which is near (22,31)
[miner8] I chose to go near 28 32 Coordinates
[miner9] I am at (21,29) which is near (21,30)
[miner9] I chose to go near 26 5 Coordinates
[miner2] Red retriever 1 staying near explorer at 24 11
[miner8] I am at (28,31) which is near (28,32)
[miner8] I chose to go near 27 5 Coordinates
[miner2] I am at (24,12) which is near (24,11)
[miner2] Red retriever 1 staying near explorer at 24 11
[miner2] I am at (24,12) which is near (24,11)
[miner2] Red retriever 1 staying near explorer at 24 11
[miner2] I am at (24,12) which is near (24,11)
[miner2] Red retriever 1 staying near explorer at 24 11
[miner6] I am at (5,28) which is near (6,28)
[miner6] I chose to go near 4 22 Coordinates
[miner2] I am at (24,12) which is near (24,11)
[miner4] I am at (33,1) which is near (34,0)
[miner7] I am at (23,6) which is near (23,5)
[miner8] I am at (27,6) which is near (27,5)
[miner7] I chose to go near 2 15 Coordinates
[miner8] I chose to go near 6 0 Coordinates
[miner2] Red retriever 1 staying near explorer at 24 11
[miner2] I am at (24,12) which is near (24,11)
[miner3] I am at (16,32) which is near (16,33)
[miner3] I chose to go near 27 9 Coordinates
[miner9] I am at (26,6) which is near (26,5)
[miner9] I chose to go near 22 23 Coordinates
[miner2] Red retriever 1 staying near explorer at 24 11
[miner4] I am at (34,6) which is near (34,7)
[miner2] I am at (24,12) which is near (24,11)
[miner1] I am at (28,32) which is near (28,33)
[miner1] I chose to go near 31 16 Coordinates
[miner2] Red retriever 1 staying near explorer at 24 11
[miner2] I am at (24,12) which is near (24,11)
[miner2] Red retriever 1 staying near explorer at 24 11
[miner2] I am at (24,12) which is near (24,11)
[miner9] I am at (22,22) which is near (22,23)
[miner9] I chose to go near 14 12 Coordinates
[miner2] Red retriever 1 staying near explorer at 24 11
[miner8] I am at (6,1) which is near (6,0)
[miner8] I chose to go near 4 31 Coordinates
[miner2] I am at (24,12) which is near (24,11)
[miner2] Red retriever 1 staying near explorer at 24 11
[miner2] I am at (24,12) which is near (24,11)
[miner6] I am at (3,22) which is near (4,22)
[miner6] I chose to go near 11 33 Coordinates
[miner2] Red retriever 1 staying near explorer at 24 11
[miner3] I am at (27,10) which is near (27,9)
[miner3] I chose to go near 18 23 Coordinates
[miner2] I am at (24,12) which is near (24,11)
[miner9] I am at (14,13) which is near (14,12)
[miner9] I chose to go near 28 21 Coordinates
[miner1] I am at (31,17) which is near (31,16)
[miner1] I chose to go near 1 8 Coordinates
[miner2] Red retriever 1 staying near explorer at 24 11
[miner2] I am at (24,12) which is near (24,11)
[miner7] I am at (2,14) which is near (2,15)
[miner7] I chose to go near 32 33 Coordinates
[miner4] I am at (1,6) which is near (0,7)
[miner2] Red retriever 1 staying near explorer at 24 11
[miner6] I am at (11,32) which is near (11,33)
[miner6] I chose to go near 0 2 Coordinates
[miner2] I am at (24,12) which is near (24,11)
[miner2] Red retriever 1 staying near explorer at 24 11
[miner4] I am at (0,13) which is near (0,14)
[miner3] I am at (18,22) which is near (18,23)
[miner8] I am at (3,30) which is near (4,31)
[miner3] I chose to go near 10 13 Coordinates
[miner8] I chose to go near 21 10 Coordinates
[miner2] I am at (24,12) which is near (24,11)
[miner9] I am at (27,20) which is near (28,21)
[miner9] I chose to go near 1 17 Coordinates
[miner2] Red retriever 1 staying near explorer at 24 11
[miner2] I am at (24,12) which is near (24,11)
[miner2] Red retriever 1 staying near explorer at 24 11
[miner3] I am at (10,14) which is near (10,13)
[miner2] I am at (24,12) which is near (24,11)
[miner3] I chose to go near 22 30 Coordinates
[miner2] Red retriever 1 staying near explorer at 24 11
[miner2] I am at (24,12) which is near (24,11)
[miner2] Red retriever 1 staying near explorer at 24 11
[miner2] I am at (24,12) which is near (24,11)
[miner2] Red retriever 1 staying near explorer at 24 11
[miner2] I am at (24,12) which is near (24,11)
[miner2] Red retriever 1 staying near explorer at 24 11
[miner2] I am at (24,12) which is near (24,11)
[miner2] Red retriever 1 staying near explorer at 24 11
[miner2] I am at (24,12) which is near (24,11)
[miner2] Red retriever 1 staying near explorer at 24 11
[miner2] I am at (24,12) which is near (24,11)
[miner9] I am at (2,17) which is near (1,17)
[miner9] I chose to go near 29 6 Coordinates
[miner2] Red retriever 1 staying near explorer at 24 11
[miner2] I am at (24,12) which is near (24,11)
[miner2] Red retriever 1 staying near explorer at 24 11
[miner6] I am at (0,3) which is near (0,2)
[miner6] I chose to go near 24 25 Coordinates
[miner2] I am at (24,12) which is near (24,11)
[miner3] I am at (22,29) which is near (22,30)
[miner3] I chose to go near 17 0 Coordinates
[miner2] Red retriever 1 staying near explorer at 24 11
[miner8] I am at (21,11) which is near (21,10)
[miner8] I chose to go near 5 29 Coordinates
[miner2] I am at (24,12) which is near (24,11)
[miner2] Red retriever 1 staying near explorer at 24 11
[miner2] I am at (24,12) which is near (24,11)
[miner4] I am at (34,13) which is near (34,14)
[miner2] Red retriever 1 staying near explorer at 24 11
[miner2] I am at (24,12) which is near (24,11)
[miner1] I am at (1,9) which is near (1,8)
[miner1] I chose to go near 11 14 Coordinates
[miner2] Red retriever 1 staying near explorer at 24 11
[miner2] I am at (24,12) which is near (24,11)
[miner2] Red retriever 1 staying near explorer at 24 11
[miner2] I am at (24,12) which is near (24,11)
[miner2] Red retriever 1 staying near explorer at 24 11
[miner2] I am at (24,12) which is near (24,11)
[miner2] Red retriever 1 staying near explorer at 24 11
[miner2] I am at (24,12) which is near (24,11)
[miner4] I am at (34,20) which is near (34,21)
[miner2] Red retriever 1 staying near explorer at 24 11
[miner2] I am at (24,12) which is near (24,11)
[miner2] Red retriever 1 staying near explorer at 24 11
[miner2] I am at (24,12) which is near (24,11)
[miner2] Red retriever 1 staying near explorer at 24 11
[miner2] I am at (24,12) which is near (24,11)
[miner2] Red retriever 1 staying near explorer at 24 11
[miner2] I am at (24,12) which is near (24,11)
[miner2] Red retriever 1 staying near explorer at 24 11
[miner9] I am at (29,7) which is near (29,6)
[miner9] I chose to go near 30 22 Coordinates
[miner2] I am at (24,12) which is near (24,11)
[miner2] Red retriever 1 staying near explorer at 24 11
[miner7] I am at (32,32) which is near (32,33)
[miner7] I chose to go near 27 31 Coordinates
[miner2] I am at (24,12) which is near (24,11)
[miner2] Red retriever 1 staying near explorer at 24 11
[miner3] I am at (17,1) which is near (17,0)
[miner3] I chose to go near 24 28 Coordinates
[miner2] I am at (24,12) which is near (24,11)
[miner2] Red retriever 1 staying near explorer at 24 11
[miner1] I am at (11,13) which is near (11,14)
[miner2] I am at (24,12) which is near (24,11)
[miner1] I chose to go near 21 1 Coordinates
[miner7] I am at (28,32) which is near (27,31)
[miner7] I chose to go near 5 1 Coordinates
[miner6] I am at (24,24) which is near (24,25)
[miner2] Red retriever 1 staying near explorer at 24 11
[miner6] I chose to go near 16 13 Coordinates
[miner8] I am at (1,29) and I can't get to' (5,29)
[miner8] I chose to go near 3 1 Coordinates
[miner2] I am at (24,12) which is near (24,11)
[miner9] I am at (30,21) which is near (30,22)
[miner2] Red retriever 1 staying near explorer at 24 11
[miner9] I chose to go near 11 30 Coordinates
[miner2] I am at (24,12) which is near (24,11)
[miner2] Red retriever 1 staying near explorer at 24 11
[miner2] I am at (24,12) which is near (24,11)
[miner2] Red retriever 1 staying near explorer at 24 11
[miner2] I am at (24,12) which is near (24,11)
[miner2] Red retriever 1 staying near explorer at 24 11
[miner2] I am at (24,12) which is near (24,11)
[miner2] Red retriever 1 staying near explorer at 24 11
[miner2] I am at (24,12) which is near (24,11)
[miner2] Red retriever 1 staying near explorer at 24 11
[miner2] I am at (24,12) which is near (24,11)
[miner2] Red retriever 1 staying near explorer at 24 11
[miner2] I am at (24,12) which is near (24,11)
[miner2] Red retriever 1 staying near explorer at 24 11
[miner2] I am at (24,12) which is near (24,11)
[miner6] I am at (14,13) and I can't get to' (16,13)
[miner6] I chose to go near 0 29 Coordinates
[miner2] Red retriever 1 staying near explorer at 24 11
[miner2] I am at (24,12) which is near (24,11)
[miner2] Red retriever 1 staying near explorer at 24 11
[miner2] I am at (24,12) which is near (24,11)
[miner2] Red retriever 1 staying near explorer at 24 11
[miner2] I am at (24,12) which is near (24,11)
[miner2] Red retriever 1 staying near explorer at 24 11
[miner4] I am at (1,21) which is near (0,21)
[miner3] I am at (24,27) which is near (24,28)
[miner8] I am at (3,2) which is near (3,1)
[miner3] I chose to go near 15 20 Coordinates
[miner2] I am at (24,12) which is near (24,11)
[miner8] I chose to go near 29 7 Coordinates
[miner1] I am at (20,2) which is near (21,1)
[miner2] Red retriever 1 staying near explorer at 24 11
[miner1] I chose to go near 0 32 Coordinates
[miner9] I am at (11,29) which is near (11,30)
[miner9] I chose to go near 7 21 Coordinates
[miner2] I am at (24,12) which is near (24,11)
[miner2] Red retriever 1 staying near explorer at 24 11
[miner2] I am at (24,12) which is near (24,11)
[miner2] Red retriever 1 staying near explorer at 24 11
[miner4] I am at (0,27) which is near (0,28)
[miner2] I am at (24,12) which is near (24,11)
[miner9] I am at (8,22) which is near (7,21)
[miner9] I chose to go near 20 33 Coordinates
[miner2] Red retriever 1 staying near explorer at 24 11
[miner3] I am at (15,21) which is near (15,20)
[miner2] I am at (24,12) which is near (24,11)
[miner3] I chose to go near 7 2 Coordinates
[miner2] Red retriever 1 staying near explorer at 24 11
[miner2] I am at (24,12) which is near (24,11)
[miner2] Red retriever 1 staying near explorer at 24 11
[miner2] I am at (24,12) which is near (24,11)
[miner2] Red retriever 1 staying near explorer at 24 11
[miner6] I am at (0,28) which is near (0,29)
[miner6] I chose to go near 26 32 Coordinates
[miner2] I am at (24,12) which is near (24,11)
[miner2] Red retriever 1 staying near explorer at 24 11
[miner2] I am at (24,12) which is near (24,11)
[miner2] Red retriever 1 staying near explorer at 24 11
[miner8] I am at (29,6) which is near (29,7)
[miner8] I chose to go near 9 21 Coordinates
[miner2] I am at (24,12) which is near (24,11)
[miner2] Red retriever 1 staying near explorer at 24 11
[miner2] I am at (24,12) which is near (24,11)
[miner2] Red retriever 1 staying near explorer at 24 11
[miner9] I am at (19,33) which is near (20,33)
[miner2] I am at (24,12) which is near (24,11)
[miner9] I chose to go near 22 3 Coordinates
[miner2] Red retriever 1 staying near explorer at 24 11
[miner2] I am at (24,12) which is near (24,11)
[miner3] I am at (7,3) which is near (7,2)
[miner2] Red retriever 1 staying near explorer at 24 11
[miner3] I chose to go near 1 15 Coordinates
[miner2] I am at (24,12) which is near (24,11)
[leader] Time is over!
[miner2] Red retriever 1 staying near explorer at 24 11
[leader] Time is over!
[leader] Final score -> red: 28, blue: 15, green: 26
[leader] Winner: red team with 28 points.
[miner2] Stopping: time is over.
[miner4] Stopping: time is over.
[miner8] Stopping: time is over.
[miner1] Stopping: time is over.
[miner7] Stopping: time is over.
[miner9] Stopping: time is over.
[miner6] Stopping: time is over.
[miner5] Stopping: time is over.
[miner3] Stopping: time is over.
