[miner2] I am at (14,21) which is near (14,22)
[miner2] Red retriever 1 staying near explorer at 14 22
[miner2] I am at (14,21) which is near (14,22)
[miner2] Red retriever 1 staying near explorer at 14 22
[miner2] I am at (14,21) which is near (14,22)
[miner2] Red retriever 1 staying near explorer at 14 22
[miner7] I am at (29,12) which is near (30,12)
[miner7] I chose to go near 25 17 Coordinates
[miner2] I am at (14,21) which is near (14,22)
[miner9] I am at (21,7) which is near (20,6)
[miner9] I chose to go near 2 11 Coordinates
[miner2] Red retriever 1 staying near explorer at 14 22
[miner2] I am at (14,21) which is near (14,22)
[miner8] I am at (2,13) which is near (2,14)
[miner8] I chose to go near 16 21 Coordinates
[miner2] Red retriever 1 staying near explorer at 14 22
[miner2] I am at (14,21) which is near (14,22)
[miner5] I am at (11,32) and I can't get to' (15,32)
[miner5] I chose to go near 11 0 Coordinates
[miner2] Red retriever 1 staying near explorer at 14 22
[miner2] I am at (14,21) which is near (14,22)
[miner7] I am at (25,16) which is near (25,17)
[miner6] I am at (1,23) and I can't get to' (6,23)
[miner7] I chose to go near 12 10 Coordinates
[miner6] I chose to go near 3 22 Coordinates
[miner1] I am at (22,30) which is near (22,31)
[miner2] Red retriever 1 staying near explorer at 14 22
[miner1] I chose to go near 23 14 Coordinates
[miner6] I am at (2,22) which is near (3,22)
[miner6] I chose to go near 19 29 Coordinates
[miner2] I am at (14,21) which is near (14,22)
[miner9] I am at (2,10) which is near (2,11)
[miner9] I chose to go near 33 33 Coordinates
[miner2] Red retriever 1 staying near explorer at 14 22
[miner2] I am at (14,21) which is near (14,22)
[miner8] I am at (15,20) which is near (16,21)
[miner8] I chose to go near 16 4 Coordinates
[miner2] Red retriever 1 staying near explorer at 14 22
[miner4] I am at (33,1) which is near (34,0)
[miner2] I am at (14,21) which is near (14,22)
[miner2] Red retriever 1 staying near explorer at 14 22
[miner4] I am at (34,6) which is near (34,7)
[miner2] I am at (14,21) which is near (14,22)
[miner2] Red retriever 1 staying near explorer at 14 22
[miner2] I am at (14,21) which is near (14,22)
[miner2] Red retriever 1 staying near explorer at 14 22
[miner2] I am at (14,21) which is near (14,22)
[miner2] Red retriever 1 staying near explorer at 14 22
[miner6] I am at (18,28) which is near (19,29)
[miner1] I am at (23,15) which is near (23,14)
[miner1] I chose to go near 15 16 Coordinates
[miner6] I chose to go near 32 1 Coordinates
[miner2] I am at (14,21) which is near (14,22)
[miner3] I am at (1,29) which is near (2,30)
[miner3] I chose to go near 22 16 Coordinates
[miner5] I am at (11,1) which is near (11,0)
[miner2] Red retriever 1 staying near explorer at 14 22
[miner5] I chose to go near 14 23 Coordinates
[miner2] I am at (14,21) which is near (14,22)
[miner2] Red retriever 1 staying near explorer at 14 22
[miner2] I am at (14,21) which is near (14,22)
[miner2] Red retriever 1 staying near explorer at 14 22
[miner2] I am at (14,21) which is near (14,22)
[miner7] I am at (12,11) which is near (12,10)
[miner2] Red retriever 1 staying near explorer at 14 22
[miner7] I chose to go near 26 25 Coordinates
[miner2] I am at (14,21) which is near (14,22)
[miner2] Red retriever 1 staying near explorer at 14 22
[miner2] I am at (14,21) which is near (14,22)
[miner8] I am at (16,5) which is near (16,4)
[miner8] I chose to go near 21 7 Coordinates
[miner2] Red retriever 1 staying near explorer at 14 22
[miner2] I am at (14,21) which is near (14,22)
[miner2] Red retriever 1 staying near explorer at 14 22
[miner2] I am at (14,21) which is near (14,22)
[miner2] Red retriever 1 staying near explorer at 14 22
[miner2] I am at (14,21) which is near (14,22)
[miner2] Red retriever 1 staying near explorer at 14 22
[miner1] I am at (15,15) which is near (15,16)
[miner8] I am at (21,6) which is near (21,7)
[miner1] I chose to go near 20 6 Coordinates
[miner8] I chose to go near 13 15 Coordinates
[miner2] I am at (14,21) which is near (14,22)
[miner2] Red retriever 1 staying near explorer at 14 22
[miner2] I am at (14,21) which is near (14,22)
[miner2] Red retriever 1 staying near explorer at 14 22
[miner2] I am at (14,21) which is near (14,22)
[miner2] Red retriever 1 staying near explorer at 14 22
[miner5] I am at (14,22) which is near (14,23)
[miner5] I chose to go near 27 32 Coordinates
[miner2] I am at (14,21) which is near (14,22)
[miner2] Red retriever 1 staying near explorer at 14 22
[miner3] I am at (22,17) which is near (22,16)
[miner3] I chose to go near 16 29 Coordinates
[miner2] I am at (14,21) which is near (14,22)
[miner4] I am at (1,6) which is near (0,7)
[miner8] I am at (14,14) which is near (13,15)
[miner9] I am at (33,32) which is near (33,33)
[miner8] I chose to go near 5 24 Coordinates
[miner9] I chose to go near 10 13 Coordinates
[miner2] Red retriever 1 staying near explorer at 14 22
[miner2] I am at (14,21) which is near (14,22)
[miner1] I am at (19,7) which is near (20,6)
[miner1] I chose to go near 21 6 Coordinates
[miner1] I am at (20,7) which is near (21,6)
[miner1] I chose to go near 29 15 Coordinates
[miner2] Red retriever 1 staying near explorer at 14 22
[miner2] I am at (14,21) which is near (14,22)
[miner5] I am at (27,31) which is near (27,32)
[miner3] I am at (17,29) which is near (16,29)
[miner6] I am at (32,2) which is near (32,1)
[miner5] I chose to go near 26 6 Coordinates
[miner3] I chose to go near 18 1 Coordinates
[miner6] I chose to go near 9 7 Coordinates
[miner2] Red retriever 1 staying near explorer at 14 22
[miner2] I am at (14,21) which is near (14,22)
[miner2] Red retriever 1 staying near explorer at 14 22
[miner2] I am at (14,21) which is near (14,22)
[miner7] I am at (26,24) which is near (26,25)
[miner7] I chose to go near 7 10 Coordinates
[miner2] Red retriever 1 staying near explorer at 14 22
[miner2] I am at (14,21) which is near (14,22)
[miner5] I am at (26,7) which is near (26,6)
[miner5] I chose to go near 9 2 Coordinates
[miner2] Red retriever 1 staying near explorer at 14 22
[miner1] I am at (29,14) which is near (29,15)
[miner1] I chose to go near 5 17 Coordinates
[miner2] I am at (14,21) which is near (14,22)
[miner9] I am at (10,14) which is near (10,13)
[miner9] I chose to go near 15 25 Coordinates
[miner2] Red retriever 1 staying near explorer at 14 22
[miner6] I am at (9,6) which is near (9,7)
[miner2] I am at (14,21) which is near (14,22)
[miner6] I chose to go near 18 8 Coordinates
[miner3] I am at (17,2) which is near (18,1)
[miner3] I chose to go near 23 25 Coordinates
[miner2] Red retriever 1 staying near explorer at 14 22
[miner5] I am at (9,3) which is near (9,2)
[miner5] I chose to go near 19 21 Coordinates
[leader] Time left: 1 seconds
[miner8] Leader says time left is 1 seconds
[miner5] Leader says time left is 1 seconds
[miner9] Leader says time left is 1 seconds
[miner3] Leader says time left is 1 seconds
[miner1] Leader says time left is 1 seconds
[miner6] Leader says time left is 1 seconds
[miner7] Leader says time left is 1 seconds
[miner2] I am at (14,21) which is near (14,22)
[miner4] Leader says time left is 1 seconds
[miner2] Red retriever 1 staying near explorer at 14 22
[miner8] I am at (6,24) which is near (5,24)
[miner2] Leader says time left is 1 seconds
[miner8] I chose to go near 21 8 Coordinates
[miner6] I am at (18,7) which is near (18,8)
[miner4] I am at (0,13) which is near (0,14)
[miner6] I chose to go near 18 31 Coordinates
[miner9] I am at (15,24) which is near (15,25)
[miner9] I chose to go near 20 15 Coordinates
[miner2] I am at (14,21) which is near (14,22)
[miner2] Red retriever 1 staying near explorer at 14 22
[miner2] I am at (14,21) which is near (14,22)
[miner2] Red retriever 1 staying near explorer at 14 22
[miner2] I am at (14,21) which is near (14,22)
[miner2] Red retriever 1 staying near explorer at 14 22
[miner2] I am at (14,21) which is near (14,22)
[miner9] I am at (20,16) which is near (20,15)
[miner9] I chose to go near 22 1 Coordinates
[miner2] Red retriever 1 staying near explorer at 14 22
[miner2] I am at (14,21) which is near (14,22)
[miner5] I am at (18,20) which is near (19,21)
[miner5] I chose to go near 27 20 Coordinates
[miner3] I am at (23,24) which is near (23,25)
[miner3] I chose to go near 1 21 Coordinates
[miner2] Red retriever 1 staying near explorer at 14 22
[miner2] I am at (14,21) which is near (14,22)
[miner6] I am at (18,30) which is near (18,31)
[miner6] I chose to go near 27 4 Coordinates
[miner2] Red retriever 1 staying near explorer at 14 22
[miner5] I am at (26,20) which is near (27,20)
[miner5] I chose to go near 9 10 Coordinates
[miner2] I am at (14,21) which is near (14,22)
[miner9] I am at (22,2) which is near (22,1)
[miner9] I chose to go near 5 3 Coordinates
[miner2] Red retriever 1 staying near explorer at 14 22
[miner2] I am at (14,21) which is near (14,22)
[miner1] I am at (6,18) which is near (5,17)
[miner1] I chose to go near 2 22 Coordinates
[miner2] Red retriever 1 staying near explorer at 14 22
[miner2] I am at (14,21) which is near (14,22)
[miner2] Red retriever 1 staying near explorer at 14 22
[miner2] I am at (14,21) which is near (14,22)
[miner2] Red retriever 1 staying near explorer at 14 22
[miner2] I am at (14,21) which is near (14,22)
[miner2] Red retriever 1 staying near explorer at 14 22
[miner2] I am at (14,21) which is near (14,22)
[miner1] I am at (3,21) which is near (2,22)
[miner3] I am at (2,22) which is near (1,21)
[miner9] I am at (6,2) which is near (5,3)
[miner2] Red retriever 1 staying near explorer at 14 22
[miner1] I chose to go near 13 1 Coordinates
[miner3] I chose to go near 21 1 Coordinates
[miner9] I chose to go near 16 7 Coordinates
[miner2] I am at (14,21) which is near (14,22)
[miner2] Red retriever 1 staying near explorer at 14 22
[miner2] I am at (14,21) which is near (14,22)
[miner4] I am at (34,13) which is near (34,14)
[miner2] Red retriever 1 staying near explorer at 14 22
[miner2] I am at (14,21) which is near (14,22)
[miner5] I am at (9,11) which is near (9,10)
[miner5] I chose to go near 18 21 Coordinates
[miner2] Red retriever 1 staying near explorer at 14 22
[miner2] I am at (14,21) which is near (14,22)
[miner8] I am at (21,9) which is near (21,8)
[miner8] I chose to go near 14 11 Coordinates
[miner2] Red retriever 1 staying near explorer at 14 22
[miner4] I am at (34,20) which is near (34,21)
[miner2] I am at (14,21) which is near (14,22)
[miner9] I am at (16,6) which is near (16,7)
[miner9] I chose to go near 12 24 Coordinates
[miner2] Red retriever 1 staying near explorer at 14 22
[miner2] I am at (14,21) which is near (14,22)
[miner8] I am at (14,10) which is near (14,11)
[miner8] I chose to go near 2 0 Coordinates
[miner2] Red retriever 1 staying near explorer at 14 22
[miner2] I am at (14,21) which is near (14,22)
[miner5] I am at (18,20) which is near (18,21)
[miner5] I chose to go near 17 11 Coordinates
[miner2] Red retriever 1 staying near explorer at 14 22
[miner2] I am at (14,21) which is near (14,22)
[miner5] I am at (17,12) which is near (17,11)
[miner5] I chose to go near 17 15 Coordinates
[miner7] I am at (7,11) which is near (7,10)
[miner7] I chose to go near 21 3 Coordinates
[miner2] Red retriever 1 staying near explorer at 14 22
[miner5] I am at (17,14) which is near (17,15)
[miner5] I chose to go near 7 9 Coordinates
[miner3] I am at (21,2) which is near (21,1)
[miner3] I chose to go near 13 1 Coordinates
[miner2] I am at (14,21) which is near (14,22)
[miner9] I am at (12,23) which is near (12,24)
[miner9] I chose to go near 33 19 Coordinates
[miner2] Red retriever 1 staying near explorer at 14 22
[miner8] I am at (2,1) which is near (2,0)
[miner2] I am at (14,21) which is near (14,22)
[miner8] I chose to go near 19 30 Coordinates
[miner3] I am at (14,2) which is near (13,1)
[miner2] Red retriever 1 staying near explorer at 14 22
[miner3] I chose to go near 26 21 Coordinates
[miner2] I am at (14,21) which is near (14,22)
[miner2] Red retriever 1 staying near explorer at 14 22
[miner5] I am at (7,10) which is near (7,9)
[miner1] I am at (12,2) which is near (13,1)
[miner5] I chose to go near 8 9 Coordinates
[miner1] I chose to go near 11 27 Coordinates
[miner4] I am at (1,21) which is near (0,21)
[miner5] I am at (7,10) which is near (8,9)
[miner5] I chose to go near 0 27 Coordinates
[miner2] I am at (14,21) which is near (14,22)
[miner9] I am at (33,20) which is near (33,19)
[miner2] Red retriever 1 staying near explorer at 14 22
[miner9] I chose to go near 11 25 Coordinates
[miner4] I am at (0,27) which is near (0,28)
[miner2] I am at (14,21) which is near (14,22)
[miner2] Red retriever 1 staying near explorer at 14 22
[miner2] I am at (14,21) which is near (14,22)
[miner2] Red retriever 1 staying near explorer at 14 22
[miner7] I am at (21,4) which is near (21,3)
[miner7] I chose to go near 19 11 Coordinates
[miner2] I am at (14,21) which is near (14,22)
[miner2] Red retriever 1 staying near explorer at 14 22
[miner2] I am at (14,21) which is near (14,22)
[miner6] I am at (27,5) which is near (27,4)
[miner5] I am at (0,26) which is near (0,27)
[miner6] I chose to go near 26 22 Coordinates
[miner5] I chose to go near 29 1 Coordinates
[miner2] Red retriever 1 staying near explorer at 14 22
[miner3] I am at (26,20) which is near (26,21)
[miner3] I chose to go near 24 30 Coordinates
[miner2] I am at (14,21) which is near (14,22)
[miner2] Red retriever 1 staying near explorer at 14 22
[miner2] I am at (14,21) which is near (14,22)
[miner2] Red retriever 1 staying near explorer at 14 22
[miner9] I am at (11,24) which is near (11,25)
[miner9] I chose to go near 21 29 Coordinates
[miner2] I am at (14,21) which is near (14,22)
[miner2] Red retriever 1 staying near explorer at 14 22
[miner2] I am at (14,21) which is near (14,22)
[miner8] I am at (18,29) which is near (19,30)
[miner8] I chose to go near 13 19 Coordinates
[miner2] Red retriever 1 staying near explorer at 14 22
[miner7] I am at (19,10) which is near (19,11)
[miner7] I chose to go near 6 26 Coordinates
[miner2] I am at (14,21) which is near (14,22)
[miner3] I am at (24,29) which is near (24,30)
[miner3] I chose to go near 23 5 Coordinates
[miner2] Red retriever 1 staying near explorer at 14 22
[miner2] I am at (14,21) which is near (14,22)
[miner2] Red retriever 1 staying near explorer at 14 22
[miner2] I am at (14,21) which is near (14,22)
[miner6] I am at (26,21) which is near (26,22)
[miner2] Red retriever 1 staying near explorer at 14 22
[miner6] I chose to go near 17 18 Coordinates
[miner2] I am at (14,21) which is near (14,22)
[miner2] Red retriever 1 staying near explorer at 14 22
[miner9] I am at (21,28) which is near (21,29)
[miner9] I chose to go near 26 16 Coordinates
[miner2] I am at (14,21) which is near (14,22)
[miner2] Red retriever 1 staying near explorer at 14 22
[miner1] I am at (11,26) which is near (11,27)
[miner1] I chose to go near 2 19 Coordinates
[miner6] I am at (18,19) which is near (17,18)
[miner6] I chose to go near 30 1 Coordinates
[miner2] I am at (14,21) which is near (14,22)
[miner8] I am at (12,20) which is near (13,19)
[miner2] Red retriever 1 staying near explorer at 14 22
[miner8] I chose to go near 10 15 Coordinates
[miner2] I am at (14,21) which is near (14,22)
[miner2] Red retriever 1 staying near explorer at 14 22
[miner2] I am at (14,21) which is near (14,22)
[miner2] Red retriever 1 staying near explorer at 14 22
[miner2] I am at (14,21) which is near (14,22)
[miner8] I am at (10,16) which is near (10,15)
[miner8] I chose to go near 12 11 Coordinates
[miner2] Red retriever 1 staying near explorer at 14 22
[miner3] I am at (23,6) which is near (23,5)
[miner4] I am at (34,27) which is near (34,28)
[miner3] I chose to go near 27 20 Coordinates
[miner2] I am at (14,21) which is near (14,22)
[miner2] Red retriever 1 staying near explorer at 14 22
[miner9] I am at (26,17) which is near (26,16)
[miner9] I chose to go near 8 26 Coordinates
[miner2] I am at (14,21) which is near (14,22)
[miner2] Red retriever 1 staying near explorer at 14 22
[miner8] I am at (12,12) which is near (12,11)
[miner8] I chose to go near 15 17 Coordinates
[miner2] I am at (14,21) which is near (14,22)
[miner2] Red retriever 1 staying near explorer at 14 22
[miner2] I am at (14,21) which is near (14,22)
[miner2] Red retriever 1 staying near explorer at 14 22
[miner2] I am at (14,21) which is near (14,22)
[miner2] Red retriever 1 staying near explorer at 14 22
[miner2] I am at (14,21) which is near (14,22)
[miner2] Red retriever 1 staying near explorer at 14 22
[miner2] I am at (14,21) which is near (14,22)
[miner2] Red retriever 1 staying near explorer at 14 22
[miner2] I am at (14,21) which is near (14,22)
[miner8] I am at (15,16) which is near (15,17)
[miner2] Red retriever 1 staying near explorer at 14 22
[miner8] I chose to go near 19 17 Coordinates
[miner2] I am at (14,21) which is near (14,22)
[miner2] Red retriever 1 staying near explorer at 14 22
[miner3] I am at (27,19) which is near (27,20)
[miner8] I am at (18,16) which is near (19,17)
[miner3] I chose to go near 33 0 Coordinates
[miner2] I am at (14,21) which is near (14,22)
[miner8] I chose to go near 12 13 Coordinates
[miner6] I am at (30,2) which is near (30,1)
[miner6] I chose to go near 8 33 Coordinates
[miner2] Red retriever 1 staying near explorer at 14 22
[miner1] I am at (2,20) which is near (2,19)
[miner1] I chose to go near 10 29 Coordinates
[miner2] I am at (14,21) which is near (14,22)
[miner2] Red retriever 1 staying near explorer at 14 22
[miner2] I am at (14,21) which is near (14,22)
[miner2] Red retriever 1 staying near explorer at 14 22
[miner8] I am at (12,14) which is near (12,13)
[miner8] I chose to go near 23 5 Coordinates
[miner2] I am at (14,21) which is near (14,22)
[miner2] Red retriever 1 staying near explorer at 14 22
[miner2] I am at (14,21) which is near (14,22)
[miner2] Red retriever 1 staying near explorer at 14 22
[miner2] I am at (14,21) which is near (14,22)
[miner2] Red retriever 1 staying near explorer at 14 22
[miner2] I am at (14,21) which is near (14,22)
[miner2] Red retriever 1 staying near explorer at 14 22
[miner2] I am at (14,21) which is near (14,22)
[miner2] Red retriever 1 staying near explorer at 14 22
[miner2] I am at (14,21) which is near (14,22)
[miner2] Red retriever 1 staying near explorer at 14 22
[miner2] I am at (14,21) which is near (14,22)
[miner2] Red retriever 1 staying near explorer at 14 22
[miner2] I am at (14,21) which is near (14,22)
[miner3] I am at (33,1) which is near (33,0)
[miner3] I chose to go near 15 10 Coordinates
[miner2] Red retriever 1 staying near explorer at 14 22
[miner2] I am at (14,21) which is near (14,22)
[miner8] I am at (23,6) which is near (23,5)
[miner8] I chose to go near 23 5 Coordinates
[miner8] I am at (23,6) which is near (23,5)
[miner8] I chose to go near 8 2 Coordinates
[miner2] Red retriever 1 staying near explorer at 14 22
[miner9] I am at (8,27) which is near (8,26)
[miner2] I am at (14,21) which is near (14,22)
[miner9] I chose to go near 5 20 Coordinates
[miner1] I am at (9,30) which is near (10,29)
[miner1] I chose to go near 0 10 Coordinates
[miner2] Red retriever 1 staying near explorer at 14 22
[miner2] I am at (14,21) which is near (14,22)
[miner2] Red retriever 1 staying near explorer at 14 22
[miner8] I am at (8,3) which is near (8,2)
[miner8] I chose to go near 4 4 Coordinates
[miner3] I am at (16,9) which is near (15,10)
[miner3] I chose to go near 8 17 Coordinates
[miner2] I am at (14,21) which is near (14,22)
[miner8] I am at (5,3) which is near (4,4)
[miner8] I chose to go near 6 18 Coordinates
[miner2] Red retriever 1 staying near explorer at 14 22
[miner2] I am at (14,21) which is near (14,22)
[miner6] I am at (9,33) which is near (8,33)
[miner6] I chose to go near 19 32 Coordinates
[miner2] Red retriever 1 staying near explorer at 14 22
[miner4] I am at (0,1) which is near (0,0)
[miner2] I am at (14,21) which is near (14,22)
[miner9] I am at (5,21) which is near (5,20)
[miner9] I chose to go near 19 11 Coordinates
[miner2] Red retriever 1 staying near explorer at 14 22
[miner3] I am at (7,16) which is near (8,17)
[miner6] I am at (17,32) and I can't get to' (19,32)
[miner3] I chose to go near 29 26 Coordinates
[miner2] I am at (14,21) which is near (14,22)
[miner8] I am at (6,17) which is near (6,18)
[miner6] I chose to go near 26 26 Coordinates
[miner8] I chose to go near 4 18 Coordinates
[miner8] I am at (5,17) which is near (4,18)
[miner8] I chose to go near 14 18 Coordinates
[miner2] Red retriever 1 staying near explorer at 14 22
[miner2] I am at (14,21) which is near (14,22)
[miner2] Red retriever 1 staying near explorer at 14 22
[miner7] I am at (6,27) which is near (6,26)
[miner2] I am at (14,21) which is near (14,22)
[miner7] I chose to go near 29 8 Coordinates
[miner8] I am at (13,18) which is near (14,18)
[miner8] I chose to go near 21 25 Coordinates
[miner2] Red retriever 1 staying near explorer at 14 22
[miner5] I am at (29,2) which is near (29,1)
[miner5] I chose to go near 27 3 Coordinates
[miner5] I am at (28,2) which is near (27,3)
[miner5] I chose to go near 23 22 Coordinates
[miner6] I am at (26,27) which is near (26,26)
[miner2] I am at (14,21) which is near (14,22)
[miner6] I chose to go near 25 16 Coordinates
[miner9] I am at (18,12) which is near (19,11)
[miner9] I chose to go near 26 15 Coordinates
[miner2] Red retriever 1 staying near explorer at 14 22
[miner2] I am at (14,21) which is near (14,22)
[miner9] I am at (26,14) which is near (26,15)
[miner9] I chose to go near 31 3 Coordinates
[miner2] Red retriever 1 staying near explorer at 14 22
[miner8] I am at (21,24) which is near (21,25)
[miner8] I chose to go near 17 7 Coordinates
[miner6] I am at (25,17) which is near (25,16)
[miner6] I chose to go near 30 5 Coordinates
[miner2] I am at (14,21) which is near (14,22)
[miner3] I am at (29,25) which is near (29,26)
[miner3] I chose to go near 21 6 Coordinates
[miner4] I am at (33,1) which is near (34,0)
[miner2] Red retriever 1 staying near explorer at 14 22
[miner2] I am at (14,21) which is near (14,22)
[miner5] I am at (23,21) which is near (23,22)
[miner4] I am at (34,6) which is near (34,7)
[miner5] I chose to go near 4 17 Coordinates
[miner2] Red retriever 1 staying near explorer at 14 22
[miner9] I am at (31,4) which is near (31,3)
[miner9] I chose to go near 0 21 Coordinates
[miner2] I am at (14,21) which is near (14,22)
[miner6] I am at (30,6) which is near (30,5)
[miner6] I chose to go near 27 19 Coordinates
[miner2] Red retriever 1 staying near explorer at 14 22
[miner8] I am at (18,8) which is near (17,7)
[miner8] I chose to go near 20 10 Coordinates
[miner2] I am at (14,21) which is near (14,22)
[miner2] Red retriever 1 staying near explorer at 14 22
[miner8] I am at (19,9) which is near (20,10)
[miner8] I chose to go near 6 8 Coordinates
[miner2] I am at (14,21) which is near (14,22)
[miner2] Red retriever 1 staying near explorer at 14 22
[miner3] I am at (21,7) which is near (21,6)
[miner3] I chose to go near 22 5 Coordinates
[miner2] I am at (14,21) which is near (14,22)
[miner3] I am at (22,6) which is near (22,5)
[miner3] I chose to go near 21 3 Coordinates
[miner2] Red retriever 1 staying near explorer at 14 22
[miner5] I am at (4,18) which is near (4,17)
[miner6] I am at (27,18) which is near (27,19)
[miner5] I chose to go near 3 22 Coordinates
[miner8] I am at (7,9) which is near (6,8)
[miner6] I chose to go near 33 5 Coordinates
[miner8] I chose to go near 29 16 Coordinates
[miner2] I am at (14,21) which is near (14,22)
[miner3] I am at (21,4) which is near (21,3)
[miner5] I am at (4,21) which is near (3,22)
[miner3] I chose to go near 25 3 Coordinates
[miner5] I chose to go near 11 19 Coordinates
[miner2] Red retriever 1 staying near explorer at 14 22
[miner2] I am at (14,21) which is near (14,22)
[miner3] I am at (24,4) which is near (25,3)
[miner3] I chose to go near 19 18 Coordinates
[miner2] Red retriever 1 staying near explorer at 14 22
[miner1] I am at (0,11) which is near (0,10)
[miner1] I chose to go near 25 28 Coordinates
[miner2] I am at (14,21) which is near (14,22)
[miner5] I am at (11,20) which is near (11,19)
[miner5] I chose to go near 9 31 Coordinates
[miner2] Red retriever 1 staying near explorer at 14 22
[miner4] I am at (1,6) which is near (0,7)
[miner2] I am at (14,21) which is near (14,22)
[miner6] I am at (33,6) which is near (33,5)
[miner6] I chose to go near 16 16 Coordinates
[miner2] Red retriever 1 staying near explorer at 14 22
[miner2] I am at (14,21) which is near (14,22)
[miner2] Red retriever 1 staying near explorer at 14 22
[miner3] I am at (18,17) which is near (19,18)
[miner3] I chose to go near 9 24 Coordinates
[miner9] I am at (0,20) which is near (0,21)
[miner4] I am at (0,13) which is near (0,14)
[miner9] I chose to go near 15 20 Coordinates
[miner2] I am at (14,21) which is near (14,22)
[miner2] Red retriever 1 staying near explorer at 14 22
[miner8] I am at (29,15) which is near (29,16)
[miner2] I am at (14,21) which is near (14,22)
[miner8] I chose to go near 15 31 Coordinates
[miner2] Red retriever 1 staying near explorer at 14 22
[miner2] I am at (14,21) which is near (14,22)
[miner2] Red retriever 1 staying near explorer at 14 22
[miner2] I am at (14,21) which is near (14,22)
[miner2] Red retriever 1 staying near explorer at 14 22
[miner2] I am at (14,21) which is near (14,22)
[miner2] Red retriever 1 staying near explorer at 14 22
[miner2] I am at (14,21) which is near (14,22)
[miner5] I am at (8,30) which is near (9,31)
[miner5] I chose to go near 16 4 Coordinates
[miner6] I am at (16,15) which is near (16,16)
[miner9] I am at (14,21) which is near (15,20)
[miner6] I chose to go near 10 25 Coordinates
[miner2] Red retriever 1 staying near explorer at 14 22
[miner9] I chose to go near 18 16 Coordinates
[miner2] I am at (14,21) which is near (14,22)
[miner2] Red retriever 1 staying near explorer at 14 22
[miner9] I am at (18,17) which is near (18,16)
[miner9] I chose to go near 10 20 Coordinates
[miner2] I am at (14,21) which is near (14,22)
[miner8] I am at (15,30) which is near (15,31)
[miner2] Red retriever 1 staying near explorer at 14 22
[miner8] I chose to go near 19 27 Coordinates
[miner2] I am at (14,21) which is near (14,22)
[miner2] Red retriever 1 staying near explorer at 14 22
[miner2] I am at (14,21) which is near (14,22)
[miner2] Red retriever 1 staying near explorer at 14 22
[miner2] I am at (14,21) which is near (14,22)
[miner2] Red retriever 1 staying near explorer at 14 22
[miner8] I am at (18,28) which is near (19,27)
[miner8] I chose to go near 12 7 Coordinates
[miner9] I am at (10,19) which is near (10,20)
[miner2] I am at (14,21) which is near (14,22)
[miner9] I chose to go near 24 22 Coordinates
[miner2] Red retriever 1 staying near explorer at 14 22
[miner2] I am at (14,21) which is near (14,22)
[miner2] Red retriever 1 staying near explorer at 14 22
[miner2] I am at (14,21) which is near (14,22)
[miner2] Red retriever 1 staying near explorer at 14 22
[miner2] I am at (14,21) which is near (14,22)
[miner2] Red retriever 1 staying near explorer at 14 22
[miner2] I am at (14,21) which is near (14,22)
[miner2] Red retriever 1 staying near explorer at 14 22
[miner2] I am at (14,21) which is near (14,22)
[miner2] Red retriever 1 staying near explorer at 14 22
[miner2] I am at (14,21) which is near (14,22)
[miner2] Red retriever 1 staying near explorer at 14 22
[miner2] I am at (14,21) which is near (14,22)
[miner2] Red retriever 1 staying near explorer at 14 22
[miner2] I am at (14,21) which is near (14,22)
[miner3] I am at (9,25) which is near (9,24)
[miner3] I chose to go near 27 23 Coordinates
[miner2] Red retriever 1 staying near explorer at 14 22
[miner1] I am at (25,27) which is near (25,28)
[miner2] I am at (14,21) which is near (14,22)
[miner1] I chose to go near 23 20 Coordinates
[miner2] Red retriever 1 staying near explorer at 14 22
[miner2] I am at (14,21) which is near (14,22)
[miner2] Red retriever 1 staying near explorer at 14 22
[miner2] I am at (14,21) which is near (14,22)
[miner2] Red retriever 1 staying near explorer at 14 22
[miner2] I am at (14,21) which is near (14,22)
[miner9] I am at (24,21) which is near (24,22)
[miner2] Red retriever 1 staying near explorer at 14 22
[miner9] I chose to go near 17 4 Coordinates
[miner2] I am at (14,21) which is near (14,22)
[miner2] Red retriever 1 staying near explorer at 14 22
[miner2] I am at (14,21) which is near (14,22)
[miner2] Red retriever 1 staying near explorer at 14 22
[miner8] I am at (12,8) which is near (12,7)
[miner1] I am at (23,21) which is near (23,20)
[miner2] I am at (14,21) which is near (14,22)
[miner8] I chose to go near 17 22 Coordinates
[miner1] I chose to go near 5 16 Coordinates
[miner5] I am at (16,5) which is near (16,4)
[miner5] I chose to go near 15 1 Coordinates
[miner2] Red retriever 1 staying near explorer at 14 22
[miner6] I am at (9,26) which is near (10,25)
[miner6] I chose to go near 7 12 Coordinates
[miner2] I am at (14,21) which is near (14,22)
[miner5] I am at (16,2) which is near (15,1)
[miner2] Red retriever 1 staying near explorer at 14 22
[miner5] I chose to go near 13 5 Coordinates
[miner2] I am at (14,21) which is near (14,22)
[miner5] I am at (14,4) which is near (13,5)
[miner5] I chose to go near 31 28 Coordinates
[miner2] Red retriever 1 staying near explorer at 14 22
[miner2] I am at (14,21) which is near (14,22)
[miner2] Red retriever 1 staying near explorer at 14 22
[miner2] I am at (14,21) which is near (14,22)
[miner2] Red retriever 1 staying near explorer at 14 22
[miner2] I am at (14,21) which is near (14,22)
[miner2] Red retriever 1 staying near explorer at 14 22
[miner2] I am at (14,21) which is near (14,22)
[miner7] I am at (29,9) which is near (29,8)
[miner7] I chose to go near 7 9 Coordinates
[miner2] Red retriever 1 staying near explorer at 14 22
[miner2] I am at (14,21) which is near (14,22)
[miner2] Red retriever 1 staying near explorer at 14 22
[miner2] I am at (14,21) which is near (14,22)
[miner9] I am at (17,5) which is near (17,4)
[miner2] Red retriever 1 staying near explorer at 14 22
[miner9] I chose to go near 5 25 Coordinates
[miner8] I am at (17,21) which is near (17,22)
[miner8] I chose to go near 9 26 Coordinates
[miner2] I am at (14,21) which is near (14,22)
[miner2] Red retriever 1 staying near explorer at 14 22
[miner2] I am at (14,21) which is near (14,22)
[miner2] Red retriever 1 staying near explorer at 14 22
[miner2] I am at (14,21) which is near (14,22)
[miner2] Red retriever 1 staying near explorer at 14 22
[miner2] I am at (14,21) which is near (14,22)
[miner2] Red retriever 1 staying near explorer at 14 22
[miner3] I am at (26,22) which is near (27,23)
[miner3] I chose to go near 32 7 Coordinates
[miner2] I am at (14,21) which is near (14,22)
[miner1] I am at (5,17) which is near (5,16)
[miner1] I chose to go near 15 22 Coordinates
[miner2] Red retriever 1 staying near explorer at 14 22
[miner2] I am at (14,21) which is near (14,22)
[miner6] I am at (7,13) which is near (7,12)
[miner6] I chose to go near 9 7 Coordinates
[miner2] Red retriever 1 staying near explorer at 14 22
[miner2] I am at (14,21) which is near (14,22)
[miner4] I am at (34,13) which is near (34,14)
[miner2] Red retriever 1 staying near explorer at 14 22
[miner6] I am at (9,8) which is near (9,7)
[miner7] I am at (8,9) which is near (7,9)
[miner7] I chose to go near 25 10 Coordinates
[miner6] I chose to go near 0 17 Coordinates
[miner2] I am at (14,21) which is near (14,22)
[miner3] I am at (32,8) which is near (32,7)
[miner3] I chose to go near 2 10 Coordinates
[miner2] Red retriever 1 staying near explorer at 14 22
[miner2] I am at (14,21) which is near (14,22)
[miner4] I am at (34,20) which is near (34,21)
[miner1] I am at (15,21) which is near (15,22)
[miner1] I chose to go near 21 8 Coordinates
[miner2] Red retriever 1 staying near explorer at 14 22
[miner2] I am at (14,21) which is near (14,22)
[miner8] I am at (9,27) which is near (9,26)
[miner8] I chose to go near 23 30 Coordinates
[miner2] Red retriever 1 staying near explorer at 14 22
[miner6] I am at (0,16) which is near (0,17)
[miner6] I chose to go near 3 18 Coordinates
[miner2] I am at (14,21) which is near (14,22)
[miner6] I am at (2,17) which is near (3,18)
[miner6] I chose to go near 30 30 Coordinates
[miner2] Red retriever 1 staying near explorer at 14 22
[miner2] I am at (14,21) which is near (14,22)
[miner3] I am at (3,9) which is near (2,10)
[miner2] Red retriever 1 staying near explorer at 14 22
[miner7] I am at (24,9) which is near (25,10)
[miner3] I chose to go near 0 21 Coordinates
[miner7] I chose to go near 11 7 Coordinates
[miner2] I am at (14,21) which is near (14,22)
[miner9] I am at (6,24) which is near (5,25)
[miner9] I chose to go near 25 6 Coordinates
[miner2] Red retriever 1 staying near explorer at 14 22
[miner2] I am at (14,21) which is near (14,22)
[miner3] I am at (0,20) which is near (0,21)
[miner3] I chose to go near 15 0 Coordinates
[miner2] Red retriever 1 staying near explorer at 14 22
[miner1] I am at (21,9) which is near (21,8)
[miner1] I chose to go near 10 32 Coordinates
[miner2] I am at (14,21) which is near (14,22)
[miner2] Red retriever 1 staying near explorer at 14 22
[miner2] I am at (14,21) which is near (14,22)
[miner8] I am at (22,31) which is near (23,30)
[miner8] I chose to go near 7 9 Coordinates
[miner2] Red retriever 1 staying near explorer at 14 22
[miner7] I am at (11,8) which is near (11,7)
[miner4] I am at (1,21) which is near (0,21)
[miner7] I chose to go near 6 13 Coordinates
[miner2] I am at (14,21) which is near (14,22)
[miner6] I am at (30,29) which is near (30,30)
[miner6] I chose to go near 23 25 Coordinates
[miner2] Red retriever 1 staying near explorer at 14 22
[miner2] I am at (14,21) which is near (14,22)
[miner2] Red retriever 1 staying near explorer at 14 22
[miner2] I am at (14,21) which is near (14,22)
[miner5] I am at (31,27) which is near (31,28)
[miner5] I chose to go near 4 22 Coordinates
[miner4] I am at (0,27) which is near (0,28)
[miner6] I am at (23,26) which is near (23,25)
[miner2] Red retriever 1 staying near explorer at 14 22
[miner6] I chose to go near 31 6 Coordinates
[miner2] I am at (14,21) which is near (14,22)
[miner7] I am at (6,12) which is near (6,13)
[miner7] I chose to go near 31 13 Coordinates
[miner3] I am at (15,1) which is near (15,0)
[miner3] I chose to go near 25 30 Coordinates
[miner2] Red retriever 1 staying near explorer at 14 22
[miner2] I am at (14,21) which is near (14,22)
[miner2] Red retriever 1 staying near explorer at 14 22
[miner2] I am at (14,21) which is near (14,22)
[miner2] Red retriever 1 staying near explorer at 14 22
[miner2] I am at (14,21) which is near (14,22)
[miner2] Red retriever 1 staying near explorer at 14 22
[miner6] I am at (31,7) which is near (31,6)
[miner8] I am at (7,10) which is near (7,9)
[miner8] I chose to go near 24 12 Coordinates
[miner6] I chose to go near 20 33 Coordinates
[miner2] I am at (14,21) which is near (14,22)
[miner2] Red retriever 1 staying near explorer at 14 22
[miner2] I am at (14,21) which is near (14,22)
[miner5] I am at (5,22) which is near (4,22)
[miner5] I chose to go near 2 14 Coordinates
[miner3] I am at (25,29) which is near (25,30)
[miner3] I chose to go near 33 9 Coordinates
[miner2] Red retriever 1 staying near explorer at 14 22
[miner2] I am at (14,21) which is near (14,22)
[miner9] I am at (25,7) which is near (25,6)
[miner9] I chose to go near 1 18 Coordinates
[miner8] I am at (24,11) which is near (24,12)
[miner2] Red retriever 1 staying near explorer at 14 22
[miner8] I chose to go near 16 6 Coordinates
[miner2] I am at (14,21) which is near (14,22)
[miner7] I am at (30,12) which is near (31,13)
[miner7] I chose to go near 9 27 Coordinates
[miner2] Red retriever 1 staying near explorer at 14 22
[miner2] I am at (14,21) which is near (14,22)
[miner5] I am at (2,15) which is near (2,14)
[miner5] I chose to go near 31 0 Coordinates
[miner2] Red retriever 1 staying near explorer at 14 22
[miner4] I am at (34,27) which is near (34,28)
[miner2] I am at (14,21) which is near (14,22)
[miner2] Red retriever 1 staying near explorer at 14 22
[miner8] I am at (17,7) which is near (16,6)
[miner2] I am at (14,21) which is near (14,22)
[miner8] I chose to go near 30 28 Coordinates
[miner2] Red retriever 1 staying near explorer at 14 22
[miner2] I am at (14,21) which is near (14,22)
[miner2] Red retriever 1 staying near explorer at 14 22
[miner2] I am at (14,21) which is near (14,22)
[miner2] Red retriever 1 staying near explorer at 14 22
[miner2] I am at (14,21) which is near (14,22)
[miner2] Red retriever 1 staying near explorer at 14 22
[miner1] I am at (1,32) and I can't get to' (10,32)
[miner1] I chose to go near 12 33 Coordinates
[miner2] I am at (14,21) which is near (14,22)
[miner2] Red retriever 1 staying near explorer at 14 22
[miner2] I am at (14,21) which is near (14,22)
[miner2] Red retriever 1 staying near explorer at 14 22
[miner3] I am at (33,10) which is near (33,9)
[miner3] I chose to go near 3 7 Coordinates
[miner2] I am at (14,21) which is near (14,22)
[miner2] Red retriever 1 staying near explorer at 14 22
[miner6] I am at (21,32) which is near (20,33)
[miner6] I chose to go near 32 18 Coordinates
[miner2] I am at (14,21) which is near (14,22)
[miner2] Red retriever 1 staying near explorer at 14 22
[miner2] I am at (14,21) which is near (14,22)
[miner2] Red retriever 1 staying near explorer at 14 22
[miner2] I am at (14,21) which is near (14,22)
[miner1] I am at (11,33) which is near (12,33)
[miner1] I chose to go near 26 19 Coordinates
[miner2] Red retriever 1 staying near explorer at 14 22
[miner9] I am at (1,17) which is near (1,18)
[miner9] I chose to go near 32 25 Coordinates
[miner2] I am at (14,21) which is near (14,22)
[miner8] I am at (30,27) which is near (30,28)
[miner8] I chose to go near 29 28 Coordinates
[miner8] I am at (30,27) which is near (29,28)
[miner8] I chose to go near 11 14 Coordinates
[miner2] Red retriever 1 staying near explorer at 14 22
[miner6] I am at (31,19) which is near (32,18)
[miner6] I chose to go near 31 28 Coordinates
[miner2] I am at (14,21) which is near (14,22)
[miner2] Red retriever 1 staying near explorer at 14 22
[miner2] I am at (14,21) which is near (14,22)
[miner5] I am at (31,1) which is near (31,0)
[miner5] I chose to go near 20 32 Coordinates
[miner3] I am at (3,8) which is near (3,7)
[miner3] I chose to go near 4 15 Coordinates
[miner6] I am at (31,27) which is near (31,28)
[miner6] I chose to go near 21 18 Coordinates
[miner2] Red retriever 1 staying near explorer at 14 22
[miner2] I am at (14,21) which is near (14,22)
[miner2] Red retriever 1 staying near explorer at 14 22
[miner3] I am at (4,14) which is near (4,15)
[miner2] I am at (14,21) which is near (14,22)
[miner3] I chose to go near 19 8 Coordinates
[miner2] Red retriever 1 staying near explorer at 14 22
[miner2] I am at (14,21) which is near (14,22)
[miner2] Red retriever 1 staying near explorer at 14 22
[miner2] I am at (14,21) which is near (14,22)
[miner2] Red retriever 1 staying near explorer at 14 22
[miner2] I am at (14,21) which is near (14,22)
[miner2] Red retriever 1 staying near explorer at 14 22
[miner6] I am at (21,19) which is near (21,18)
[miner6] I chose to go near 8 5 Coordinates
[miner2] I am at (14,21) which is near (14,22)
[miner8] I am at (11,15) which is near (11,14)
[miner8] I chose to go near 17 5 Coordinates
[miner2] Red retriever 1 staying near explorer at 14 22
[miner2] I am at (14,21) which is near (14,22)
[miner9] I am at (32,24) which is near (32,25)
[miner9] I chose to go near 7 11 Coordinates
[miner2] Red retriever 1 staying near explorer at 14 22
[miner3] I am at (18,9) which is near (19,8)
[miner2] I am at (14,21) which is near (14,22)
[miner3] I chose to go near 9 30 Coordinates
[miner2] Red retriever 1 staying near explorer at 14 22
[miner2] I am at (14,21) which is near (14,22)
[miner8] I am at (17,6) which is near (17,5)
[miner8] I chose to go near 4 18 Coordinates
[miner2] Red retriever 1 staying near explorer at 14 22
[miner2] I am at (14,21) which is near (14,22)
[miner2] Red retriever 1 staying near explorer at 14 22
[miner1] I am at (26,20) which is near (26,19)
[miner1] I chose to go near 31 20 Coordinates
[miner2] I am at (14,21) which is near (14,22)
[miner4] I am at (0,1) which is near (0,0)
[miner2] Red retriever 1 staying near explorer at 14 22
[miner2] I am at (14,21) which is near (14,22)
[miner2] Red retriever 1 staying near explorer at 14 22
[miner6] I am at (8,6) which is near (8,5)
[miner6] I chose to go near 3 2 Coordinates
[miner2] I am at (14,21) which is near (14,22)
[miner1] I am at (30,21) which is near (31,20)
[miner1] I chose to go near 23 18 Coordinates
[miner2] Red retriever 1 staying near explorer at 14 22
[miner5] I am at (17,32) and I can't get to' (20,32)
[miner5] I chose to go near 18 24 Coordinates
[miner2] I am at (14,21) which is near (14,22)
[miner2] Red retriever 1 staying near explorer at 14 22
[miner2] I am at (14,21) which is near (14,22)
[miner2] Red retriever 1 staying near explorer at 14 22
[miner6] I am at (3,3) which is near (3,2)
[miner2] I am at (14,21) which is near (14,22)
[miner6] I chose to go near 16 28 Coordinates
[miner2] Red retriever 1 staying near explorer at 14 22
[miner2] I am at (14,21) which is near (14,22)
[miner5] I am at (18,25) which is near (18,24)
[miner2] Red retriever 1 staying near explorer at 14 22
[miner5] I chose to go near 7 23 Coordinates
[miner2] I am at (14,21) which is near (14,22)
[miner8] I am at (4,17) which is near (4,18)
[miner8] I chose to go near 30 16 Coordinates
[miner2] Red retriever 1 staying near explorer at 14 22
[miner2] I am at (14,21) which is near (14,22)
[miner2] Red retriever 1 staying near explorer at 14 22
[miner2] I am at (14,21) which is near (14,22)
[miner2] Red retriever 1 staying near explorer at 14 22
[miner2] I am at (14,21) which is near (14,22)
[miner2] Red retriever 1 staying near explorer at 14 22
[miner7] I am at (9,28) which is near (9,27)
[miner7] I chose to go near 29 19 Coordinates
[miner2] I am at (14,21) which is near (14,22)
[miner9] I am at (7,12) which is near (7,11)
[miner9] I chose to go near 2 28 Coordinates
[miner2] Red retriever 1 staying near explorer at 14 22
[miner1] I am at (23,19) which is near (23,18)
[miner1] I chose to go near 28 23 Coordinates
[miner2] I am at (14,21) which is near (14,22)
[miner2] Red retriever 1 staying near explorer at 14 22
[miner5] I am at (8,22) which is near (7,23)
[miner5] I chose to go near 32 25 Coordinates
[miner2] I am at (14,21) which is near (14,22)
[miner2] Red retriever 1 staying near explorer at 14 22
[miner2] I am at (14,21) which is near (14,22)
[miner2] Red retriever 1 staying near explorer at 14 22
[miner2] I am at (14,21) which is near (14,22)
[miner2] Red retriever 1 staying near explorer at 14 22
[miner8] I am at (30,17) which is near (30,16)
[miner8] I chose to go near 21 15 Coordinates
[miner4] I am at (33,1) which is near (34,0)
[miner9] I am at (1,27) which is near (2,28)
[miner3] I am at (8,30) which is near (9,30)
[miner2] I am at (14,21) which is near (14,22)
[miner3] I chose to go near 0 29 Coordinates
[miner1] I am at (28,22) which is near (28,23)
[miner9] I chose to go near 6 25 Coordinates
[miner1] I chose to go near 15 28 Coordinates
[miner2] Red retriever 1 staying near explorer at 14 22
[miner3] I am at (1,30) which is near (0,29)
[miner3] I chose to go near 2 7 Coordinates
[miner2] I am at (14,21) which is near (14,22)
[miner4] I am at (34,6) which is near (34,7)
[miner6] I am at (13,28) and I can't get to' (16,28)
[miner6] I chose to go near 7 25 Coordinates
[miner2] Red retriever 1 staying near explorer at 14 22
[miner5] I am at (32,24) which is near (32,25)
[miner5] I chose to go near 0 8 Coordinates
[miner8] I am at (21,16) which is near (21,15)
[miner2] I am at (14,21) which is near (14,22)
[miner8] I chose to go near 10 12 Coordinates
[miner2] Red retriever 1 staying near explorer at 14 22
[miner2] I am at (14,21) which is near (14,22)
[miner9] I am at (7,24) which is near (6,25)
[miner9] I chose to go near 0 23 Coordinates
[miner2] Red retriever 1 staying near explorer at 14 22
[miner2] I am at (14,21) which is near (14,22)
[miner8] I am at (11,12) which is near (10,12)
[miner8] I chose to go near 26 4 Coordinates
[miner2] Red retriever 1 staying near explorer at 14 22
[miner2] I am at (14,21) which is near (14,22)
[miner3] I am at (2,8) which is near (2,7)
[miner3] I chose to go near 0 23 Coordinates
[miner2] Red retriever 1 staying near explorer at 14 22
[miner2] I am at (14,21) which is near (14,22)
[miner2] Red retriever 1 staying near explorer at 14 22
[miner9] I am at (0,24) which is near (0,23)
[miner9] I chose to go near 10 12 Coordinates
[miner6] I am at (8,26) which is near (7,25)
[miner2] I am at (14,21) which is near (14,22)
[miner6] I chose to go near 6 31 Coordinates
[miner2] Red retriever 1 staying near explorer at 14 22
[miner8] I am at (26,5) which is near (26,4)
[miner8] I chose to go near 22 26 Coordinates
[miner2] I am at (14,21) which is near (14,22)
[miner2] Red retriever 1 staying near explorer at 14 22
[miner2] I am at (14,21) which is near (14,22)
[miner2] Red retriever 1 staying near explorer at 14 22
[miner2] I am at (14,21) which is near (14,22)
[miner2] Red retriever 1 staying near explorer at 14 22
[miner2] I am at (14,21) which is near (14,22)
[miner2] Red retriever 1 staying near explorer at 14 22
[miner6] I am at (7,30) which is near (6,31)
[miner6] I chose to go near 1 16 Coordinates
[miner2] I am at (14,21) which is near (14,22)
[miner2] Red retriever 1 staying near explorer at 14 22
[miner2] I am at (14,21) which is near (14,22)
[miner5] I am at (0,9) which is near (0,8)
[miner5] I chose to go near 14 7 Coordinates
[miner2] Red retriever 1 staying near explorer at 14 22
[miner2] I am at (14,21) which is near (14,22)
[miner2] Red retriever 1 staying near explorer at 14 22
[miner9] I am at (10,13) which is near (10,12)
[miner2] I am at (14,21) which is near (14,22)
[miner9] I chose to go near 25 5 Coordinates
[miner2] Red retriever 1 staying near explorer at 14 22
[miner5] I am at (13,8) which is near (14,7)
[miner5] I chose to go near 10 32 Coordinates
[miner8] I am at (22,25) which is near (22,26)
[miner8] I chose to go near 15 24 Coordinates
[miner6] I am at (1,17) which is near (1,16)
[miner6] I chose to go near 7 21 Coordinates
[miner2] I am at (14,21) which is near (14,22)
[miner2] Red retriever 1 staying near explorer at 14 22
[miner8] I am at (16,25) which is near (15,24)
[miner8] I chose to go near 4 30 Coordinates
[miner2] I am at (14,21) which is near (14,22)
[miner6] I am at (7,20) which is near (7,21)
[miner6] I chose to go near 8 8 Coordinates
[miner2] Red retriever 1 staying near explorer at 14 22
[miner2] I am at (14,21) which is near (14,22)
[miner2] Red retriever 1 staying near explorer at 14 22
[miner2] I am at (14,21) which is near (14,22)
[miner7] I am at (29,20) which is near (29,19)
[miner7] I chose to go near 33 6 Coordinates
[miner9] I am at (25,6) which is near (25,5)
[miner9] I chose to go near 5 23 Coordinates
[miner6] I am at (8,9) which is near (8,8)
[miner6] I chose to go near 10 28 Coordinates
[miner2] Red retriever 1 staying near explorer at 14 22
[miner2] I am at (14,21) which is near (14,22)
[miner2] Red retriever 1 staying near explorer at 14 22
[miner5] I am at (1,32) and I can't get to' (10,32)
[miner5] I chose to go near 27 11 Coordinates
[miner2] I am at (14,21) which is near (14,22)
[miner1] I am at (13,28) and I can't get to' (15,28)
[miner1] I chose to go near 7 17 Coordinates
[miner2] Red retriever 1 staying near explorer at 14 22
[miner2] I am at (14,21) which is near (14,22)
[miner8] I am at (3,31) which is near (4,30)
[miner8] I chose to go near 31 23 Coordinates
[miner2] Red retriever 1 staying near explorer at 14 22
[miner2] I am at (14,21) which is near (14,22)
[miner4] I am at (1,6) which is near (0,7)
[miner2] Red retriever 1 staying near explorer at 14 22
[miner2] I am at (14,21) which is near (14,22)
[miner6] I am at (9,29) which is near (10,28)
[miner4] I am at (0,13) which is near (0,14)
[miner6] I chose to go near 32 8 Coordinates
[miner2] Red retriever 1 staying near explorer at 14 22
[miner7] I am at (33,7) which is near (33,6)
[miner7] I chose to go near 12 1 Coordinates
[miner2] I am at (14,21) which is near (14,22)
[miner2] Red retriever 1 staying near explorer at 14 22
[miner3] I am at (0,22) which is near (0,23)
[miner3] I chose to go near 25 4 Coordinates
[miner1] I am at (7,18) which is near (7,17)
[miner1] I chose to go near 0 2 Coordinates
[miner9] I am at (1,23) and I can't get to' (5,23)
[miner9] I chose to go near 2 13 Coordinates
[miner2] I am at (14,21) which is near (14,22)
[miner2] Red retriever 1 staying near explorer at 14 22
[miner5] I am at (27,12) which is near (27,11)
[miner2] I am at (14,21) which is near (14,22)
[miner5] I chose to go near 9 19 Coordinates
[miner9] I am at (2,14) which is near (2,13)
[miner9] I chose to go near 22 22 Coordinates
[miner2] Red retriever 1 staying near explorer at 14 22
[miner8] I am at (30,22) which is near (31,23)
[miner8] I chose to go near 24 2 Coordinates
[miner2] I am at (14,21) which is near (14,22)
[miner2] Red retriever 1 staying near explorer at 14 22
[miner2] I am at (14,21) which is near (14,22)
[miner2] Red retriever 1 staying near explorer at 14 22
[miner2] I am at (14,21) which is near (14,22)
[miner2] Red retriever 1 staying near explorer at 14 22
[miner9] I am at (22,21) which is near (22,22)
[miner5] I am at (9,18) which is near (9,19)
[miner2] I am at (14,21) which is near (14,22)
[miner9] I chose to go near 6 27 Coordinates
[miner5] I chose to go near 9 21 Coordinates
[miner7] I am at (13,2) which is near (12,1)
[miner7] I chose to go near 11 32 Coordinates
[miner5] I am at (9,20) which is near (9,21)
[miner2] Red retriever 1 staying near explorer at 14 22
[miner5] I chose to go near 24 11 Coordinates
[miner2] I am at (14,21) which is near (14,22)
[miner1] I am at (0,3) which is near (0,2)
[miner1] I chose to go near 5 12 Coordinates
[miner2] Red retriever 1 staying near explorer at 14 22
[miner2] I am at (14,21) which is near (14,22)
[miner8] I am at (24,3) which is near (24,2)
[miner8] I chose to go near 13 23 Coordinates
[miner6] I am at (32,9) which is near (32,8)
[miner2] Red retriever 1 staying near explorer at 14 22
[miner6] I chose to go near 17 0 Coordinates
[miner2] I am at (14,21) which is near (14,22)
[miner2] Red retriever 1 staying near explorer at 14 22
[miner2] I am at (14,21) which is near (14,22)
[miner2] Red retriever 1 staying near explorer at 14 22
[miner2] I am at (14,21) which is near (14,22)
[miner2] Red retriever 1 staying near explorer at 14 22
[miner2] I am at (14,21) which is near (14,22)
[miner2] Red retriever 1 staying near explorer at 14 22
[miner2] I am at (14,21) which is near (14,22)
[miner1] I am at (5,11) which is near (5,12)
[miner1] I chose to go near 31 9 Coordinates
[miner5] I am at (24,12) which is near (24,11)
[miner2] Red retriever 1 staying near explorer at 14 22
[miner5] I chose to go near 32 12 Coordinates
[miner6] I am at (17,1) which is near (17,0)
[miner6] I chose to go near 22 24 Coordinates
[miner2] I am at (14,21) which is near (14,22)
[miner2] Red retriever 1 staying near explorer at 14 22
[miner2] I am at (14,21) which is near (14,22)
[miner5] I am at (31,12) which is near (32,12)
[miner5] I chose to go near 14 11 Coordinates
[miner8] I am at (13,22) which is near (13,23)
[miner2] Red retriever 1 staying near explorer at 14 22
[miner8] I chose to go near 0 9 Coordinates
[miner2] I am at (14,21) which is near (14,22)
[miner2] Red retriever 1 staying near explorer at 14 22
[miner2] I am at (14,21) which is near (14,22)
[miner7] I am at (11,31) which is near (11,32)
[miner2] Red retriever 1 staying near explorer at 14 22
[miner7] I chose to go near 12 9 Coordinates
[miner2] I am at (14,21) which is near (14,22)
[miner6] I am at (22,23) which is near (22,24)
[miner6] I chose to go near 27 2 Coordinates
[miner9] I am at (5,28) which is near (6,27)
[miner5] I am at (15,12) which is near (14,11)
[miner9] I chose to go near 28 16 Coordinates
[miner5] I chose to go near 12 4 Coordinates
[miner2] Red retriever 1 staying near explorer at 14 22
[miner2] I am at (14,21) which is near (14,22)
[miner2] Red retriever 1 staying near explorer at 14 22
[miner2] I am at (14,21) which is near (14,22)
[miner5] I am at (12,5) which is near (12,4)
[miner8] I am at (0,10) which is near (0,9)
[miner5] I chose to go near 22 25 Coordinates
[miner8] I chose to go near 10 10 Coordinates
[miner2] Red retriever 1 staying near explorer at 14 22
[miner2] I am at (14,21) which is near (14,22)
[miner1] I am at (31,10) which is near (31,9)
[miner1] I chose to go near 0 19 Coordinates
[miner2] Red retriever 1 staying near explorer at 14 22
[miner2] I am at (14,21) which is near (14,22)
[miner8] I am at (9,10) which is near (10,10)
[miner8] I chose to go near 24 18 Coordinates
[miner3] I am at (25,5) which is near (25,4)
[miner2] Red retriever 1 staying near explorer at 14 22
[miner3] I chose to go near 11 3 Coordinates
[miner6] I am at (27,3) which is near (27,2)
[miner2] I am at (14,21) which is near (14,22)
[miner6] I chose to go near 31 12 Coordinates
[miner2] Red retriever 1 staying near explorer at 14 22
[miner2] I am at (14,21) which is near (14,22)
[miner2] Red retriever 1 staying near explorer at 14 22
[miner2] I am at (14,21) which is near (14,22)
[miner2] Red retriever 1 staying near explorer at 14 22
[miner2] I am at (14,21) which is near (14,22)
[miner2] Red retriever 1 staying near explorer at 14 22
[miner3] I am at (11,4) which is near (11,3)
[miner3] I chose to go near 20 31 Coordinates
[miner6] I am at (31,11) which is near (31,12)
[miner6] I chose to go near 20 10 Coordinates
[miner2] I am at (14,21) which is near (14,22)
[miner2] Red retriever 1 staying near explorer at 14 22
[miner5] I am at (22,24) which is near (22,25)
[miner5] I chose to go near 23 13 Coordinates
[miner2] I am at (14,21) which is near (14,22)
[miner7] I am at (12,10) which is near (12,9)
[miner8] I am at (24,17) which is near (24,18)
[miner7] I chose to go near 14 22 Coordinates
[miner8] I chose to go near 32 1 Coordinates
[miner6] I am at (21,11) which is near (20,10)
[miner6] I chose to go near 31 14 Coordinates
[miner2] Red retriever 1 staying near explorer at 14 22
[miner2] I am at (14,21) which is near (14,22)
[miner2] Red retriever 1 staying near explorer at 14 22
[miner5] I am at (23,14) which is near (23,13)
[miner5] I chose to go near 0 8 Coordinates
[miner2] I am at (14,21) which is near (14,22)
[miner6] I am at (31,13) which is near (31,14)
[miner6] I chose to go near 21 0 Coordinates
[miner2] Red retriever 1 staying near explorer at 14 22
[miner2] I am at (14,21) which is near (14,22)
[miner2] Red retriever 1 staying near explorer at 14 22
[miner8] I am at (32,2) which is near (32,1)
[miner8] I chose to go near 20 4 Coordinates
[miner2] I am at (14,21) which is near (14,22)
[miner3] I am at (20,30) which is near (20,31)
[miner2] Red retriever 1 staying near explorer at 14 22
[miner3] I chose to go near 33 24 Coordinates
[miner7] I am at (14,21) which is near (14,22)
[miner7] I chose to go near 18 14 Coordinates
[miner9] I am at (27,17) which is near (28,16)
[miner9] I chose to go near 1 25 Coordinates
[miner2] I am at (14,21) which is near (14,22)
[miner1] I am at (0,18) which is near (0,19)
[miner1] I chose to go near 16 0 Coordinates
[miner6] I am at (21,1) which is near (21,0)
[miner6] I chose to go near 12 17 Coordinates
[miner8] I am at (21,3) which is near (20,4)
[miner8] I chose to go near 20 22 Coordinates
[miner2] Red retriever 1 staying near explorer at 14 22
[miner2] I am at (14,21) which is near (14,22)
[miner5] I am at (0,9) which is near (0,8)
[miner5] I chose to go near 32 21 Coordinates
[miner2] Red retriever 1 staying near explorer at 14 22
[miner2] I am at (14,21) which is near (14,22)
[miner2] Red retriever 1 staying near explorer at 14 22
[miner3] I am at (33,25) which is near (33,24)
[miner3] I chose to go near 25 0 Coordinates
[miner4] I am at (34,13) which is near (34,14)
[miner8] I am at (20,21) which is near (20,22)
[miner7] I am at (18,15) which is near (18,14)
[miner8] I chose to go near 21 22 Coordinates
[miner7] I chose to go near 19 5 Coordinates
[miner8] I am at (20,21) which is near (21,22)
[miner8] I chose to go near 9 22 Coordinates
[miner2] I am at (14,21) which is near (14,22)
[miner2] Red retriever 1 staying near explorer at 14 22
[miner6] I am at (12,16) which is near (12,17)
[miner6] I chose to go near 31 22 Coordinates
[miner2] I am at (14,21) which is near (14,22)
[miner4] I am at (34,20) which is near (34,21)
[miner2] Red retriever 1 staying near explorer at 14 22
[miner8] I am at (10,21) which is near (9,22)
[miner8] I chose to go near 31 2 Coordinates
[miner2] I am at (14,21) which is near (14,22)
[miner9] I am at (1,24) which is near (1,25)
[miner9] I chose to go near 14 17 Coordinates
[miner2] Red retriever 1 staying near explorer at 14 22
[miner2] I am at (14,21) which is near (14,22)
[miner6] I am at (30,21) which is near (31,22)
[miner6] I chose to go near 2 28 Coordinates
[miner2] Red retriever 1 staying near explorer at 14 22
[miner5] I am at (31,20) which is near (32,21)
[miner5] I chose to go near 6 22 Coordinates
[miner3] I am at (25,1) which is near (25,0)
[miner3] I chose to go near 29 22 Coordinates
[miner7] I am at (19,6) which is near (19,5)
[miner7] I chose to go near 3 31 Coordinates
[miner2] I am at (14,21) which is near (14,22)
[miner2] Red retriever 1 staying near explorer at 14 22
[miner9] I am at (13,18) which is near (14,17)
[miner9] I chose to go near 14 25 Coordinates
[miner2] I am at (14,21) which is near (14,22)
[miner2] Red retriever 1 staying near explorer at 14 22
[miner2] I am at (14,21) which is near (14,22)
[miner9] I am at (14,24) which is near (14,25)
[miner2] Red retriever 1 staying near explorer at 14 22
[miner9] I chose to go near 28 13 Coordinates
[miner1] I am at (16,1) which is near (16,0)
[miner1] I chose to go near 23 32 Coordinates
[miner2] I am at (14,21) which is near (14,22)
[miner8] I am at (31,3) which is near (31,2)
[miner8] I chose to go near 31 29 Coordinates
[miner2] Red retriever 1 staying near explorer at 14 22
[miner5] I am at (7,21) which is near (6,22)
[miner5] I chose to go near 19 26 Coordinates
[miner4] I am at (1,21) which is near (0,21)
[miner3] I am at (29,21) which is near (29,22)
[miner2] I am at (14,21) which is near (14,22)
[miner3] I chose to go near 3 24 Coordinates
[miner6] I am at (1,27) which is near (2,28)
[miner2] Red retriever 1 staying near explorer at 14 22
[miner6] I chose to go near 11 11 Coordinates
[miner2] I am at (14,21) which is near (14,22)
[miner2] Red retriever 1 staying near explorer at 14 22
[miner4] I am at (0,27) which is near (0,28)
[miner2] I am at (14,21) which is near (14,22)
[miner2] Red retriever 1 staying near explorer at 14 22
[miner5] I am at (19,25) which is near (19,26)
[miner5] I chose to go near 11 31 Coordinates
[miner2] I am at (14,21) which is near (14,22)
[miner9] I am at (27,14) which is near (28,13)
[miner9] I chose to go near 27 11 Coordinates
[miner8] I am at (31,28) which is near (31,29)
[miner8] I chose to go near 19 21 Coordinates
[miner2] Red retriever 1 staying near explorer at 14 22
[miner9] I am at (27,12) which is near (27,11)
[miner9] I chose to go near 33 8 Coordinates
[miner2] I am at (14,21) which is near (14,22)
[miner2] Red retriever 1 staying near explorer at 14 22
[miner2] I am at (14,21) which is near (14,22)
[miner2] Red retriever 1 staying near explorer at 14 22
[miner2] I am at (14,21) which is near (14,22)
[miner2] Red retriever 1 staying near explorer at 14 22
[miner5] I am at (11,30) which is near (11,31)
[miner5] I chose to go near 22 2 Coordinates
[miner2] I am at (14,21) which is near (14,22)
[miner9] I am at (33,9) which is near (33,8)
[miner9] I chose to go near 3 14 Coordinates
[miner6] I am at (11,12) which is near (11,11)
[miner2] Red retriever 1 staying near explorer at 14 22
[miner6] I chose to go near 7 6 Coordinates
[miner2] I am at (14,21) which is near (14,22)
[miner8] I am at (19,22) which is near (19,21)
[miner2] Red retriever 1 staying near explorer at 14 22
[miner8] I chose to go near 22 2 Coordinates
[miner6] I am at (7,7) which is near (7,6)
[miner6] I chose to go near 14 9 Coordinates
[miner2] I am at (14,21) which is near (14,22)
[miner2] Red retriever 1 staying near explorer at 14 22
[miner6] I am at (13,8) which is near (14,9)
[miner2] I am at (14,21) which is near (14,22)
[miner6] I chose to go near 9 11 Coordinates
[miner2] Red retriever 1 staying near explorer at 14 22
[miner6] I am at (9,10) which is near (9,11)
[miner8] I am at (22,3) which is near (22,2)
[miner8] I chose to go near 1 9 Coordinates
[miner6] I chose to go near 18 15 Coordinates
[miner2] I am at (14,21) which is near (14,22)
[miner2] Red retriever 1 staying near explorer at 14 22
[miner9] I am at (2,13) which is near (3,14)
[miner9] I chose to go near 25 19 Coordinates
[miner2] I am at (14,21) which is near (14,22)
[miner1] I am at (23,31) which is near (23,32)
[miner3] I am at (4,24) which is near (3,24)
[miner1] I chose to go near 4 8 Coordinates
[miner3] I chose to go near 5 32 Coordinates
[miner5] I am at (22,3) which is near (22,2)
[miner5] I chose to go near 31 5 Coordinates
[miner2] Red retriever 1 staying near explorer at 14 22
[miner2] I am at (14,21) which is near (14,22)
[miner4] I am at (34,27) which is near (34,28)
[miner2] Red retriever 1 staying near explorer at 14 22
[miner2] I am at (14,21) which is near (14,22)
[miner5] I am at (31,4) which is near (31,5)
[miner2] Red retriever 1 staying near explorer at 14 22
[miner5] I chose to go near 16 29 Coordinates
[miner3] I am at (1,32) and I can't get to' (5,32)
[miner3] I chose to go near 13 6 Coordinates
[miner2] I am at (14,21) which is near (14,22)
[miner2] Red retriever 1 staying near explorer at 14 22
[miner8] I am at (1,8) which is near (1,9)
[miner8] I chose to go near 14 3 Coordinates
[miner2] I am at (14,21) which is near (14,22)
[miner9] I am at (25,18) which is near (25,19)
[miner9] I chose to go near 1 13 Coordinates
[miner2] Red retriever 1 staying near explorer at 14 22
[miner2] I am at (14,21) which is near (14,22)
[miner8] I am at (11,3) and I can't get to' (14,3)
[miner2] Red retriever 1 staying near explorer at 14 22
[miner8] I chose to go near 24 0 Coordinates
[miner2] I am at (14,21) which is near (14,22)
[miner2] Red retriever 1 staying near explorer at 14 22
[miner2] I am at (14,21) which is near (14,22)
[miner5] I am at (17,29) which is near (16,29)
[miner5] I chose to go near 26 24 Coordinates
[miner2] Red retriever 1 staying near explorer at 14 22
[miner8] I am at (24,1) which is near (24,0)
[miner8] I chose to go near 0 13 Coordinates
[miner2] I am at (14,21) which is near (14,22)
[miner2] Red retriever 1 staying near explorer at 14 22
[miner3] I am at (13,7) which is near (13,6)
[miner3] I chose to go near 24 19 Coordinates
[miner2] I am at (14,21) which is near (14,22)
[miner2] Red retriever 1 staying near explorer at 14 22
[miner2] I am at (14,21) which is near (14,22)
[miner2] Red retriever 1 staying near explorer at 14 22
[miner5] I am at (26,25) which is near (26,24)
[miner7] I am at (2,30) which is near (3,31)
[miner7] I chose to go near 31 4 Coordinates
[miner5] I chose to go near 11 17 Coordinates
[miner2] I am at (14,21) which is near (14,22)
[miner2] Red retriever 1 staying near explorer at 14 22
[miner2] I am at (14,21) which is near (14,22)
[miner2] Red retriever 1 staying near explorer at 14 22
[miner6] I am at (17,14) which is near (18,15)
[miner4] I am at (0,1) which is near (0,0)
[miner6] I chose to go near 11 16 Coordinates
[miner1] I am at (4,9) which is near (4,8)
[miner2] I am at (14,21) which is near (14,22)
[miner1] I chose to go near 23 0 Coordinates
[miner3] I am at (24,18) which is near (24,19)
[miner3] I chose to go near 8 33 Coordinates
[miner2] Red retriever 1 staying near explorer at 14 22
[miner8] I am at (0,12) which is near (0,13)
[miner8] I chose to go near 31 3 Coordinates
[miner6] I am at (12,15) which is near (11,16)
[miner2] I am at (14,21) which is near (14,22)
[miner6] I chose to go near 15 26 Coordinates
[miner2] Red retriever 1 staying near explorer at 14 22
[miner5] I am at (11,18) which is near (11,17)
[miner5] I chose to go near 2 28 Coordinates
[miner2] I am at (14,21) which is near (14,22)
[miner2] Red retriever 1 staying near explorer at 14 22
[miner2] I am at (14,21) which is near (14,22)
[miner2] Red retriever 1 staying near explorer at 14 22
[miner2] I am at (14,21) which is near (14,22)
[miner6] I am at (15,25) which is near (15,26)
[miner6] I chose to go near 16 32 Coordinates
[miner2] Red retriever 1 staying near explorer at 14 22
[miner2] I am at (14,21) which is near (14,22)
[miner2] Red retriever 1 staying near explorer at 14 22
[miner2] I am at (14,21) which is near (14,22)
[miner2] Red retriever 1 staying near explorer at 14 22
[miner6] I am at (16,31) which is near (16,32)
[miner6] I chose to go near 6 18 Coordinates
[miner5] I am at (1,27) which is near (2,28)
[miner2] I am at (14,21) which is near (14,22)
[miner5] I chose to go near 33 18 Coordinates
[miner3] I am at (9,33) which is near (8,33)
[miner3] I chose to go near 3 20 Coordinates
[miner2] Red retriever 1 staying near explorer at 14 22
[miner2] I am at (14,21) which is near (14,22)
[miner4] I am at (33,1) which is near (34,0)
[miner2] Red retriever 1 staying near explorer at 14 22
[miner2] I am at (14,21) which is near (14,22)
[miner2] Red retriever 1 staying near explorer at 14 22
[miner8] I am at (31,4) which is near (31,3)
[miner8] I chose to go near 7 27 Coordinates
[miner4] I am at (34,6) which is near (34,7)
[miner1] I am at (23,1) which is near (23,0)
[miner2] I am at (14,21) which is near (14,22)
[miner1] I chose to go near 10 30 Coordinates
[miner2] Red retriever 1 staying near explorer at 14 22
[miner9] I am at (1,14) which is near (1,13)
[miner9] I chose to go near 31 28 Coordinates
[miner2] I am at (14,21) which is near (14,22)
[miner6] I am at (6,19) which is near (6,18)
[miner6] I chose to go near 2 26 Coordinates
[miner2] Red retriever 1 staying near explorer at 14 22
[miner3] I am at (2,21) which is near (3,20)
[miner3] I chose to go near 28 4 Coordinates
[miner2] I am at (14,21) which is near (14,22)
[miner2] Red retriever 1 staying near explorer at 14 22
[miner2] I am at (14,21) which is near (14,22)
[miner6] I am at (1,25) which is near (2,26)
[miner2] Red retriever 1 staying near explorer at 14 22
[miner6] I chose to go near 30 8 Coordinates
[miner5] I am at (33,19) which is near (33,18)
[miner5] I chose to go near 12 16 Coordinates
[miner2] I am at (14,21) which is near (14,22)
[miner2] Red retriever 1 staying near explorer at 14 22
[leader] Time is over!
[leader] Time is over!
[miner7] Stopping: time is over.
[miner3] Stopping: time is over.
[miner1] Stopping: time is over.
[miner2] Stopping: time is over.
[miner8] Stopping: time is over.
[miner6] Stopping: time is over.
[miner9] Stopping: time is over.
[miner4] Stopping: time is over.
[miner5] Stopping: time is over.
[leader] Final score -> red: 12, blue: 17, green: 39
[leader] Winner: green team with 39 points.
