[Moise] OrgBoard mining_org created.
[Moise] scheme created: mining: mine_resources using artifact SchemeBoard
[Moise] group created: red: mining_team using artifact ora4mas.nopl.GroupBoard
[Moise] group created: blue: mining_team using artifact ora4mas.nopl.GroupBoard
[Moise] group created: green: mining_team using artifact ora4mas.nopl.GroupBoard
[Cartago] Workspace mining created.
[Cartago] artifact m1view: mining.MiningPlanetB(6,0) at mining created.
[Cartago] artifact m9view: mining.MiningPlanetB(6,8) at mining created.
[Cartago] artifact clock: mining.ClockArtifact(10) at mining created.
[Cartago] artifact m3view: mining.MiningPlanetB(6,2) at mining created.
[Cartago] artifact lantern: mining.LanternArtifact(2) at mining created.
[Cartago] artifact m5view: mining.MiningPlanetB(6,4) at mining created.
[Cartago] artifact radio: mining.RadioArtifactA(25) at mining created.
[Cartago] artifact m7view: mining.MiningPlanetB(6,6) at mining created.
[Cartago] artifact m2view: mining.MiningPlanetB(6,1) at mining created.
[Cartago] artifact backpack: mining.BackpackArtifact(3) at mining created.
[Cartago] artifact m4view: mining.MiningPlanetB(6,3) at mining created.
[Cartago] artifact m8view: mining.MiningPlanetB(6,7) at mining created.
[Cartago] artifact m6view: mining.MiningPlanetB(6,5) at mining created.
[miner8] join workspace /main/mining: done
[miner4] join workspace /main/mining: done
[miner8] join workspace /main/mining_org: done
[miner4] join workspace /main/mining_org: done
[miner2] join workspace /main/mining: done
[miner8] focusing on artifact m8view (at workspace /main/mining) using namespace default
[miner1] join workspace /main/mining: done
[miner9] join workspace /main/mining: done
[miner2] join workspace /main/mining_org: done
[miner1] join workspace /main/mining_org: done
[leader] join workspace /main/mining: done
[miner1] focusing on artifact m1view (at workspace /main/mining) using namespace default
[miner4] focusing on artifact m4view (at workspace /main/mining) using namespace default
[miner2] focusing on artifact m2view (at workspace /main/mining) using namespace default
[miner3] join workspace /main/mining: done
[miner6] join workspace /main/mining: done
[miner9] join workspace /main/mining_org: done
[miner7] join workspace /main/mining: done
[miner8] focus on m8view: done
[miner9] focusing on artifact m9view (at workspace /main/mining) using namespace default
[miner8] focusing on artifact radio (at workspace /main/mining) using namespace default
[leader] focusing on artifact clock (at workspace /main/mining) using namespace default
[miner9] focus on m9view: done
[miner7] join workspace /main/mining_org: done
[miner9] focusing on artifact radio (at workspace /main/mining) using namespace default
[miner7] focusing on artifact m7view (at workspace /main/mining) using namespace default
[miner2] focus on m2view: done
[miner3] join workspace /main/mining_org: done
[miner6] join workspace /main/mining_org: done
[miner4] focus on m4view: done
[miner2] focusing on artifact radio (at workspace /main/mining) using namespace default
[miner1] focus on m1view: done
[leader] focus on clock: done
[miner9] focus on radio: done
[miner6] focusing on artifact m6view (at workspace /main/mining) using namespace default
[miner4] focusing on artifact radio (at workspace /main/mining) using namespace default
[miner3] focusing on artifact m3view (at workspace /main/mining) using namespace default
[miner8] focus on radio: done
[miner3] focus on m3view: done
[miner6] focus on m6view: done
[miner2] focus on radio: done
[miner4] focus on radio: done
[leader] Time left: 10 seconds
[miner7] focus on m7view: done
[miner9] focusing on artifact backpack (at workspace /main/mining) using namespace default
[miner1] focusing on artifact radio (at workspace /main/mining) using namespace default
[miner2] focusing on artifact backpack (at workspace /main/mining) using namespace default
[miner4] focusing on artifact lantern (at workspace /main/mining) using namespace default
[miner6] focusing on artifact radio (at workspace /main/mining) using namespace default
[miner3] focusing on artifact radio (at workspace /main/mining) using namespace default
[miner8] focusing on artifact backpack (at workspace /main/mining) using namespace default
[miner9] focus on backpack: done
[miner2] focus on backpack: done
[miner8] focus on backpack: done
[miner7] focusing on artifact radio (at workspace /main/mining) using namespace default
[miner6] focus on radio: done
[miner8] focusing on artifact green (at workspace /main/mining_org) using namespace default
[miner2] focusing on artifact red (at workspace /main/mining_org) using namespace default
[miner6] focusing on artifact backpack (at workspace /main/mining) using namespace default
[miner3] focus on radio: done
[miner9] focusing on artifact green (at workspace /main/mining_org) using namespace default
[miner1] focus on radio: done
[miner4] focus on lantern: done
[miner7] focus on radio: done
[miner1] focusing on artifact lantern (at workspace /main/mining) using namespace default
[miner7] focusing on artifact lantern (at workspace /main/mining) using namespace default
[miner3] focusing on artifact backpack (at workspace /main/mining) using namespace default
[miner6] focus on backpack: done
[miner4] focusing on artifact blue (at workspace /main/mining_org) using namespace default
[miner1] focus on lantern: done
[miner2] focus on red: done
[miner7] focus on lantern: done
[miner3] focus on backpack: done
[miner1] focusing on artifact red (at workspace /main/mining_org) using namespace default
[miner2] focusing on artifact mining_org (at workspace /main/mining_org) using namespace default
[miner9] focus on green: done
[miner8] focus on green: done
[miner1] focus on red: done
[miner8] focusing on artifact mining_org (at workspace /main/mining_org) using namespace default
[miner6] focusing on artifact blue (at workspace /main/mining_org) using namespace default
[miner9] focusing on artifact mining_org (at workspace /main/mining_org) using namespace default
[miner2] focus on mining_org: done
[miner4] focus on blue: done
[miner3] focusing on artifact red (at workspace /main/mining_org) using namespace default
[miner7] focusing on artifact green (at workspace /main/mining_org) using namespace default
[miner2] I chose to go near 32 30 Coordinates
[miner4] focusing on artifact mining_org (at workspace /main/mining_org) using namespace default
[miner1] focusing on artifact mining_org (at workspace /main/mining_org) using namespace default
[miner3] focus on red: done
[miner8] focus on mining_org: done
[miner3] focusing on artifact mining_org (at workspace /main/mining_org) using namespace default
[miner7] focus on green: done
[miner7] focusing on artifact mining_org (at workspace /main/mining_org) using namespace default
[miner6] focus on blue: done
[miner8] I chose to go near 30 23 Coordinates
[miner6] focusing on artifact mining_org (at workspace /main/mining_org) using namespace default
[miner7] focus on mining_org: done
[miner6] focus on mining_org: done
[miner3] focus on mining_org: done
[miner7] I chose to go near 18 12 Coordinates
[miner3] I chose to go near 21 4 Coordinates
[miner6] I chose to go near 31 16 Coordinates
[miner1] focus on mining_org: done
[miner1] I chose to go near 0 13 Coordinates
[miner2] Leader says time left is 10 seconds
[miner2] Backpack acquired. Capacity: 3
[miner5] join workspace /main/mining: done
[miner3] Leader says time left is 10 seconds
[miner3] Backpack acquired. Capacity: 3
[miner6] Leader says time left is 10 seconds
[miner5] join workspace /main/mining_org: done
[miner1] Leader says time left is 10 seconds
[miner1] Lantern acquired. Vision radius: 2
[miner6] Backpack acquired. Capacity: 3
[miner5] focusing on artifact m5view (at workspace /main/mining) using namespace default
[miner1] Moise role perceived: explorer in red
[miner2] Moise role perceived: retriever1 in red
[miner6] Moise role perceived: retriever2 in blue
[miner5] focus on m5view: done
[miner5] focusing on artifact radio (at workspace /main/mining) using namespace default
[miner5] focus on radio: done
[miner5] focusing on artifact backpack (at workspace /main/mining) using namespace default
[miner5] focus on backpack: done
[miner5] focusing on artifact blue (at workspace /main/mining_org) using namespace default
[miner5] focus on blue: done
[miner5] focusing on artifact mining_org (at workspace /main/mining_org) using namespace default
[miner5] focus on mining_org: done
[miner5] I chose to go near 13 6 Coordinates
[miner4] focus on mining_org: done
[miner4] I chose to go near 15 12 Coordinates
[miner5] Leader says time left is 10 seconds
[miner5] Backpack acquired. Capacity: 3
[miner4] Leader says time left is 10 seconds
[miner5] Moise role perceived: retriever1 in blue
[miner4] Lantern acquired. Vision radius: 2
[miner4] Moise role perceived: explorer in blue
[miner9] focus on mining_org: done
[miner9] I chose to go near 25 1 Coordinates
[miner9] Leader says time left is 10 seconds
[miner9] Backpack acquired. Capacity: 3
[miner8] Leader says time left is 10 seconds
[miner8] Backpack acquired. Capacity: 3
[miner9] Moise role perceived: retriever2 in green
[miner3] Moise role perceived: retriever2 in red
[miner8] Moise role perceived: retriever1 in green
[miner7] Lantern acquired. Vision radius: 2
[miner7] Leader says time left is 10 seconds
[miner7] Moise role perceived: explorer in green
[miner4] Scout report: ore(gold,19,2,3)
[miner5] Ore perceived: ore(gold,19,2,3)
[miner6] Ore perceived: ore(gold,19,2,3)
[miner6] Dropping near(_,_) desires and intentions to handle ore(gold,19,2,3)
[miner5] Dropping near(_,_) desires and intentions to handle ore(gold,19,2,3)
[miner5] Going for ore(gold,19,2,3)
[miner6] Going for ore(gold,19,2,3)
[miner5] Radio received from miner 4: ore(gold,19,2,3)
[miner6] Radio received from miner 4: ore(gold,19,2,3)
[miner5] Handling ore(gold,19,2,3) now.
[miner6] Handling ore(gold,19,2,3) now.
[miner9] Ore perceived: ore(diamond,9,27,4)
[miner8] Ore perceived: ore(diamond,9,27,4)
[miner9] Dropping near(_,_) desires and intentions to handle ore(diamond,9,27,4)
[miner8] Dropping near(_,_) desires and intentions to handle ore(diamond,9,27,4)
[miner9] Going for ore(diamond,9,27,4)
[miner8] Going for ore(diamond,9,27,4)
[miner8] Handling ore(diamond,9,27,4) now.
[miner9] Handling ore(diamond,9,27,4) now.
[miner9] I've reached 9x27
[miner9] Stored ore(diamond,9,27,4) in backpack.
[miner9] No known ore left, returning to depot with 1 ores.
[leader] Time left: 9 seconds
[miner2] Leader says time left is 9 seconds
[miner8] Leader says time left is 9 seconds
[miner4] Leader says time left is 9 seconds
[miner7] Leader says time left is 9 seconds
[miner6] Leader says time left is 9 seconds
[miner9] Leader says time left is 9 seconds
[miner3] Leader says time left is 9 seconds
[miner1] Leader says time left is 9 seconds
[miner5] Leader says time left is 9 seconds
[miner8] I've reached 9x27
[miner5] I've reached 19x2
[miner7] Green explorer ignored low value ore: ore(coal,1,30,1)
[WorldModelB] Agent 8 is trying the pick ore, but there is no ore at 9x27!
[miner8] failed to catch ore ore(diamond,9,27,4)
[miner8] I chose to go near 2 15 Coordinates
[miner5] Stored ore(gold,19,2,3) in backpack.
[miner5] Blue retriever 1 keeps searching until backpack is full: 1/3
[miner5] I chose to go near 19 17 Coordinates
[miner6] I've reached 19x2
[leader] Time left: 8 seconds
[miner1] Leader says time left is 8 seconds
[miner3] Leader says time left is 8 seconds
[miner6] Leader says time left is 8 seconds
[miner5] Leader says time left is 8 seconds
[miner4] Leader says time left is 8 seconds
[miner2] Leader says time left is 8 seconds
[miner7] Leader says time left is 8 seconds
[miner9] Leader says time left is 8 seconds
[miner8] Leader says time left is 8 seconds
[miner7] Green explorer ignored low value ore: ore(iron,2,22,2)
[WorldModelB] Agent 6 is trying the pick ore, but there is no ore at 19x2!
[miner6] failed to catch ore ore(gold,19,2,3)
[miner6] I chose to go near 10 13 Coordinates
[miner1] Scout report: ore(coal,2,12,1)
[miner2] Ore perceived: ore(coal,2,12,1)
[miner2] Dropping near(_,_) desires and intentions to handle ore(coal,2,12,1)
[miner2] Going for ore(coal,2,12,1)
[miner2] Radio received from miner 1: ore(coal,2,12,1)
[miner2] Handling ore(coal,2,12,1) now.
[miner6] Ore perceived: ore(gold,17,10,3)
[miner4] Scout report: ore(gold,17,10,3)
[miner5] Ore perceived: ore(gold,17,10,3)
[miner6] Dropping near(_,_) desires and intentions to handle ore(gold,17,10,3)
[miner6] Going for ore(gold,17,10,3)
[miner5] Dropping near(_,_) desires and intentions to handle ore(gold,17,10,3)
[miner6] Radio received from miner 4: ore(gold,17,10,3)
[miner6] Handling ore(gold,17,10,3) now.
[miner5] Going for ore(gold,17,10,3)
[miner5] Radio received from miner 4: ore(gold,17,10,3)
[miner5] Handling ore(gold,17,10,3) now.
[miner1] I am at (0,12) which is near (0,13)
[miner1] I chose to go near 7 24 Coordinates
[miner9] Giving up current ore ore(diamond,9,27,4) to handle ore(coal,1,30,1) which I am seeing!
[miner9] Going for ore(coal,1,30,1)
[miner9] Handling ore(coal,1,30,1) now.
[leader] Time left: 7 seconds
[miner9] Leader says time left is 7 seconds
[miner2] Leader says time left is 7 seconds
[miner7] Leader says time left is 7 seconds
[miner6] Leader says time left is 7 seconds
[miner4] Leader says time left is 7 seconds
[miner5] Leader says time left is 7 seconds
[miner3] Leader says time left is 7 seconds
[miner8] Leader says time left is 7 seconds
[miner1] Leader says time left is 7 seconds
[miner9] I've reached 1x30
[miner9] Stored ore(coal,1,30,1) in backpack.
[miner9] No known ore left, returning to depot with 2 ores.
[miner4] Scout report: ore(iron,15,12,2)
[miner5] Radio received from miner 4: ore(iron,15,12,2)
[miner6] Radio received from miner 4: ore(iron,15,12,2)
[miner4] I am at (15,11) which is near (15,12)
[leader] Time left: 6 seconds
[miner9] Leader says time left is 6 seconds
[miner7] Leader says time left is 6 seconds
[miner8] Leader says time left is 6 seconds
[miner3] Leader says time left is 6 seconds
[miner1] Leader says time left is 6 seconds
[miner4] Leader says time left is 6 seconds
[miner2] Leader says time left is 6 seconds
[miner6] Leader says time left is 6 seconds
[miner5] Leader says time left is 6 seconds
[miner5] I've reached 17x10
[miner3] I am at (21,3) which is near (21,4)
[miner3] I chose to go near 33 29 Coordinates
[miner1] Scout report: ore(iron,2,22,2)
[miner2] Radio received from miner 1: ore(iron,2,22,2)
[miner4] Scout report: ore(iron,11,11,2)
[miner5] Radio received from miner 4: ore(iron,11,11,2)
[miner6] Radio received from miner 4: ore(iron,11,11,2)
[miner5] Stored ore(gold,17,10,3) in backpack.
[miner5] Ore distances: [d(7,ore(iron,11,11,2)),d(4,ore(iron,15,12,2))]2
[miner5] Next ore is ore(iron,15,12,2)
[miner5] Handling ore(iron,15,12,2) now.
[miner3] Ore perceived: ore(iron,23,3,2)
[miner3] Dropping near(_,_) desires and intentions to handle ore(iron,23,3,2)
[miner3] Going for ore(iron,23,3,2)
[miner3] Handling ore(iron,23,3,2) now.
[miner4] Scout report: ore(coal,10,10,1)
[miner5] Radio received from miner 4: ore(coal,10,10,1)
[miner6] Radio received from miner 4: ore(coal,10,10,1)
[miner9] Giving up current ore ore(coal,1,30,1) to handle ore(iron,2,22,2) which I am seeing!
[miner9] Going for ore(iron,2,22,2)
[miner9] Handling ore(iron,2,22,2) now.
[miner3] I've reached 23x3
[miner3] Stored ore(iron,23,3,2) in backpack.
[miner3] No known ore left, returning to depot with 1 ores.
[leader] Time left: 5 seconds
[miner9] Leader says time left is 5 seconds
[miner2] Leader says time left is 5 seconds
[miner5] Leader says time left is 5 seconds
[miner6] Leader says time left is 5 seconds
[miner3] Leader says time left is 5 seconds
[miner4] Leader says time left is 5 seconds
[miner8] Leader says time left is 5 seconds
[miner1] Leader says time left is 5 seconds
[miner7] Leader says time left is 5 seconds
[miner9] I've reached 2x22
[miner6] I've reached 17x10
[miner5] I've reached 15x12
[miner9] Stored ore(iron,2,22,2) in backpack.
[miner9] Backpack is full: 3/3
[miner4] Scout report: ore(coal,6,9,1)
[miner6] Radio received from miner 4: ore(coal,6,9,1)
[miner5] Radio received from miner 4: ore(coal,6,9,1)
[WorldModelB] Agent 6 is trying the pick ore, but there is no ore at 17x10!
[miner6] failed to catch ore ore(gold,17,10,3)
[miner6] Ore distances: [d(12,ore(coal,6,9,1)),d(7,ore(coal,10,10,1)),d(7,ore(iron,11,11,2)),d(4,ore(iron,15,12,2))]4
[miner6] Next ore is ore(iron,15,12,2)
[miner6] Handling ore(iron,15,12,2) now.
[miner5] Stored ore(iron,15,12,2) in backpack.
[miner5] Backpack is full: 3/3
[miner2] Giving up current ore ore(coal,2,12,1) to handle ore(coal,3,5,1) which I am seeing!
[miner2] Going for ore(coal,3,5,1)
[miner2] Handling ore(coal,3,5,1) now.
[miner2] I've reached 3x5
[leader] Time left: 4 seconds
[miner9] Leader says time left is 4 seconds
[miner8] Leader says time left is 4 seconds
[miner7] Leader says time left is 4 seconds
[miner2] Leader says time left is 4 seconds
[miner1] Leader says time left is 4 seconds
[miner5] Leader says time left is 4 seconds
[miner6] Leader says time left is 4 seconds
[miner3] Leader says time left is 4 seconds
[miner4] Leader says time left is 4 seconds
[miner2] Stored ore(coal,3,5,1) in backpack.
[miner2] Ore distances: [d(18,ore(iron,2,22,2)),d(8,ore(coal,2,12,1))]2
[miner2] Next ore is ore(coal,2,12,1)
[miner2] Handling ore(coal,2,12,1) now.
[miner6] I've reached 15x12
[miner4] Scout report: ore(coal,6,6,1)
[miner6] Radio received from miner 4: ore(coal,6,6,1)
[miner5] Radio received from miner 4: ore(coal,6,6,1)
[WorldModelB] Agent 6 is trying the pick ore, but there is no ore at 15x12!
[miner6] failed to catch ore ore(iron,15,12,2)
[miner6] Ore distances: [d(15,ore(coal,6,6,1)),d(12,ore(coal,6,9,1)),d(7,ore(coal,10,10,1)),d(5,ore(iron,11,11,2))]4
[miner6] Next ore is ore(iron,11,11,2)
[miner6] Handling ore(iron,11,11,2) now.
[miner8] I am at (2,16) which is near (2,15)
[miner8] I chose to go near 18 0 Coordinates
[miner5] I've reached 16x16
[miner8] Ore perceived: ore(diamond,5,17,4)
[miner8] Dropping near(_,_) desires and intentions to handle ore(diamond,5,17,4)
[miner8] Going for ore(diamond,5,17,4)
[miner8] Handling ore(diamond,5,17,4) now.
[leader] Time left: 3 seconds
[miner8] Leader says time left is 3 seconds
[miner7] Leader says time left is 3 seconds
[miner2] Leader says time left is 3 seconds
[miner3] Leader says time left is 3 seconds
[miner9] Leader says time left is 3 seconds
[miner5] Leader says time left is 3 seconds
[miner4] Leader says time left is 3 seconds
[miner6] Leader says time left is 3 seconds
[miner1] Leader says time left is 3 seconds
[miner4] Scout report: ore(coal,5,4,1)
[miner6] Radio received from miner 4: ore(coal,5,4,1)
[miner5] Radio received from miner 4: ore(coal,5,4,1)
[WorldModelB] Agent 5 carried 3 ores to depot, worth 8 points!
[miner5] Dropped backpack with 3 ores, worth 8 points.
[leader] Team blue is now leading with 8 points.
[miner5] Ore distances: [d(23,ore(coal,5,4,1)),d(20,ore(coal,6,6,1)),d(17,ore(coal,6,9,1)),d(12,ore(coal,10,10,1)),d(10,ore(iron,11,11,2))]5
[miner5] Next ore is ore(iron,11,11,2)
[miner5] Handling ore(iron,11,11,2) now.
[miner8] I've reached 5x17
[miner6] I've reached 11x11
[miner8] Stored ore(diamond,5,17,4) in backpack.
[miner8] No known ore left, returning to depot with 1 ores.
[miner6] Stored ore(iron,11,11,2) in backpack.
[miner6] Blue retriever 2 returns after one ore.
[miner8] Radio received from miner 7: ore(gold,5,21,3)
[miner7] Green scout report: valuable ore(gold,5,21,3)
[miner2] I've reached 2x12
[leader] Time left: 2 seconds
[miner9] Leader says time left is 2 seconds
[miner2] Leader says time left is 2 seconds
[miner5] Leader says time left is 2 seconds
[miner4] Leader says time left is 2 seconds
[miner8] Leader says time left is 2 seconds
[miner7] Leader says time left is 2 seconds
[miner2] Stored ore(coal,2,12,1) in backpack.
[miner3] Leader says time left is 2 seconds
[miner6] Leader says time left is 2 seconds
[miner2] Ore distances: [d(10,ore(iron,2,22,2))]1
[miner1] Leader says time left is 2 seconds
[miner2] Next ore is ore(iron,2,22,2)
[miner2] Handling ore(iron,2,22,2) now.
[miner4] I am at (0,1) which is near (0,0)
[miner7] Green explorer ignored low value ore: ore(coal,11,24,1)
[leader] Time left: 1 seconds
[miner9] Leader says time left is 1 seconds
[miner8] Leader says time left is 1 seconds
[miner3] Leader says time left is 1 seconds
[miner6] Leader says time left is 1 seconds
[miner4] Leader says time left is 1 seconds
[miner7] Leader says time left is 1 seconds
[miner1] Leader says time left is 1 seconds
[miner2] Leader says time left is 1 seconds
[miner5] Leader says time left is 1 seconds
[miner3] I've reached 16x16
[miner1] I am at (8,25) which is near (7,24)
[miner1] I chose to go near 25 1 Coordinates
[miner5] I've reached 11x11
[WorldModelB] Agent 3 carried 1 ores to depot, worth 2 points!
[miner3] Dropped backpack with 1 ores, worth 2 points.
[leader] Team red scored 2 points; total is 2
[miner3] I chose to go near 9 13 Coordinates
[WorldModelB] Agent 5 is trying the pick ore, but there is no ore at 11x11!
[miner5] failed to catch ore ore(iron,11,11,2)
[miner5] Ore distances: [d(13,ore(coal,5,4,1)),d(10,ore(coal,6,6,1)),d(7,ore(coal,6,9,1)),d(2,ore(coal,10,10,1))]4
[miner5] Next ore is ore(coal,10,10,1)
[miner5] Handling ore(coal,10,10,1) now.
[miner9] I've reached 16x16
[WorldModelB] Agent 9 carried 3 ores to depot, worth 7 points!
[miner9] Dropped backpack with 3 ores, worth 7 points.
[leader] Team green scored 7 points; total is 7
[miner9] Ore distances: [d(5,ore(iron,15,20,2)),d(16,ore(gold,5,21,3))]2
[miner9] Next ore is ore(iron,15,20,2)
[miner9] Handling ore(iron,15,20,2) now.
[miner6] I've reached 16x16
[miner5] I've reached 10x10
[miner7] Green explorer ignored low value ore: ore(iron,15,20,2)
[WorldModelB] Agent 6 carried 1 ores to depot, worth 2 points!
[miner6] Dropped backpack with 1 ores, worth 2 points.
[leader] Team blue is now leading with 10 points.
[miner6] Ore distances: [d(23,ore(coal,5,4,1)),d(20,ore(coal,6,6,1)),d(17,ore(coal,6,9,1)),d(12,ore(coal,10,10,1))]4
[miner6] Next ore is ore(coal,10,10,1)
[miner6] Handling ore(coal,10,10,1) now.
[miner5] Stored ore(coal,10,10,1) in backpack.
[miner5] Ore distances: [d(11,ore(coal,5,4,1)),d(8,ore(coal,6,6,1)),d(5,ore(coal,6,9,1))]3
[miner5] Next ore is ore(coal,6,9,1)
[miner5] Handling ore(coal,6,9,1) now.
[leader] Time is over!
[leader] Time is over!
[leader] Final score -> red: 2, blue: 10, green: 7
[leader] Winner: blue team with 10 points.
[miner8] Stopping: time is over.
[miner6] Stopping: time is over.
[miner3] Stopping: time is over.
[miner9] Stopping: time is over.
[miner1] Stopping: time is over.
[miner5] Stopping: time is over.
[miner4] Stopping: time is over.
[miner7] Stopping: time is over.
[miner2] Stopping: time is over.
